[2026-08-27 14:27:11] [Logger] LOG_EXPIRY_DAYS is not configured or invalid (value: undefined). Retaining all logs.
[2026-08-27 14:27:11] [Logger] Automated log cleanup scheduler started (runs every 24 hours).
[2026-08-27 14:27:11] [Server] Server started and listening on port 5000
[2026-08-27 14:27:11] [Database] MongoDB Connected successfully: 76.13.244.61
[2026-08-27 14:27:51] [Logger] Running log cleanup check. Retention limit: 30 days.
[2026-08-27 14:27:51] [Logger] Cleanup completed. No expired log files found.
[2026-08-27 14:27:51] [Logger] Automated log cleanup scheduler started (runs every 24 hours).
[2026-08-27 14:27:51] [Server] Server started and listening on port 5000
[2026-08-27 14:27:51] [Database] MongoDB Connected successfully: 76.13.244.61
[2026-08-27 14:30:32] [Logger] Running log cleanup check. Retention limit: 30 days.
[2026-08-27 14:30:32] [Logger] Cleanup completed. No expired log files found.
[2026-08-27 14:30:32] [Logger] Automated log cleanup scheduler started (runs every 24 hours).
[2026-08-27 14:30:32] [Server] Server started and listening on port 5000
[2026-08-27 14:30:32] [Database] MongoDB Connected successfully: 76.13.244.61
[2026-08-27 14:31:17] [Logger] Running log cleanup check. Retention limit: 30 days.
[2026-08-27 14:31:17] [Logger] Cleanup completed. No expired log files found.
[2026-08-27 14:31:17] [Logger] Automated log cleanup scheduler started (runs every 24 hours).
[2026-08-27 14:31:17] [Server] Server started and listening on port 5000
[2026-08-27 14:31:17] [Database] MongoDB Connected successfully: 76.13.244.61
[2026-08-27 14:43:19] [Logger] Running log cleanup check. Retention limit: 30 days.
[2026-08-27 14:43:19] [Logger] Cleanup completed. No expired log files found.
[2026-08-27 14:43:19] [Logger] Automated log cleanup scheduler started (runs every 24 hours).
[2026-08-27 14:43:19] [Server] Server started and listening on port 5000
[2026-08-27 14:43:19] [Database] MongoDB Connected successfully: 76.13.244.61
[2026-08-27 14:43:29] [Logger] Running log cleanup check. Retention limit: 30 days.
[2026-08-27 14:43:29] [Logger] Cleanup completed. No expired log files found.
[2026-08-27 14:43:29] [Logger] Automated log cleanup scheduler started (runs every 24 hours).
[2026-08-27 14:43:29] [Server] Server started and listening on port 5000
[2026-08-27 14:43:29] [Database] MongoDB Connected successfully: 76.13.244.61
[2026-08-27 14:43:32] [Logger] Running log cleanup check. Retention limit: 30 days.
[2026-08-27 14:43:32] [Logger] Cleanup completed. No expired log files found.
[2026-08-27 14:43:32] [Logger] Automated log cleanup scheduler started (runs every 24 hours).
[2026-08-27 14:43:32] [Server] Server started and listening on port 5000
[2026-08-27 14:43:32] [Database] MongoDB Connected successfully: 76.13.244.61
[2026-08-27 14:44:56] [Logger] Running log cleanup check. Retention limit: 30 days.
[2026-08-27 14:44:56] [Logger] Cleanup completed. No expired log files found.
[2026-08-27 14:44:56] [Logger] Automated log cleanup scheduler started (runs every 24 hours).
[2026-08-27 14:44:56] [Server] Server started and listening on port 5000
[2026-08-27 14:44:56] [Database] MongoDB Connected successfully: 76.13.244.61
[2026-08-27 14:44:57] Error seeding admin user: MongoServerError: E11000 duplicate key error collection: hotel-billing.users index: email_1 dup key: { email: "jayamproj@gmail.com" }
[2026-08-27 14:46:58] [Logger] Running log cleanup check. Retention limit: 30 days.
[2026-08-27 14:46:58] [Logger] Cleanup completed. No expired log files found.
[2026-08-27 14:46:58] [Logger] Automated log cleanup scheduler started (runs every 24 hours).
[2026-08-27 14:46:58] [Server] Server started and listening on port 5000
[2026-08-27 14:46:58] [Database] MongoDB Connected successfully: 76.13.244.61
[2026-08-27 14:46:58] Admin user already exists Name : undefined, Email : undefined
[2026-08-27 14:59:16] [Logger] Running log cleanup check. Retention limit: 30 days.
[2026-08-27 14:59:16] [Logger] Cleanup completed. No expired log files found.
[2026-08-27 14:59:16] [Logger] Automated log cleanup scheduler started (runs every 24 hours).
[2026-08-27 14:59:16] [Server] Server started and listening on port 5000
[2026-08-27 14:59:16] [Database] MongoDB Connected successfully: 76.13.244.61
[2026-08-27 14:59:17] Admin user already exists
[2026-08-27 16:43:47] [Logger] Running log cleanup check. Retention limit: 30 days.
[2026-08-27 16:43:47] [Logger] Cleanup completed. No expired log files found.
[2026-08-27 16:43:47] [Logger] Automated log cleanup scheduler started (runs every 24 hours).
[2026-08-27 16:43:47] [Server] Server started and listening on port 5000
[2026-08-27 16:43:47] [Database] MongoDB Connected successfully: 76.13.244.61
[2026-08-27 16:43:47] Admin user already exists
[2026-08-27 16:45:56] [Logger] Running log cleanup check. Retention limit: 30 days.
[2026-08-27 16:45:56] [Logger] Cleanup completed. No expired log files found.
[2026-08-27 16:45:56] [Logger] Automated log cleanup scheduler started (runs every 24 hours).
[2026-08-27 16:45:56] [Server] Server started and listening on port 5000
[2026-08-27 16:45:56] [Database] MongoDB Connected successfully: 76.13.244.61
[2026-08-27 16:45:57] Admin user already exists
[2026-08-27 16:46:47] [Logger] Running log cleanup check. Retention limit: 30 days.
[2026-08-27 16:46:47] [Logger] Cleanup completed. No expired log files found.
[2026-08-27 16:46:47] [Logger] Automated log cleanup scheduler started (runs every 24 hours).
[2026-08-27 16:46:47] [Server] Server started and listening on port 5000
[2026-08-27 16:46:47] [Database] MongoDB Connected successfully: 76.13.244.61
[2026-08-27 16:46:48] Admin user already exists
[2026-08-27 16:47:57] [Logger] Running log cleanup check. Retention limit: 30 days.
[2026-08-27 16:47:57] [Logger] Cleanup completed. No expired log files found.
[2026-08-27 16:47:57] [Logger] Automated log cleanup scheduler started (runs every 24 hours).
[2026-08-27 16:47:57] [Server] Server started and listening on port 5000
[2026-08-27 16:47:58] [Database] MongoDB Connected successfully: 76.13.244.61
[2026-08-27 16:47:58] Admin user already exists
[2026-08-27 16:48:27] Error sending OTP to jayamproj@gmail.com: connect ECONNREFUSED 127.0.0.1:587
[2026-08-27 16:49:58] [Logger] Running log cleanup check. Retention limit: 30 days.
[2026-08-27 16:49:58] [Logger] Cleanup completed. No expired log files found.
[2026-08-27 16:49:58] [Logger] Automated log cleanup scheduler started (runs every 24 hours).
[2026-08-27 16:49:58] [Server] Server started and listening on port 5000
[2026-08-27 16:49:58] [Database] MongoDB Connected successfully: 76.13.244.61
[2026-08-27 16:49:58] Admin user already exists
[2026-08-27 16:50:01] Error sending OTP to jayamproj@gmail.com: connect ECONNREFUSED 127.0.0.1:587
[2026-08-27 16:52:03] [Logger] Running log cleanup check. Retention limit: 30 days.
[2026-08-27 16:52:03] [Logger] Cleanup completed. No expired log files found.
[2026-08-27 16:52:03] [Logger] Automated log cleanup scheduler started (runs every 24 hours).
[2026-08-27 16:52:03] [Server] Server started and listening on port 5000
[2026-08-27 16:52:04] [Database] MongoDB Connected successfully: 76.13.244.61
[2026-08-27 16:52:04] Admin user already exists
[2026-08-27 16:52:09] Error sending OTP to jayamproj@gmail.com: Missing credentials for "PLAIN"
[2026-08-27 16:53:24] [Logger] Running log cleanup check. Retention limit: 30 days.
[2026-08-27 16:53:24] [Logger] Cleanup completed. No expired log files found.
[2026-08-27 16:53:24] [Logger] Automated log cleanup scheduler started (runs every 24 hours).
[2026-08-27 16:53:24] [Server] Server started and listening on port 5000
[2026-08-27 16:53:25] [Database] MongoDB Connected successfully: 76.13.244.61
[2026-08-27 16:53:25] Admin user already exists
[2026-08-27 16:53:39] [Logger] Running log cleanup check. Retention limit: 30 days.
[2026-08-27 16:53:39] [Logger] Cleanup completed. No expired log files found.
[2026-08-27 16:53:39] [Logger] Automated log cleanup scheduler started (runs every 24 hours).
[2026-08-27 16:53:39] [Server] Server started and listening on port 5000
[2026-08-27 16:53:39] [Database] MongoDB Connected successfully: 76.13.244.61
[2026-08-27 16:53:39] Admin user already exists
[2026-08-27 16:53:48] Error sending OTP to jayamproj@gmail.com: connect ECONNREFUSED 127.0.0.1:587
[2026-08-27 16:57:04] [Logger] Running log cleanup check. Retention limit: 30 days.
[2026-08-27 16:57:04] [Logger] Cleanup completed. No expired log files found.
[2026-08-27 16:57:04] [Logger] Automated log cleanup scheduler started (runs every 24 hours).
[2026-08-27 16:57:04] [Server] Server started and listening on port 5000
[2026-08-27 16:57:05] [Database] MongoDB Connected successfully: 76.13.244.61
[2026-08-27 16:57:05] Admin user already exists
[2026-08-27 16:57:10] OTP sent to jayamproj@gmail.com
[2026-08-27 16:58:39] [Logger] Running log cleanup check. Retention limit: 30 days.
[2026-08-27 16:58:39] [Logger] Cleanup completed. No expired log files found.
[2026-08-27 16:58:39] [Logger] Automated log cleanup scheduler started (runs every 24 hours).
[2026-08-27 16:58:39] [Server] Server started and listening on port 5000
[2026-08-27 16:58:39] [Database] MongoDB Connected successfully: 76.13.244.61
[2026-08-27 16:58:39] Admin user already exists
[2026-08-27 16:58:47] OTP sent to jayamproj@gmail.com
[2026-08-27 17:06:50] [Logger] Running log cleanup check. Retention limit: 30 days.
[2026-08-27 17:06:50] [Logger] Cleanup completed. No expired log files found.
[2026-08-27 17:06:50] [Logger] Automated log cleanup scheduler started (runs every 24 hours).
[2026-08-27 17:06:50] [Server] Server started and listening on port 5000
[2026-08-27 17:06:51] [Database] MongoDB Connected successfully: 76.13.244.61
[2026-08-27 17:06:51] Admin user already exists
[2026-08-27 17:07:43] [Logger] Running log cleanup check. Retention limit: 30 days.
[2026-08-27 17:07:43] [Logger] Cleanup completed. No expired log files found.
[2026-08-27 17:07:43] [Logger] Automated log cleanup scheduler started (runs every 24 hours).
[2026-08-27 17:07:43] [Server] Server started and listening on port 5000
[2026-08-27 17:07:43] [Database] MongoDB Connected successfully: 76.13.244.61
[2026-08-27 17:07:43] Admin user seeded successfully Name : Sridhar, Email : [EMAIL_ADDRESS]
[2026-08-27 17:08:34] [Logger] Running log cleanup check. Retention limit: 30 days.
[2026-08-27 17:08:34] [Logger] Cleanup completed. No expired log files found.
[2026-08-27 17:08:34] [Logger] Automated log cleanup scheduler started (runs every 24 hours).
[2026-08-27 17:08:34] [Server] Server started and listening on port 5000
[2026-08-27 17:08:35] [Database] MongoDB Connected successfully: 76.13.244.61
[2026-08-27 17:08:35] Admin user seeded successfully Name : Sridhar, Email : jayamproj@gmail.com
[2026-08-27 17:08:48] OTP sent to jayamproj@gmail.com
[2026-08-27 17:09:43] [Logger] Running log cleanup check. Retention limit: 30 days.
[2026-08-27 17:09:43] [Logger] Cleanup completed. No expired log files found.
[2026-08-27 17:09:43] [Logger] Automated log cleanup scheduler started (runs every 24 hours).
[2026-08-27 17:09:43] [Server] Server started and listening on port 5000
[2026-08-27 17:18:13] [Logger] Running log cleanup check. Retention limit: 30 days.
[2026-08-27 17:18:13] [Logger] Cleanup completed. No expired log files found.
[2026-08-27 17:18:13] [Logger] Automated log cleanup scheduler started (runs every 24 hours).
[2026-08-27 17:18:13] [Server] Server started and listening on port 5000
[2026-08-27 17:18:14] [Database] MongoDB Connected successfully: 76.13.244.61
[2026-08-27 17:18:14] Admin user already exists
[2026-08-27 17:18:40] OTP sent to jayamproj@gmail.com
[2026-08-27 17:30:14] [Logger] Running log cleanup check. Retention limit: 30 days.
[2026-08-27 17:30:14] [Logger] Cleanup completed. No expired log files found.
[2026-08-27 17:30:14] [Logger] Automated log cleanup scheduler started (runs every 24 hours).
[2026-08-27 17:30:14] [Server] Server started and listening on port 5000
[2026-08-27 17:30:14] [Database] MongoDB Connected successfully: 76.13.244.61
[2026-08-27 17:30:14] Admin user already exists
[2026-08-27 17:30:28] OTP sent to jayamproj@gmail.com
[2026-08-27 17:36:43] [Logger] Running log cleanup check. Retention limit: 30 days.
[2026-08-27 17:36:43] [Logger] Cleanup completed. No expired log files found.
[2026-08-27 17:36:43] [Logger] Automated log cleanup scheduler started (runs every 24 hours).
[2026-08-27 17:36:43] [Server] Server started and listening on port 5000
[2026-08-27 17:36:43] [Database] MongoDB Connected successfully: 76.13.244.61
[2026-08-27 17:36:43] Admin user already exists
[2026-08-27 17:36:52] OTP sent to jayamproj@gmail.com
[2026-08-27 17:38:31] [Logger] Running log cleanup check. Retention limit: 30 days.
[2026-08-27 17:38:31] [Logger] Cleanup completed. No expired log files found.
[2026-08-27 17:38:31] [Logger] Automated log cleanup scheduler started (runs every 24 hours).
[2026-08-27 17:38:31] [Server] Server started and listening on port 5000
[2026-08-27 17:38:32] [Database] MongoDB Connected successfully: 76.13.244.61
[2026-08-27 17:38:32] Admin user already exists
[2026-08-27 17:41:09] OTP sent to jayamproj@gmail.com
[2026-08-27 17:44:30] [Logger] Running log cleanup check. Retention limit: 30 days.
[2026-08-27 17:44:30] [Logger] Cleanup completed. No expired log files found.
[2026-08-27 17:44:30] [Logger] Automated log cleanup scheduler started (runs every 24 hours).
[2026-08-27 17:44:30] [Server] Server started and listening on port 5000
[2026-08-27 17:44:31] [Database] MongoDB Connected successfully: 76.13.244.61
[2026-08-27 17:44:31] Admin user already exists
[2026-08-27 17:44:55] OTP sent to jayamproj@gmail.com
[2026-08-27 17:45:12] OTP sent to jayamproj@gmail.com
[2026-08-27 17:45:22] OTP sent to jayamproj@gmail.com
[2026-08-27 17:46:39] [Logger] Running log cleanup check. Retention limit: 30 days.
[2026-08-27 17:46:39] [Logger] Cleanup completed. No expired log files found.
[2026-08-27 17:46:39] [Logger] Automated log cleanup scheduler started (runs every 24 hours).
[2026-08-27 17:46:39] [Server] Server started and listening on port 5000
[2026-08-27 17:46:39] [Database] MongoDB Connected successfully: 76.13.244.61
[2026-08-27 17:46:39] Admin user already exists
[2026-08-27 17:47:32] [Logger] Running log cleanup check. Retention limit: 30 days.
[2026-08-27 17:47:32] [Logger] Cleanup completed. No expired log files found.
[2026-08-27 17:47:32] [Logger] Automated log cleanup scheduler started (runs every 24 hours).
[2026-08-27 17:47:32] [Server] Server started and listening on port 5000
[2026-08-27 17:47:32] [Database] MongoDB Connected successfully: 76.13.244.61
[2026-08-27 17:47:32] Admin user already exists
[2026-08-27 17:48:03] [Logger] Running log cleanup check. Retention limit: 30 days.
[2026-08-27 17:48:03] [Logger] Cleanup completed. No expired log files found.
[2026-08-27 17:48:03] [Logger] Automated log cleanup scheduler started (runs every 24 hours).
[2026-08-27 17:48:03] [Server] Server started and listening on port 5000
[2026-08-27 17:48:04] [Database] MongoDB Connected successfully: 76.13.244.61
[2026-08-27 17:48:04] Admin user already exists
[2026-08-27 17:52:43] [Logger] Running log cleanup check. Retention limit: 30 days.
[2026-08-27 17:52:43] [Logger] Cleanup completed. No expired log files found.
[2026-08-27 17:52:43] [Logger] Automated log cleanup scheduler started (runs every 24 hours).
[2026-08-27 17:52:43] [Server] Server started and listening on port 5000
[2026-08-27 17:52:44] [Database] MongoDB Connected successfully: 76.13.244.61
[2026-08-27 17:52:44] Admin user already exists
[2026-08-27 17:53:36] OTP sent to jayamproj@gmail.com
[2026-08-27 17:55:04] [Logger] Running log cleanup check. Retention limit: 30 days.
[2026-08-27 17:55:04] [Logger] Cleanup completed. No expired log files found.
[2026-08-27 17:55:04] [Logger] Automated log cleanup scheduler started (runs every 24 hours).
[2026-08-27 17:55:04] [Server] Server started and listening on port 5000
[2026-08-27 17:55:05] [Database] MongoDB Connected successfully: 76.13.244.61
[2026-08-27 17:55:05] Admin user already exists
[2026-08-27 17:55:40] [Logger] Running log cleanup check. Retention limit: 30 days.
[2026-08-27 17:55:40] [Logger] Cleanup completed. No expired log files found.
[2026-08-27 17:55:40] [Logger] Automated log cleanup scheduler started (runs every 24 hours).
[2026-08-27 17:55:40] [Server] Server started and listening on port 5000
[2026-08-27 17:55:41] [Database] MongoDB Connected successfully: 76.13.244.61
[2026-08-27 17:55:41] Admin user already exists
[2026-08-27 17:59:31] [Logger] Running log cleanup check. Retention limit: 30 days.
[2026-08-27 17:59:31] [Logger] Cleanup completed. No expired log files found.
[2026-08-27 17:59:31] [Logger] Automated log cleanup scheduler started (runs every 24 hours).
[2026-08-27 17:59:31] [Server] Server started and listening on port 5000
[2026-08-27 17:59:31] [Database] MongoDB Connected successfully: 76.13.244.61
[2026-08-27 17:59:31] Admin user already exists
[2026-08-27 17:59:39] OTP sent to jayamproj@gmail.com
