[2026-08-31 11:14:17] [Logger] Running log cleanup check. Retention limit: 30 days.
[2026-08-31 11:14:17] [Logger] Cleanup completed. No expired log files found.
[2026-08-31 11:14:17] [Logger] Automated log cleanup scheduler started (runs every 24 hours).
[2026-08-31 11:14:17] [Server] Server started and listening on port 5000
[2026-08-31 11:14:17] [Database] MongoDB Connected successfully: 76.13.244.61
[2026-08-31 11:14:18] Admin user already exists
[2026-08-31 11:15:19] OTP sent to jayamproj@gmail.com
[2026-08-31 11:17:29] User logged out: Sridhar
[2026-08-31 11:17:54] OTP sent to jayamweb.designer2@gmail.com
[2026-08-31 11:29:23] User logged out: Sridhar
[2026-08-31 11:29:47] OTP sent to jayamweb.designer2@gmail.com
[2026-08-31 11:31:09] [Logger] Running log cleanup check. Retention limit: 30 days.
[2026-08-31 11:31:09] [Logger] Cleanup completed. No expired log files found.
[2026-08-31 11:31:09] [Logger] Automated log cleanup scheduler started (runs every 24 hours).
[2026-08-31 11:31:09] [Server] Server started and listening on port 5000
[2026-08-31 11:31:09] [Database] MongoDB Connected successfully: 76.13.244.61
[2026-08-31 11:31:09] Admin user already exists
[2026-08-31 11:31:29] [Logger] Running log cleanup check. Retention limit: 30 days.
[2026-08-31 11:31:29] [Logger] Cleanup completed. No expired log files found.
[2026-08-31 11:31:29] [Logger] Automated log cleanup scheduler started (runs every 24 hours).
[2026-08-31 11:31:29] [Server] Server started and listening on port 5000
[2026-08-31 11:31:29] [Database] MongoDB Connected successfully: 76.13.244.61
[2026-08-31 11:31:29] Admin user already exists
[2026-08-31 11:39:16] User logged out: Manikandan
[2026-08-31 11:40:00] OTP sent to jayamweb.designer2@gmail.com
[2026-08-31 11:45:45] [Logger] Running log cleanup check. Retention limit: 30 days.
[2026-08-31 11:45:45] [Logger] Cleanup completed. No expired log files found.
[2026-08-31 11:45:45] [Logger] Automated log cleanup scheduler started (runs every 24 hours).
[2026-08-31 11:45:45] [Server] Server started and listening on port 5000
[2026-08-31 11:45:50] [Logger] Running log cleanup check. Retention limit: 30 days.
[2026-08-31 11:45:50] [Logger] Cleanup completed. No expired log files found.
[2026-08-31 11:45:50] [Logger] Automated log cleanup scheduler started (runs every 24 hours).
[2026-08-31 11:45:51] [Server] Server started and listening on port 5000
[2026-08-31 11:45:51] [Database] MongoDB Connected successfully: 76.13.244.61
[2026-08-31 11:45:51] Admin user already exists
[2026-08-31 11:51:04] [Logger] Running log cleanup check. Retention limit: 30 days.
[2026-08-31 11:51:04] [Logger] Cleanup completed. No expired log files found.
[2026-08-31 11:51:04] [Logger] Automated log cleanup scheduler started (runs every 24 hours).
[2026-08-31 11:51:04] [Server] Server started and listening on port 5000
[2026-08-31 11:51:04] [Database] MongoDB Connected successfully: 76.13.244.61
[2026-08-31 11:51:04] Admin user already exists
[2026-08-31 12:40:26] OTP sent to jayamweb.designer2@gmail.com
[2026-08-31 12:55:45] [Logger] Running log cleanup check. Retention limit: 30 days.
[2026-08-31 12:55:45] [Logger] Cleanup completed. No expired log files found.
[2026-08-31 12:55:45] [Logger] Automated log cleanup scheduler started (runs every 24 hours).
[2026-08-31 12:55:45] [Server] Server started and listening on port 5000
[2026-08-31 12:55:45] [Database] MongoDB Connected successfully: 76.13.244.61
[2026-08-31 12:55:45] Admin user already exists
[2026-08-31 13:52:23] OTP sent to jayamweb.designer2@gmail.com
[2026-08-31 13:54:31] [Logger] Running log cleanup check. Retention limit: 30 days.
[2026-08-31 13:54:31] [Logger] Cleanup completed. No expired log files found.
[2026-08-31 13:54:31] [Logger] Automated log cleanup scheduler started (runs every 24 hours).
[2026-08-31 13:54:31] [Server] Server started and listening on port 5000
[2026-08-31 13:54:31] [Database] MongoDB Connected successfully: 76.13.244.61
[2026-08-31 13:54:31] Admin user already exists
[2026-08-31 13:54:51] [Logger] Running log cleanup check. Retention limit: 30 days.
[2026-08-31 13:54:51] [Logger] Cleanup completed. No expired log files found.
[2026-08-31 13:54:51] [Logger] Automated log cleanup scheduler started (runs every 24 hours).
[2026-08-31 13:54:51] [Server] Server started and listening on port 5000
[2026-08-31 13:54:51] [Database] MongoDB Connected successfully: 76.13.244.61
[2026-08-31 13:54:51] Admin user already exists
[2026-08-31 13:54:58] [Logger] Running log cleanup check. Retention limit: 30 days.
[2026-08-31 13:54:58] [Logger] Cleanup completed. No expired log files found.
[2026-08-31 13:54:58] [Logger] Automated log cleanup scheduler started (runs every 24 hours).
[2026-08-31 13:54:58] [Server] Server started and listening on port 5000
[2026-08-31 13:54:58] [Database] MongoDB Connected successfully: 76.13.244.61
[2026-08-31 13:54:59] Admin user already exists
[2026-08-31 13:58:45] [Logger] Running log cleanup check. Retention limit: 30 days.
[2026-08-31 13:58:45] [Logger] Cleanup completed. No expired log files found.
[2026-08-31 13:58:45] [Logger] Automated log cleanup scheduler started (runs every 24 hours).
[2026-08-31 13:58:45] [Server] Server started and listening on port 5000
[2026-08-31 13:58:45] [Database] MongoDB Connected successfully: 76.13.244.61
[2026-08-31 13:58:45] Admin user already exists
[2026-08-31 13:59:40] [Logger] Running log cleanup check. Retention limit: 30 days.
[2026-08-31 13:59:40] [Logger] Cleanup completed. No expired log files found.
[2026-08-31 13:59:40] [Logger] Automated log cleanup scheduler started (runs every 24 hours).
[2026-08-31 13:59:40] [Server] Server started and listening on port 5000
[2026-08-31 13:59:40] [Database] MongoDB Connected successfully: 76.13.244.61
[2026-08-31 13:59:40] Admin user already exists
[2026-08-31 13:59:46] [Logger] Running log cleanup check. Retention limit: 30 days.
[2026-08-31 13:59:46] [Logger] Cleanup completed. No expired log files found.
[2026-08-31 13:59:46] [Logger] Automated log cleanup scheduler started (runs every 24 hours).
[2026-08-31 13:59:46] [Server] Server started and listening on port 5000
[2026-08-31 13:59:46] [Database] MongoDB Connected successfully: 76.13.244.61
[2026-08-31 13:59:46] Admin user already exists
[2026-08-31 14:15:56] [Logger] Running log cleanup check. Retention limit: 30 days.
[2026-08-31 14:15:56] [Logger] Cleanup completed. No expired log files found.
[2026-08-31 14:15:56] [Logger] Automated log cleanup scheduler started (runs every 24 hours).
[2026-08-31 14:15:56] [Server] Server started and listening on port 5000
[2026-08-31 14:15:56] [Database] MongoDB Connected successfully: 76.13.244.61
[2026-08-31 14:15:56] Admin user already exists
[2026-08-31 14:16:03] OTP sent to jayamweb.designer2@gmail.com
[2026-08-31 14:16:49] [Logger] Running log cleanup check. Retention limit: 30 days.
[2026-08-31 14:16:49] [Logger] Cleanup completed. No expired log files found.
[2026-08-31 14:16:49] [Logger] Automated log cleanup scheduler started (runs every 24 hours).
[2026-08-31 14:16:49] [Server] Server started and listening on port 5000
[2026-08-31 14:16:49] [Database] MongoDB Connected successfully: 76.13.244.61
[2026-08-31 14:16:49] Admin user already exists
[2026-08-31 14:16:54] [Logger] Running log cleanup check. Retention limit: 30 days.
[2026-08-31 14:16:54] [Logger] Cleanup completed. No expired log files found.
[2026-08-31 14:16:54] [Logger] Automated log cleanup scheduler started (runs every 24 hours).
[2026-08-31 14:16:54] [Server] Server started and listening on port 5000
[2026-08-31 14:16:55] [Database] MongoDB Connected successfully: 76.13.244.61
[2026-08-31 14:16:55] Admin user already exists
[2026-08-31 14:20:44] [Logger] Running log cleanup check. Retention limit: 30 days.
[2026-08-31 14:20:44] [Logger] Cleanup completed. No expired log files found.
[2026-08-31 14:20:44] [Logger] Automated log cleanup scheduler started (runs every 24 hours).
[2026-08-31 14:20:44] [Server] Server started and listening on port 5000
[2026-08-31 14:20:44] [Database] MongoDB Connected successfully: 76.13.244.61
[2026-08-31 14:20:44] Admin user already exists
[2026-08-31 14:20:54] [Logger] Running log cleanup check. Retention limit: 30 days.
[2026-08-31 14:20:54] [Logger] Cleanup completed. No expired log files found.
[2026-08-31 14:20:54] [Logger] Automated log cleanup scheduler started (runs every 24 hours).
[2026-08-31 14:20:54] [Server] Server started and listening on port 5000
[2026-08-31 14:20:54] [Database] MongoDB Connected successfully: 76.13.244.61
[2026-08-31 14:20:54] Admin user already exists
[2026-08-31 14:20:57] [Logger] Running log cleanup check. Retention limit: 30 days.
[2026-08-31 14:20:57] [Logger] Cleanup completed. No expired log files found.
[2026-08-31 14:20:57] [Logger] Automated log cleanup scheduler started (runs every 24 hours).
[2026-08-31 14:20:57] [Server] Server started and listening on port 5000
[2026-08-31 14:20:57] [Database] MongoDB Connected successfully: 76.13.244.61
[2026-08-31 14:20:58] Admin user already exists
[2026-08-31 14:21:20] [Logger] Running log cleanup check. Retention limit: 30 days.
[2026-08-31 14:21:20] [Logger] Cleanup completed. No expired log files found.
[2026-08-31 14:21:20] [Logger] Automated log cleanup scheduler started (runs every 24 hours).
[2026-08-31 14:21:20] [Server] Server started and listening on port 5000
[2026-08-31 14:21:20] [Database] MongoDB Connected successfully: 76.13.244.61
[2026-08-31 14:21:20] Admin user already exists
[2026-08-31 14:21:29] [Logger] Running log cleanup check. Retention limit: 30 days.
[2026-08-31 14:21:29] [Logger] Cleanup completed. No expired log files found.
[2026-08-31 14:21:29] [Logger] Automated log cleanup scheduler started (runs every 24 hours).
[2026-08-31 14:21:29] [Server] Server started and listening on port 5000
[2026-08-31 14:21:29] [Database] MongoDB Connected successfully: 76.13.244.61
[2026-08-31 14:21:29] Admin user already exists
[2026-08-31 14:21:37] [Logger] Running log cleanup check. Retention limit: 30 days.
[2026-08-31 14:21:37] [Logger] Cleanup completed. No expired log files found.
[2026-08-31 14:21:37] [Logger] Automated log cleanup scheduler started (runs every 24 hours).
[2026-08-31 14:21:37] [Server] Server started and listening on port 5000
[2026-08-31 14:21:37] [Database] MongoDB Connected successfully: 76.13.244.61
[2026-08-31 14:21:37] Admin user already exists
[2026-08-31 14:22:00] [Logger] Running log cleanup check. Retention limit: 30 days.
[2026-08-31 14:22:00] [Logger] Cleanup completed. No expired log files found.
[2026-08-31 14:22:00] [Logger] Automated log cleanup scheduler started (runs every 24 hours).
[2026-08-31 14:22:00] [Server] Server started and listening on port 5000
[2026-08-31 14:22:01] [Database] MongoDB Connected successfully: 76.13.244.61
[2026-08-31 14:22:01] Admin user already exists
[2026-08-31 14:26:52] [Logger] Running log cleanup check. Retention limit: 30 days.
[2026-08-31 14:26:52] [Logger] Cleanup completed. No expired log files found.
[2026-08-31 14:26:52] [Logger] Automated log cleanup scheduler started (runs every 24 hours).
[2026-08-31 14:26:52] [Server] Server started and listening on port 5000
[2026-08-31 14:26:52] [Database] MongoDB Connected successfully: 76.13.244.61
[2026-08-31 14:26:52] Admin user already exists
[2026-08-31 14:44:45] [Logger] Running log cleanup check. Retention limit: 30 days.
[2026-08-31 14:44:45] [Logger] Cleanup completed. No expired log files found.
[2026-08-31 14:44:45] [Logger] Automated log cleanup scheduler started (runs every 24 hours).
[2026-08-31 14:44:45] [Server] Server started and listening on port 5000
[2026-08-31 14:44:45] [Database] MongoDB Connected successfully: 76.13.244.61
[2026-08-31 14:44:45] Admin user already exists
[2026-08-31 15:04:06] [Logger] Running log cleanup check. Retention limit: 30 days.
[2026-08-31 15:04:06] [Logger] Cleanup completed. No expired log files found.
[2026-08-31 15:04:06] [Logger] Automated log cleanup scheduler started (runs every 24 hours).
[2026-08-31 15:04:06] [Server] Server started and listening on port 5000
[2026-08-31 15:04:07] [Database] MongoDB Connected successfully: 76.13.244.61
[2026-08-31 15:04:07] Admin user already exists
[2026-08-31 15:05:29] [Logger] Running log cleanup check. Retention limit: 30 days.
[2026-08-31 15:05:29] [Logger] Cleanup completed. No expired log files found.
[2026-08-31 15:05:29] [Logger] Automated log cleanup scheduler started (runs every 24 hours).
[2026-08-31 15:05:29] [Server] Server started and listening on port 5000
[2026-08-31 15:05:30] [Database] MongoDB Connected successfully: 76.13.244.61
[2026-08-31 15:05:30] Admin user already exists
[2026-08-31 15:15:31] [Logger] Running log cleanup check. Retention limit: 30 days.
[2026-08-31 15:15:31] [Logger] Cleanup completed. No expired log files found.
[2026-08-31 15:15:31] [Logger] Automated log cleanup scheduler started (runs every 24 hours).
[2026-08-31 15:15:31] [Server] Server started and listening on port 5000
[2026-08-31 15:15:31] [Database] MongoDB Connected successfully: 76.13.244.61
[2026-08-31 15:15:31] Admin user already exists
[2026-08-31 15:18:10] OTP sent to jayamweb.designer2@gmail.com
[2026-08-31 15:20:24] [Logger] Running log cleanup check. Retention limit: 30 days.
[2026-08-31 15:20:24] [Logger] Cleanup completed. No expired log files found.
[2026-08-31 15:20:24] [Logger] Automated log cleanup scheduler started (runs every 24 hours).
[2026-08-31 15:20:24] [Server] Server started and listening on port 5000
[2026-08-31 15:20:24] [Database] MongoDB Connected successfully: 76.13.244.61
[2026-08-31 15:20:24] Admin user already exists
[2026-08-31 15:33:47] [Logger] Running log cleanup check. Retention limit: 30 days.
[2026-08-31 15:33:47] [Logger] Cleanup completed. No expired log files found.
[2026-08-31 15:33:47] [Logger] Automated log cleanup scheduler started (runs every 24 hours).
[2026-08-31 15:33:47] [Server] Server started and listening on port 5000
[2026-08-31 15:33:48] [Database] MongoDB Connected successfully: 76.13.244.61
[2026-08-31 15:33:48] Admin user already exists
[2026-08-31 15:33:53] [Logger] Running log cleanup check. Retention limit: 30 days.
[2026-08-31 15:33:53] [Logger] Cleanup completed. No expired log files found.
[2026-08-31 15:33:53] [Logger] Automated log cleanup scheduler started (runs every 24 hours).
[2026-08-31 15:33:53] [Server] Server started and listening on port 5000
[2026-08-31 15:33:53] [Database] MongoDB Connected successfully: 76.13.244.61
[2026-08-31 15:33:53] Admin user already exists
[2026-08-31 15:33:59] [Logger] Running log cleanup check. Retention limit: 30 days.
[2026-08-31 15:33:59] [Logger] Cleanup completed. No expired log files found.
[2026-08-31 15:33:59] [Logger] Automated log cleanup scheduler started (runs every 24 hours).
[2026-08-31 15:33:59] [Server] Server started and listening on port 5000
[2026-08-31 15:33:59] [Database] MongoDB Connected successfully: 76.13.244.61
[2026-08-31 15:33:59] Admin user already exists
[2026-08-31 15:34:18] [Logger] Running log cleanup check. Retention limit: 30 days.
[2026-08-31 15:34:18] [Logger] Cleanup completed. No expired log files found.
[2026-08-31 15:34:18] [Logger] Automated log cleanup scheduler started (runs every 24 hours).
[2026-08-31 15:34:18] [Server] Server started and listening on port 5000
[2026-08-31 15:34:18] [Database] MongoDB Connected successfully: 76.13.244.61
[2026-08-31 15:34:18] Admin user already exists
[2026-08-31 15:34:20] [Logger] Running log cleanup check. Retention limit: 30 days.
[2026-08-31 15:34:20] [Logger] Cleanup completed. No expired log files found.
[2026-08-31 15:34:20] [Logger] Automated log cleanup scheduler started (runs every 24 hours).
[2026-08-31 15:34:20] [Server] Server started and listening on port 5000
[2026-08-31 15:34:20] [Database] MongoDB Connected successfully: 76.13.244.61
[2026-08-31 15:34:20] Admin user already exists
[2026-08-31 15:37:11] [Logger] Running log cleanup check. Retention limit: 30 days.
[2026-08-31 15:37:11] [Logger] Cleanup completed. No expired log files found.
[2026-08-31 15:37:11] [Logger] Automated log cleanup scheduler started (runs every 24 hours).
[2026-08-31 15:37:11] [Server] Server started and listening on port 5000
[2026-08-31 15:37:12] [Database] MongoDB Connected successfully: 76.13.244.61
[2026-08-31 15:37:12] Admin user already exists
[2026-08-31 15:39:34] [Logger] Running log cleanup check. Retention limit: 30 days.
[2026-08-31 15:39:34] [Logger] Cleanup completed. No expired log files found.
[2026-08-31 15:39:34] [Logger] Automated log cleanup scheduler started (runs every 24 hours).
[2026-08-31 15:39:34] [Server] Server started and listening on port 5000
[2026-08-31 15:39:35] [Database] MongoDB Connected successfully: 76.13.244.61
[2026-08-31 15:39:35] Admin user already exists
[2026-08-31 15:39:39] [Logger] Running log cleanup check. Retention limit: 30 days.
[2026-08-31 15:39:39] [Logger] Cleanup completed. No expired log files found.
[2026-08-31 15:39:39] [Logger] Automated log cleanup scheduler started (runs every 24 hours).
[2026-08-31 15:39:39] [Server] Server started and listening on port 5000
[2026-08-31 15:39:39] [Database] MongoDB Connected successfully: 76.13.244.61
[2026-08-31 15:39:40] Admin user already exists
[2026-08-31 15:43:32] [Logger] Running log cleanup check. Retention limit: 30 days.
[2026-08-31 15:43:32] [Logger] Cleanup completed. No expired log files found.
[2026-08-31 15:43:32] [Logger] Automated log cleanup scheduler started (runs every 24 hours).
[2026-08-31 15:43:32] [Server] Server started and listening on port 5000
[2026-08-31 15:43:32] [Database] MongoDB Connected successfully: 76.13.244.61
[2026-08-31 15:43:33] Admin user already exists
[2026-08-31 15:44:53] [Logger] Running log cleanup check. Retention limit: 30 days.
[2026-08-31 15:44:53] [Logger] Cleanup completed. No expired log files found.
[2026-08-31 15:44:53] [Logger] Automated log cleanup scheduler started (runs every 24 hours).
[2026-08-31 15:44:53] [Server] Server started and listening on port 5000
[2026-08-31 15:44:53] [Database] MongoDB Connected successfully: 76.13.244.61
[2026-08-31 15:44:53] Admin user already exists
[2026-08-31 15:44:56] [Logger] Running log cleanup check. Retention limit: 30 days.
[2026-08-31 15:44:56] [Logger] Cleanup completed. No expired log files found.
[2026-08-31 15:44:56] [Logger] Automated log cleanup scheduler started (runs every 24 hours).
[2026-08-31 15:44:56] [Server] Server started and listening on port 5000
[2026-08-31 15:44:56] [Database] MongoDB Connected successfully: 76.13.244.61
[2026-08-31 15:44:57] Admin user already exists
[2026-08-31 15:45:10] [Logger] Running log cleanup check. Retention limit: 30 days.
[2026-08-31 15:45:10] [Logger] Cleanup completed. No expired log files found.
[2026-08-31 15:45:10] [Logger] Automated log cleanup scheduler started (runs every 24 hours).
[2026-08-31 15:45:10] [Server] Server started and listening on port 5000
[2026-08-31 15:45:11] [Database] MongoDB Connected successfully: 76.13.244.61
[2026-08-31 15:45:11] Admin user already exists
[2026-08-31 15:45:17] [Logger] Running log cleanup check. Retention limit: 30 days.
[2026-08-31 15:45:17] [Logger] Cleanup completed. No expired log files found.
[2026-08-31 15:45:17] [Logger] Automated log cleanup scheduler started (runs every 24 hours).
[2026-08-31 15:45:17] [Server] Server started and listening on port 5000
[2026-08-31 15:45:17] [Database] MongoDB Connected successfully: 76.13.244.61
[2026-08-31 15:45:17] Admin user already exists
[2026-08-31 15:45:49] [Logger] Running log cleanup check. Retention limit: 30 days.
[2026-08-31 15:45:49] [Logger] Cleanup completed. No expired log files found.
[2026-08-31 15:45:49] [Logger] Automated log cleanup scheduler started (runs every 24 hours).
[2026-08-31 15:45:49] [Server] Server started and listening on port 5000
[2026-08-31 15:45:49] [Database] MongoDB Connected successfully: 76.13.244.61
[2026-08-31 15:45:50] Admin user already exists
[2026-08-31 15:45:53] [Logger] Running log cleanup check. Retention limit: 30 days.
[2026-08-31 15:45:53] [Logger] Cleanup completed. No expired log files found.
[2026-08-31 15:45:53] [Logger] Automated log cleanup scheduler started (runs every 24 hours).
[2026-08-31 15:45:53] [Server] Server started and listening on port 5000
[2026-08-31 15:45:53] [Database] MongoDB Connected successfully: 76.13.244.61
[2026-08-31 15:45:53] Admin user already exists
[2026-08-31 15:45:59] [Logger] Running log cleanup check. Retention limit: 30 days.
[2026-08-31 15:45:59] [Logger] Cleanup completed. No expired log files found.
[2026-08-31 15:45:59] [Logger] Automated log cleanup scheduler started (runs every 24 hours).
[2026-08-31 15:45:59] [Server] Server started and listening on port 5000
[2026-08-31 15:45:59] [Database] MongoDB Connected successfully: 76.13.244.61
[2026-08-31 15:45:59] Admin user already exists
[2026-08-31 15:46:16] [Logger] Running log cleanup check. Retention limit: 30 days.
[2026-08-31 15:46:16] [Logger] Cleanup completed. No expired log files found.
[2026-08-31 15:46:16] [Logger] Automated log cleanup scheduler started (runs every 24 hours).
[2026-08-31 15:46:16] [Server] Server started and listening on port 5000
[2026-08-31 15:46:16] [Database] MongoDB Connected successfully: 76.13.244.61
[2026-08-31 15:46:16] Admin user already exists
[2026-08-31 15:46:34] [Logger] Running log cleanup check. Retention limit: 30 days.
[2026-08-31 15:46:34] [Logger] Cleanup completed. No expired log files found.
[2026-08-31 15:46:34] [Logger] Automated log cleanup scheduler started (runs every 24 hours).
[2026-08-31 15:46:34] [Server] Server started and listening on port 5000
[2026-08-31 15:46:35] [Database] MongoDB Connected successfully: 76.13.244.61
[2026-08-31 15:46:35] Admin user already exists
[2026-08-31 15:46:45] [Logger] Running log cleanup check. Retention limit: 30 days.
[2026-08-31 15:46:45] [Logger] Cleanup completed. No expired log files found.
[2026-08-31 15:46:45] [Logger] Automated log cleanup scheduler started (runs every 24 hours).
[2026-08-31 15:46:45] [Server] Server started and listening on port 5000
[2026-08-31 15:46:46] [Database] MongoDB Connected successfully: 76.13.244.61
[2026-08-31 15:46:46] Admin user already exists
[2026-08-31 15:55:50] [Customer] Customers fetched successfully. Count: 0
[2026-08-31 15:55:50] [Customer] Customers fetched successfully. Count: 0
[2026-08-31 15:55:51] [Customer] Customers fetched successfully. Count: 0
[2026-08-31 15:55:51] [Customer] Customers fetched successfully. Count: 0
[2026-08-31 15:55:53] [Customer] Customers fetched successfully. Count: 0
[2026-08-31 15:55:53] [Customer] Customers fetched successfully. Count: 0
[2026-08-31 15:56:09] [Customer Create Error] Customer validation failed: idProof: Cast to ObjectId failed for value "PAN Card" (type string) at path "idProof"
[2026-08-31 15:56:16] [Customer Create Error] Customer validation failed: idProof: Cast to ObjectId failed for value "Aadhar Card" (type string) at path "idProof"
[2026-08-31 15:58:15] [Logger] Running log cleanup check. Retention limit: 30 days.
[2026-08-31 15:58:15] [Logger] Cleanup completed. No expired log files found.
[2026-08-31 15:58:15] [Logger] Automated log cleanup scheduler started (runs every 24 hours).
[2026-08-31 15:58:15] [Server] Server started and listening on port 5000
[2026-08-31 15:58:15] [Database] MongoDB Connected successfully: 76.13.244.61
[2026-08-31 15:58:15] Admin user already exists
[2026-08-31 15:58:30] [Logger] Running log cleanup check. Retention limit: 30 days.
[2026-08-31 15:58:30] [Logger] Cleanup completed. No expired log files found.
[2026-08-31 15:58:30] [Logger] Automated log cleanup scheduler started (runs every 24 hours).
[2026-08-31 15:58:30] [Server] Server started and listening on port 5000
[2026-08-31 15:58:31] [Database] MongoDB Connected successfully: 76.13.244.61
[2026-08-31 15:58:31] Admin user already exists
[2026-08-31 15:58:39] [Customer] Customer created successfully: 6a95575731a8933117d9f841 - JayamWeb Madhavan
[2026-08-31 15:58:40] [Customer] Customers fetched successfully. Count: 1
[2026-08-31 15:58:40] [Customer] Customers fetched successfully. Count: 1
[2026-08-31 16:00:30] [Customer] Customers fetched successfully. Count: 1
[2026-08-31 16:00:30] [Customer] Customers fetched successfully. Count: 1
[2026-08-31 16:00:36] [Customer] Customer updated successfully: 6a95575731a8933117d9f841 - JayamWeb Madhavan
[2026-08-31 16:00:36] [Customer] Customers fetched successfully. Count: 1
[2026-08-31 16:00:36] [Customer] Customers fetched successfully. Count: 1
[2026-08-31 16:09:59] [Customer] Customers fetched successfully. Count: 1
[2026-08-31 16:09:59] [Customer] Customers fetched successfully. Count: 1
[2026-08-31 16:12:02] [Customer] Customers fetched successfully. Count: 1
[2026-08-31 16:12:02] [Customer] Customers fetched successfully. Count: 1
[2026-08-31 16:12:03] [Customer] Customer fetched successfully: 6a95575731a8933117d9f841 - JayamWeb Madhavan
[2026-08-31 16:12:09] [Customer] Customer fetched successfully: 6a95575731a8933117d9f841 - JayamWeb Madhavan
[2026-08-31 16:12:11] [Customer] Customer fetched successfully: 6a95575731a8933117d9f841 - JayamWeb Madhavan
[2026-08-31 16:12:14] [Customer] Customer fetched successfully: 6a95575731a8933117d9f841 - JayamWeb Madhavan
[2026-08-31 16:12:23] [Customer] Customer fetched successfully: 6a95575731a8933117d9f841 - JayamWeb Madhavan
[2026-08-31 16:13:40] [Customer] Customers fetched successfully. Count: 1
[2026-08-31 16:13:40] [Customer] Customers fetched successfully. Count: 1
[2026-08-31 16:13:43] [Customer] Customers fetched successfully. Count: 1
[2026-08-31 16:13:43] [Customer] Customers fetched successfully. Count: 1
[2026-08-31 16:13:57] [Customer] Customers fetched successfully. Count: 1
[2026-08-31 16:13:57] [Customer] Customers fetched successfully. Count: 1
[2026-08-31 16:15:56] [Customer] Customers fetched successfully. Count: 1
[2026-08-31 16:15:57] [Customer] Customers fetched successfully. Count: 1
[2026-08-31 16:20:10] [Logger] Running log cleanup check. Retention limit: 30 days.
[2026-08-31 16:20:10] [Logger] Cleanup completed. No expired log files found.
[2026-08-31 16:20:10] [Logger] Automated log cleanup scheduler started (runs every 24 hours).
[2026-08-31 16:20:10] [Server] Server started and listening on port 5000
[2026-08-31 16:20:11] [Database] MongoDB Connected successfully: 76.13.244.61
[2026-08-31 16:20:11] Admin user already exists
[2026-08-31 16:20:19] [Logger] Running log cleanup check. Retention limit: 30 days.
[2026-08-31 16:20:19] [Logger] Cleanup completed. No expired log files found.
[2026-08-31 16:20:19] [Logger] Automated log cleanup scheduler started (runs every 24 hours).
[2026-08-31 16:20:19] [Server] Server started and listening on port 5000
[2026-08-31 16:20:20] [Database] MongoDB Connected successfully: 76.13.244.61
[2026-08-31 16:20:20] Admin user already exists
[2026-08-31 16:22:26] [Logger] Running log cleanup check. Retention limit: 30 days.
[2026-08-31 16:22:26] [Logger] Cleanup completed. No expired log files found.
[2026-08-31 16:22:26] [Logger] Automated log cleanup scheduler started (runs every 24 hours).
[2026-08-31 16:22:26] [Server] Server started and listening on port 5000
[2026-08-31 16:22:26] [Database] MongoDB Connected successfully: 76.13.244.61
[2026-08-31 16:22:27] Admin user already exists
[2026-08-31 16:23:13] [Logger] Running log cleanup check. Retention limit: 30 days.
[2026-08-31 16:23:13] [Logger] Cleanup completed. No expired log files found.
[2026-08-31 16:23:13] [Logger] Automated log cleanup scheduler started (runs every 24 hours).
[2026-08-31 16:23:13] [Server] Server started and listening on port 5000
[2026-08-31 16:23:14] [Database] MongoDB Connected successfully: 76.13.244.61
[2026-08-31 16:23:14] Admin user already exists
[2026-08-31 16:32:22] [Logger] Running log cleanup check. Retention limit: 30 days.
[2026-08-31 16:32:22] [Logger] Cleanup completed. No expired log files found.
[2026-08-31 16:32:22] [Logger] Automated log cleanup scheduler started (runs every 24 hours).
[2026-08-31 16:32:22] [Server] Server started and listening on port 5000
[2026-08-31 16:32:22] [Database] MongoDB Connected successfully: 76.13.244.61
[2026-08-31 16:32:22] Admin user already exists
[2026-08-31 16:32:24] [Logger] Running log cleanup check. Retention limit: 30 days.
[2026-08-31 16:32:24] [Logger] Cleanup completed. No expired log files found.
[2026-08-31 16:32:24] [Logger] Automated log cleanup scheduler started (runs every 24 hours).
[2026-08-31 16:32:24] [Server] Server started and listening on port 5000
[2026-08-31 16:32:24] [Database] MongoDB Connected successfully: 76.13.244.61
[2026-08-31 16:32:24] Admin user already exists
[2026-08-31 16:32:27] [Logger] Running log cleanup check. Retention limit: 30 days.
[2026-08-31 16:32:27] [Logger] Cleanup completed. No expired log files found.
[2026-08-31 16:32:27] [Logger] Automated log cleanup scheduler started (runs every 24 hours).
[2026-08-31 16:32:27] [Server] Server started and listening on port 5000
[2026-08-31 16:32:27] [Database] MongoDB Connected successfully: 76.13.244.61
[2026-08-31 16:32:27] Admin user already exists
[2026-08-31 16:32:29] [Logger] Running log cleanup check. Retention limit: 30 days.
[2026-08-31 16:32:29] [Logger] Cleanup completed. No expired log files found.
[2026-08-31 16:32:29] [Logger] Automated log cleanup scheduler started (runs every 24 hours).
[2026-08-31 16:32:29] [Server] Server started and listening on port 5000
[2026-08-31 16:32:29] [Database] MongoDB Connected successfully: 76.13.244.61
[2026-08-31 16:32:29] Admin user already exists
[2026-08-31 16:32:42] [Logger] Running log cleanup check. Retention limit: 30 days.
[2026-08-31 16:32:42] [Logger] Cleanup completed. No expired log files found.
[2026-08-31 16:32:42] [Logger] Automated log cleanup scheduler started (runs every 24 hours).
[2026-08-31 16:32:42] [Server] Server started and listening on port 5000
[2026-08-31 16:32:42] [Database] MongoDB Connected successfully: 76.13.244.61
[2026-08-31 16:32:42] Admin user already exists
[2026-08-31 16:32:49] [Logger] Running log cleanup check. Retention limit: 30 days.
[2026-08-31 16:32:49] [Logger] Cleanup completed. No expired log files found.
[2026-08-31 16:32:49] [Logger] Automated log cleanup scheduler started (runs every 24 hours).
[2026-08-31 16:32:49] [Server] Server started and listening on port 5000
[2026-08-31 16:32:49] [Database] MongoDB Connected successfully: 76.13.244.61
[2026-08-31 16:32:49] Admin user already exists
[2026-08-31 16:34:56] [Logger] Running log cleanup check. Retention limit: 30 days.
[2026-08-31 16:34:56] [Logger] Cleanup completed. No expired log files found.
[2026-08-31 16:34:56] [Logger] Automated log cleanup scheduler started (runs every 24 hours).
[2026-08-31 16:34:56] [Server] Server started and listening on port 5000
[2026-08-31 16:34:57] [Database] MongoDB Connected successfully: 76.13.244.61
[2026-08-31 16:34:57] Admin user already exists
[2026-08-31 16:40:38] [Logger] Running log cleanup check. Retention limit: 30 days.
[2026-08-31 16:40:38] [Logger] Cleanup completed. No expired log files found.
[2026-08-31 16:40:38] [Logger] Automated log cleanup scheduler started (runs every 24 hours).
[2026-08-31 16:40:38] [Server] Server started and listening on port 5000
[2026-08-31 16:40:38] [Database] MongoDB Connected successfully: 76.13.244.61
[2026-08-31 16:40:38] Admin user already exists
[2026-08-31 16:49:17] [Logger] Running log cleanup check. Retention limit: 30 days.
[2026-08-31 16:49:17] [Logger] Cleanup completed. No expired log files found.
[2026-08-31 16:49:17] [Logger] Automated log cleanup scheduler started (runs every 24 hours).
[2026-08-31 16:49:17] [Server] Server started and listening on port 5000
[2026-08-31 16:49:18] [Database] MongoDB Connected successfully: 76.13.244.61
[2026-08-31 16:49:18] Admin user already exists
[2026-08-31 16:50:46] [Logger] Running log cleanup check. Retention limit: 30 days.
[2026-08-31 16:50:46] [Logger] Cleanup completed. No expired log files found.
[2026-08-31 16:50:46] [Logger] Automated log cleanup scheduler started (runs every 24 hours).
[2026-08-31 16:50:46] [Server] Server started and listening on port 5000
[2026-08-31 16:50:46] [Database] MongoDB Connected successfully: 76.13.244.61
[2026-08-31 16:50:46] Admin user already exists
[2026-08-31 16:52:07] [Logger] Running log cleanup check. Retention limit: 30 days.
[2026-08-31 16:52:07] [Logger] Cleanup completed. No expired log files found.
[2026-08-31 16:52:07] [Logger] Automated log cleanup scheduler started (runs every 24 hours).
[2026-08-31 16:52:07] [Server] Server started and listening on port 5000
[2026-08-31 16:52:07] [Database] MongoDB Connected successfully: 76.13.244.61
[2026-08-31 16:52:07] Admin user already exists
[2026-08-31 16:52:58] [Logger] Running log cleanup check. Retention limit: 30 days.
[2026-08-31 16:52:58] [Logger] Cleanup completed. No expired log files found.
[2026-08-31 16:52:58] [Logger] Automated log cleanup scheduler started (runs every 24 hours).
[2026-08-31 16:52:58] [Server] Server started and listening on port 5000
[2026-08-31 16:52:59] [Database] MongoDB Connected successfully: 76.13.244.61
[2026-08-31 16:52:59] Admin user already exists
[2026-08-31 16:53:07] [Logger] Running log cleanup check. Retention limit: 30 days.
[2026-08-31 16:53:07] [Logger] Cleanup completed. No expired log files found.
[2026-08-31 16:53:07] [Logger] Automated log cleanup scheduler started (runs every 24 hours).
[2026-08-31 16:53:07] [Server] Server started and listening on port 5000
[2026-08-31 16:53:08] [Database] MongoDB Connected successfully: 76.13.244.61
[2026-08-31 16:53:08] Admin user already exists
[2026-08-31 16:53:52] [Logger] Running log cleanup check. Retention limit: 30 days.
[2026-08-31 16:53:52] [Logger] Cleanup completed. No expired log files found.
[2026-08-31 16:53:52] [Logger] Automated log cleanup scheduler started (runs every 24 hours).
[2026-08-31 16:53:52] [Server] Server started and listening on port 5000
[2026-08-31 16:53:52] [Database] MongoDB Connected successfully: 76.13.244.61
[2026-08-31 16:53:52] Admin user already exists
[2026-08-31 16:54:41] OTP sent to jayamweb.designer2@gmail.com
[2026-08-31 16:55:08] [ProductService] List fetched successfully. Count: 0
[2026-08-31 16:55:08] [ProductService] List fetched successfully. Count: 0
[2026-08-31 16:55:33] [ProductService] Created successfully: 6a9564ad8e9441a0f3e5334a - Artificial flower Malai
[2026-08-31 16:55:33] [ProductService] List fetched successfully. Count: 1
[2026-08-31 16:55:55] [ProductService] Updated successfully: 6a9564ad8e9441a0f3e5334a - breakfast
[2026-08-31 16:55:55] [ProductService] List fetched successfully. Count: 1
[2026-08-31 16:59:21] [ProductService] List fetched successfully. Count: 1
[2026-08-31 16:59:21] [ProductService] List fetched successfully. Count: 1
[2026-08-31 16:59:23] [ProductService] List fetched successfully. Count: 1
[2026-08-31 16:59:23] [ProductService] List fetched successfully. Count: 1
[2026-08-31 16:59:25] [ProductService] List fetched successfully. Count: 1
[2026-08-31 16:59:25] [ProductService] List fetched successfully. Count: 1
[2026-08-31 16:59:38] [ProductService] List fetched successfully. Count: 1
[2026-08-31 16:59:38] [ProductService] List fetched successfully. Count: 1
[2026-08-31 16:59:55] [ProductService] List fetched successfully. Count: 1
[2026-08-31 16:59:55] [ProductService] List fetched successfully. Count: 1
[2026-08-31 17:00:04] [ProductService] List fetched successfully. Count: 1
[2026-08-31 17:00:04] [ProductService] List fetched successfully. Count: 1
[2026-08-31 17:00:26] [ProductService] Fetched successfully: 6a9564ad8e9441a0f3e5334a - breakfast
[2026-08-31 17:00:33] [ProductService] Fetched successfully: 6a9564ad8e9441a0f3e5334a - breakfast
[2026-08-31 17:00:35] [ProductService] Fetched successfully: 6a9564ad8e9441a0f3e5334a - breakfast
[2026-08-31 17:00:39] [ProductService] Fetched successfully: 6a9564ad8e9441a0f3e5334a - breakfast
[2026-08-31 17:00:49] [ProductService] Fetched successfully: 6a9564ad8e9441a0f3e5334a - breakfast
[2026-08-31 17:09:27] [Logger] Running log cleanup check. Retention limit: 30 days.
[2026-08-31 17:09:27] [Logger] Cleanup completed. No expired log files found.
[2026-08-31 17:09:27] [Logger] Automated log cleanup scheduler started (runs every 24 hours).
[2026-08-31 17:09:27] [Server] Server started and listening on port 5000
[2026-08-31 17:09:27] [Database] MongoDB Connected successfully: 76.13.244.61
[2026-08-31 17:09:28] Admin user already exists
[2026-08-31 17:10:13] [Logger] Running log cleanup check. Retention limit: 30 days.
[2026-08-31 17:10:13] [Logger] Cleanup completed. No expired log files found.
[2026-08-31 17:10:13] [Logger] Automated log cleanup scheduler started (runs every 24 hours).
[2026-08-31 17:10:13] [Server] Server started and listening on port 5000
[2026-08-31 17:10:13] [Database] MongoDB Connected successfully: 76.13.244.61
[2026-08-31 17:10:14] Admin user already exists
[2026-08-31 17:12:00] [ProductService] List fetched successfully. Count: 1
[2026-08-31 17:12:00] [ProductService] List fetched successfully. Count: 1
[2026-08-31 17:18:14] [Logger] Running log cleanup check. Retention limit: 30 days.
[2026-08-31 17:18:14] [Logger] Cleanup completed. No expired log files found.
[2026-08-31 17:18:14] [Logger] Automated log cleanup scheduler started (runs every 24 hours).
[2026-08-31 17:18:14] [Server] Server started and listening on port 5000
[2026-08-31 17:18:14] [Database] MongoDB Connected successfully: 76.13.244.61
[2026-08-31 17:18:14] Admin user already exists
[2026-08-31 17:19:05] [Logger] Running log cleanup check. Retention limit: 30 days.
[2026-08-31 17:19:05] [Logger] Cleanup completed. No expired log files found.
[2026-08-31 17:19:05] [Logger] Automated log cleanup scheduler started (runs every 24 hours).
[2026-08-31 17:19:05] [Server] Server started and listening on port 5000
[2026-08-31 17:19:05] [Database] MongoDB Connected successfully: 76.13.244.61
[2026-08-31 17:19:05] Admin user already exists
[2026-08-31 17:19:13] [Logger] Running log cleanup check. Retention limit: 30 days.
[2026-08-31 17:19:13] [Logger] Cleanup completed. No expired log files found.
[2026-08-31 17:19:13] [Logger] Automated log cleanup scheduler started (runs every 24 hours).
[2026-08-31 17:19:13] [Server] Server started and listening on port 5000
[2026-08-31 17:19:13] [Database] MongoDB Connected successfully: 76.13.244.61
[2026-08-31 17:19:13] Admin user already exists
[2026-08-31 17:19:20] [ProductService] List fetched successfully. Count: 1
[2026-08-31 17:19:20] [ProductService] List fetched successfully. Count: 1
[2026-08-31 17:19:21] [ProductService] List fetched successfully. Count: 1
[2026-08-31 17:19:21] [ProductService] List fetched successfully. Count: 1
[2026-08-31 17:19:22] [ProductService] List fetched successfully. Count: 1
[2026-08-31 17:19:22] [ProductService] List fetched successfully. Count: 1
[2026-08-31 17:19:23] [ProductService] List fetched successfully. Count: 1
[2026-08-31 17:19:23] [ProductService] List fetched successfully. Count: 1
[2026-08-31 17:19:23] [ProductService] List fetched successfully. Count: 1
[2026-08-31 17:19:23] [ProductService] List fetched successfully. Count: 1
[2026-08-31 17:19:24] [ProductService] List fetched successfully. Count: 1
[2026-08-31 17:19:24] [ProductService] List fetched successfully. Count: 1
[2026-08-31 17:19:24] [ProductService] List fetched successfully. Count: 1
[2026-08-31 17:19:24] [ProductService] List fetched successfully. Count: 1
[2026-08-31 17:19:25] [ProductService] List fetched successfully. Count: 1
[2026-08-31 17:19:25] [ProductService] List fetched successfully. Count: 1
[2026-08-31 17:19:25] [ProductService] List fetched successfully. Count: 1
[2026-08-31 17:19:25] [ProductService] List fetched successfully. Count: 1
[2026-08-31 17:19:26] [ProductService] List fetched successfully. Count: 1
[2026-08-31 17:19:26] [ProductService] List fetched successfully. Count: 1
[2026-08-31 17:19:26] [ProductService] List fetched successfully. Count: 1
[2026-08-31 17:19:26] [ProductService] List fetched successfully. Count: 1
[2026-08-31 17:19:40] [ProductService] List fetched successfully. Count: 1
[2026-08-31 17:19:40] [ProductService] List fetched successfully. Count: 1
[2026-08-31 17:19:41] [ProductService] Fetched successfully: 6a9564ad8e9441a0f3e5334a - breakfast
[2026-08-31 17:19:42] [ProductService] Fetched successfully: 6a9564ad8e9441a0f3e5334a - breakfast
[2026-08-31 17:19:43] [ProductService] Fetched successfully: 6a9564ad8e9441a0f3e5334a - breakfast
[2026-08-31 17:19:43] [ProductService] Fetched successfully: 6a9564ad8e9441a0f3e5334a - breakfast
[2026-08-31 17:19:43] [ProductService] Fetched successfully: 6a9564ad8e9441a0f3e5334a - breakfast
[2026-08-31 17:19:43] [ProductService] Fetched successfully: 6a9564ad8e9441a0f3e5334a - breakfast
[2026-08-31 17:19:44] [ProductService] Fetched successfully: 6a9564ad8e9441a0f3e5334a - breakfast
[2026-08-31 17:19:44] [ProductService] Fetched successfully: 6a9564ad8e9441a0f3e5334a - breakfast
[2026-08-31 17:19:46] [ProductService] Fetched successfully: 6a9564ad8e9441a0f3e5334a - breakfast
[2026-08-31 17:19:50] [ProductService] List fetched successfully. Count: 1
[2026-08-31 17:19:50] [ProductService] List fetched successfully. Count: 1
[2026-08-31 17:19:51] [ProductService] Fetched successfully: 6a9564ad8e9441a0f3e5334a - breakfast
[2026-08-31 17:20:00] [ProductService] Created successfully: 6a956a683f866985510cd49f - Artificial flower Malai
[2026-08-31 17:20:00] [ProductService] List fetched successfully. Count: 2
[2026-08-31 17:20:00] [ProductService] List fetched successfully. Count: 2
[2026-08-31 17:20:01] [ProductService] Fetched successfully: 6a956a683f866985510cd49f - Artificial flower Malai
[2026-08-31 17:20:02] [ProductService] Fetched successfully: 6a9564ad8e9441a0f3e5334a - breakfast
[2026-08-31 17:20:18] [ProductService] Fetched successfully: 6a956a683f866985510cd49f - Artificial flower Malai
[2026-08-31 17:21:57] [ProductService] List fetched successfully. Count: 2
[2026-08-31 17:21:57] [ProductService] List fetched successfully. Count: 2
[2026-08-31 18:01:07] [Admin Verify] Token expired: jwt expired
[2026-08-31 18:01:07] [Admin Verify] Token expired: jwt expired
[2026-08-31 18:01:14] [Admin Verify] Token expired: jwt expired
[2026-08-31 18:01:14] [Admin Verify] Token expired: jwt expired
[2026-08-31 18:01:15] [Auth Verify] Token expired: jwt expired
[2026-08-31 18:01:15] [Auth Verify] Token expired: jwt expired
[2026-08-31 18:03:46] [Logger] Running log cleanup check. Retention limit: 30 days.
[2026-08-31 18:03:46] [Logger] Cleanup completed. No expired log files found.
[2026-08-31 18:03:46] [Logger] Automated log cleanup scheduler started (runs every 24 hours).
[2026-08-31 18:03:46] [Server] Server started and listening on port 5000
[2026-08-31 18:03:46] [Database] MongoDB Connected successfully: 76.13.244.61
[2026-08-31 18:03:46] Admin user already exists
[2026-08-31 18:04:25] OTP sent to jayamweb.designer2@gmail.com
[2026-08-31 18:06:48] [ProductService] List fetched successfully. Count: 2
[2026-08-31 18:06:48] [ProductService] List fetched successfully. Count: 2
[2026-08-31 18:29:14] [Logger] Running log cleanup check. Retention limit: 30 days.
[2026-08-31 18:29:14] [Logger] Cleanup completed. No expired log files found.
[2026-08-31 18:29:14] [Logger] Automated log cleanup scheduler started (runs every 24 hours).
[2026-08-31 18:29:14] [Server] Server started and listening on port 5000
[2026-08-31 18:29:14] [Database] MongoDB Connected successfully: 76.13.244.61
[2026-08-31 18:29:14] Admin user already exists
