[2026-09-01 09:36:45] [Logger] Running log cleanup check. Retention limit: 30 days.
[2026-09-01 09:36:45] [Logger] Cleanup completed. No expired log files found.
[2026-09-01 09:36:45] [Logger] Automated log cleanup scheduler started (runs every 24 hours).
[2026-09-01 09:36:45] [Server] Server started and listening on port 5000
[2026-09-01 09:36:45] [Database] MongoDB Connected successfully: 76.13.244.61
[2026-09-01 09:36:45] Admin user already exists
[2026-09-01 10:37:39] [Customer] Customers fetched successfully. Count: 1
[2026-09-01 10:37:40] [Customer] Customers fetched successfully. Count: 1
[2026-09-01 10:37:43] [Customer] Customers fetched successfully. Count: 1
[2026-09-01 10:37:43] [Customer] Customers fetched successfully. Count: 1
[2026-09-01 10:37:44] [Customer] Customers fetched successfully. Count: 1
[2026-09-01 10:37:44] [Customer] Customers fetched successfully. Count: 1
[2026-09-01 10:37:45] [Customer] Customers fetched successfully. Count: 1
[2026-09-01 10:37:45] [Customer] Customers fetched successfully. Count: 1
[2026-09-01 10:39:18] [Customer] Customers fetched successfully. Count: 1
[2026-09-01 10:39:18] [Customer] Customers fetched successfully. Count: 1
[2026-09-01 10:48:43] [Customer] Customers fetched successfully. Count: 1
[2026-09-01 10:48:43] [Customer] Customers fetched successfully. Count: 1
[2026-09-01 10:48:44] [Customer] Customer fetched successfully: 6a95575731a8933117d9f841 - JayamWeb Madhavan
[2026-09-01 10:49:05] [Customer] Customers fetched successfully. Count: 1
[2026-09-01 10:49:05] [Customer] Customers fetched successfully. Count: 1
[2026-09-01 10:49:36] [Customer] Customers fetched successfully. Count: 1
[2026-09-01 10:49:36] [Customer] Customers fetched successfully. Count: 1
[2026-09-01 10:49:40] [Customer] Customers fetched successfully. Count: 1
[2026-09-01 10:49:40] [Customer] Customers fetched successfully. Count: 1
[2026-09-01 10:53:44] [Logger] Running log cleanup check. Retention limit: 30 days.
[2026-09-01 10:53:44] [Logger] Cleanup completed. No expired log files found.
[2026-09-01 10:53:44] [Logger] Automated log cleanup scheduler started (runs every 24 hours).
[2026-09-01 10:53:44] [Server] Server started and listening on port 5000
[2026-09-01 10:53:44] [Database] MongoDB Connected successfully: 76.13.244.61
[2026-09-01 10:53:44] Admin user already exists
[2026-09-01 10:53:51] [Logger] Running log cleanup check. Retention limit: 30 days.
[2026-09-01 10:53:51] [Logger] Cleanup completed. No expired log files found.
[2026-09-01 10:53:51] [Logger] Automated log cleanup scheduler started (runs every 24 hours).
[2026-09-01 10:53:51] [Server] Server started and listening on port 5000
[2026-09-01 10:53:51] [Database] MongoDB Connected successfully: 76.13.244.61
[2026-09-01 10:53:51] Admin user already exists
[2026-09-01 10:55:31] [Logger] Running log cleanup check. Retention limit: 30 days.
[2026-09-01 10:55:31] [Logger] Cleanup completed. No expired log files found.
[2026-09-01 10:55:31] [Logger] Automated log cleanup scheduler started (runs every 24 hours).
[2026-09-01 10:55:31] [Server] Server started and listening on port 5000
[2026-09-01 10:55:31] [Database] MongoDB Connected successfully: 76.13.244.61
[2026-09-01 10:55:31] Admin user already exists
[2026-09-01 10:55:39] [Logger] Running log cleanup check. Retention limit: 30 days.
[2026-09-01 10:55:39] [Logger] Cleanup completed. No expired log files found.
[2026-09-01 10:55:39] [Logger] Automated log cleanup scheduler started (runs every 24 hours).
[2026-09-01 10:55:39] [Server] Server started and listening on port 5000
[2026-09-01 10:55:39] [Database] MongoDB Connected successfully: 76.13.244.61
[2026-09-01 10:55:39] Admin user already exists
[2026-09-01 10:56:15] [Logger] Running log cleanup check. Retention limit: 30 days.
[2026-09-01 10:56:15] [Logger] Cleanup completed. No expired log files found.
[2026-09-01 10:56:15] [Logger] Automated log cleanup scheduler started (runs every 24 hours).
[2026-09-01 10:56:15] [Server] Server started and listening on port 5000
[2026-09-01 10:56:16] [Logger] Running log cleanup check. Retention limit: 30 days.
[2026-09-01 10:56:16] [Logger] Cleanup completed. No expired log files found.
[2026-09-01 10:56:16] [Logger] Automated log cleanup scheduler started (runs every 24 hours).
[2026-09-01 10:56:16] [Server] Server started and listening on port 5000
[2026-09-01 10:56:17] [Database] MongoDB Connected successfully: 76.13.244.61
[2026-09-01 10:56:17] Admin user already exists
[2026-09-01 10:56:21] [Logger] Running log cleanup check. Retention limit: 30 days.
[2026-09-01 10:56:21] [Logger] Cleanup completed. No expired log files found.
[2026-09-01 10:56:21] [Logger] Automated log cleanup scheduler started (runs every 24 hours).
[2026-09-01 10:56:21] [Server] Server started and listening on port 5000
[2026-09-01 10:56:21] [Database] MongoDB Connected successfully: 76.13.244.61
[2026-09-01 10:56:21] Admin user already exists
[2026-09-01 11:05:28] [Logger] Running log cleanup check. Retention limit: 30 days.
[2026-09-01 11:05:28] [Logger] Cleanup completed. No expired log files found.
[2026-09-01 11:05:28] [Logger] Automated log cleanup scheduler started (runs every 24 hours).
[2026-09-01 11:05:28] [Server] Server started and listening on port 5000
[2026-09-01 11:05:28] [Database] MongoDB Connected successfully: 76.13.244.61
[2026-09-01 11:05:28] Admin user already exists
[2026-09-01 11:05:52] OTP sent to jayamweb.designer2@gmail.com
[2026-09-01 11:07:31] INFO
[2026-09-01 11:07:39] INFO
[2026-09-01 11:07:40] INFO
[2026-09-01 11:07:40] INFO
[2026-09-01 11:07:40] INFO
[2026-09-01 11:10:13] INFO
[2026-09-01 11:10:29] INFO
[2026-09-01 11:10:29] INFO
[2026-09-01 11:11:19] INFO
[2026-09-01 11:12:01] INFO
[2026-09-01 11:12:01] INFO
[2026-09-01 11:13:43] INFO
[2026-09-01 11:13:58] INFO
[2026-09-01 11:15:37] INFO
[2026-09-01 11:15:37] INFO
[2026-09-01 11:16:44] INFO
[2026-09-01 11:23:09] INFO
[2026-09-01 11:23:09] INFO
[2026-09-01 11:24:44] INFO
[2026-09-01 11:24:44] INFO
[2026-09-01 11:25:02] INFO
[2026-09-01 11:25:02] INFO
[2026-09-01 11:25:10] INFO
[2026-09-01 11:25:10] INFO
[2026-09-01 11:25:23] INFO
[2026-09-01 11:25:23] INFO
[2026-09-01 11:26:10] INFO
[2026-09-01 11:26:10] INFO
[2026-09-01 11:27:01] INFO
[2026-09-01 11:27:01] INFO
[2026-09-01 11:27:28] INFO
[2026-09-01 11:27:28] INFO
[2026-09-01 11:27:38] INFO
[2026-09-01 11:27:38] INFO
[2026-09-01 11:28:08] [Customer] Customers fetched successfully. Count: 1
[2026-09-01 11:28:08] [Customer] Customers fetched successfully. Count: 1
[2026-09-01 11:28:12] INFO
[2026-09-01 11:28:12] INFO
[2026-09-01 11:28:32] [Customer] Customers fetched successfully. Count: 1
[2026-09-01 11:28:32] [Customer] Customers fetched successfully. Count: 1
[2026-09-01 11:28:38] INFO
[2026-09-01 11:28:38] INFO
[2026-09-01 11:29:31] INFO
[2026-09-01 11:29:31] INFO
[2026-09-01 11:39:44] INFO
[2026-09-01 11:39:44] INFO
[2026-09-01 11:47:33] INFO
[2026-09-01 11:47:34] INFO
[2026-09-01 11:50:07] [Customer] Customers fetched successfully. Count: 1
[2026-09-01 11:50:07] [Customer] Customers fetched successfully. Count: 1
[2026-09-01 11:50:10] INFO
[2026-09-01 11:50:10] INFO
[2026-09-01 12:06:21] INFO
[2026-09-01 12:06:21] INFO
[2026-09-01 12:06:39] INFO
[2026-09-01 12:06:39] INFO
[2026-09-01 12:08:07] INFO
[2026-09-01 12:08:08] INFO
[2026-09-01 12:09:39] INFO
[2026-09-01 12:09:39] INFO
[2026-09-01 12:10:00] INFO
[2026-09-01 12:10:00] INFO
[2026-09-01 12:11:15] INFO
[2026-09-01 12:11:15] INFO
[2026-09-01 12:46:29] INFO
[2026-09-01 12:46:30] INFO
[2026-09-01 12:47:06] INFO
[2026-09-01 12:47:06] INFO
[2026-09-01 12:48:14] INFO
[2026-09-01 12:48:14] INFO
[2026-09-01 12:48:25] INFO
[2026-09-01 12:48:25] INFO
[2026-09-01 12:57:40] INFO
[2026-09-01 12:57:40] INFO
[2026-09-01 13:01:35] INFO
[2026-09-01 13:01:35] INFO
[2026-09-01 13:43:25] INFO
[2026-09-01 13:43:25] INFO
[2026-09-01 13:54:32] INFO
[2026-09-01 13:54:32] INFO
[2026-09-01 13:57:16] INFO
[2026-09-01 13:57:16] INFO
[2026-09-01 13:57:54] INFO
[2026-09-01 13:57:54] INFO
[2026-09-01 13:59:59] INFO
[2026-09-01 14:00:00] INFO
[2026-09-01 14:01:02] [Customer] Customers fetched successfully. Count: 1
[2026-09-01 14:01:02] [Customer] Customers fetched successfully. Count: 1
[2026-09-01 14:01:26] [Customer] Customer fetched successfully: 6a95575731a8933117d9f841 - JayamWeb Madhavan
[2026-09-01 14:01:29] [Customer] Customer fetched successfully: 6a95575731a8933117d9f841 - JayamWeb Madhavan
[2026-09-01 14:01:48] [Customer] Customers fetched successfully. Count: 1
[2026-09-01 14:01:48] [Customer] Customers fetched successfully. Count: 1
[2026-09-01 14:01:49] [Customer] Customers fetched successfully. Count: 1
[2026-09-01 14:01:49] [Customer] Customers fetched successfully. Count: 1
[2026-09-01 14:02:00] [Customer] Customers fetched successfully. Count: 1
[2026-09-01 14:02:00] [Customer] Customers fetched successfully. Count: 1
[2026-09-01 14:04:31] [Customer] Customers fetched successfully. Count: 1
[2026-09-01 14:04:31] [Customer] Customers fetched successfully. Count: 1
[2026-09-01 14:04:32] [Customer] Customers fetched successfully. Count: 1
[2026-09-01 14:04:33] [Customer] Customers fetched successfully. Count: 1
[2026-09-01 14:04:35] [Customer] Customers fetched successfully. Count: 1
[2026-09-01 14:04:35] [Customer] Customers fetched successfully. Count: 1
[2026-09-01 14:04:56] INFO
[2026-09-01 14:04:56] INFO
[2026-09-01 14:05:32] INFO
[2026-09-01 14:05:32] INFO
[2026-09-01 14:06:35] INFO
[2026-09-01 14:06:35] INFO
[2026-09-01 14:06:56] INFO
[2026-09-01 14:06:56] INFO
[2026-09-01 14:08:04] INFO
[2026-09-01 14:08:04] INFO
[2026-09-01 14:10:58] INFO
[2026-09-01 14:10:58] INFO
[2026-09-01 14:13:04] INFO
[2026-09-01 14:13:04] INFO
[2026-09-01 14:19:37] INFO
[2026-09-01 14:19:37] INFO
[2026-09-01 14:20:54] INFO
[2026-09-01 14:20:54] INFO
[2026-09-01 14:21:42] INFO
[2026-09-01 14:21:42] INFO
[2026-09-01 14:22:49] INFO
[2026-09-01 14:22:49] INFO
[2026-09-01 14:25:45] INFO
[2026-09-01 14:25:45] INFO
[2026-09-01 14:28:29] [Customer] Customers fetched successfully. Count: 1
[2026-09-01 14:28:29] [Customer] Customers fetched successfully. Count: 1
[2026-09-01 14:28:45] INFO
[2026-09-01 14:28:45] INFO
[2026-09-01 14:28:53] INFO
[2026-09-01 14:28:53] INFO
[2026-09-01 14:29:06] [Customer] Customers fetched successfully. Count: 1
[2026-09-01 14:29:06] [Customer] Customers fetched successfully. Count: 1
[2026-09-01 14:29:38] INFO
[2026-09-01 14:29:38] INFO
[2026-09-01 14:30:37] INFO
[2026-09-01 14:30:37] INFO
[2026-09-01 14:35:28] INFO
[2026-09-01 14:35:28] INFO
[2026-09-01 14:37:11] INFO
[2026-09-01 14:37:11] INFO
[2026-09-01 14:37:23] INFO
[2026-09-01 14:37:23] INFO
[2026-09-01 14:37:25] INFO
[2026-09-01 14:37:25] INFO
[2026-09-01 14:37:29] INFO
[2026-09-01 14:37:29] INFO
[2026-09-01 14:37:31] INFO
[2026-09-01 14:37:31] INFO
[2026-09-01 14:38:03] INFO
[2026-09-01 14:38:03] INFO
[2026-09-01 14:38:36] INFO
[2026-09-01 14:38:37] INFO
[2026-09-01 14:39:53] INFO
[2026-09-01 14:39:53] INFO
[2026-09-01 14:41:38] INFO
[2026-09-01 14:41:38] INFO
[2026-09-01 14:42:29] INFO
[2026-09-01 14:42:29] INFO
[2026-09-01 14:47:54] INFO
[2026-09-01 14:47:54] INFO
[2026-09-01 15:03:25] INFO
[2026-09-01 15:03:25] INFO
[2026-09-01 15:03:45] INFO
[2026-09-01 15:03:45] INFO
[2026-09-01 15:03:59] INFO
[2026-09-01 15:03:59] INFO
[2026-09-01 15:04:45] INFO
[2026-09-01 15:04:45] INFO
[2026-09-01 15:04:48] INFO
[2026-09-01 15:04:48] INFO
[2026-09-01 15:05:28] INFO
[2026-09-01 15:05:28] INFO
[2026-09-01 15:05:44] INFO
[2026-09-01 15:05:44] INFO
[2026-09-01 15:07:16] INFO
[2026-09-01 15:07:17] INFO
[2026-09-01 15:07:35] INFO
[2026-09-01 15:07:35] INFO
[2026-09-01 15:10:09] INFO
[2026-09-01 15:10:09] INFO
[2026-09-01 15:11:02] INFO
[2026-09-01 15:11:02] INFO
[2026-09-01 15:11:51] INFO
[2026-09-01 15:11:51] INFO
[2026-09-01 15:20:11] INFO
[2026-09-01 15:20:11] INFO
[2026-09-01 15:20:21] INFO
[2026-09-01 15:20:21] INFO
[2026-09-01 15:21:18] INFO
[2026-09-01 15:21:18] INFO
[2026-09-01 15:21:36] INFO
[2026-09-01 15:21:36] INFO
[2026-09-01 15:21:58] INFO
[2026-09-01 15:21:58] INFO
[2026-09-01 15:25:07] INFO
[2026-09-01 15:25:07] INFO
[2026-09-01 15:40:03] INFO
[2026-09-01 15:40:03] INFO
[2026-09-01 15:40:27] INFO
[2026-09-01 15:40:27] INFO
[2026-09-01 15:41:05] INFO
[2026-09-01 15:41:05] INFO
[2026-09-01 15:41:14] INFO
[2026-09-01 15:41:14] INFO
[2026-09-01 15:41:15] INFO
[2026-09-01 15:41:15] INFO
[2026-09-01 15:59:11] INFO
[2026-09-01 15:59:11] INFO
[2026-09-01 16:11:24] INFO
[2026-09-01 16:11:24] INFO
[2026-09-01 16:19:23] INFO
[2026-09-01 16:19:23] INFO
[2026-09-01 16:39:01] INFO
[2026-09-01 16:39:01] INFO
[2026-09-01 16:41:00] INFO
[2026-09-01 16:41:00] INFO
[2026-09-01 16:59:10] INFO
[2026-09-01 16:59:10] INFO
[2026-09-01 16:59:40] INFO
[2026-09-01 16:59:40] INFO
[2026-09-01 17:07:28] INFO
[2026-09-01 17:07:28] INFO
[2026-09-01 17:17:38] INFO
[2026-09-01 17:17:38] INFO
[2026-09-01 17:18:48] INFO
[2026-09-01 17:18:48] INFO
[2026-09-01 17:38:47] INFO
[2026-09-01 17:38:47] INFO
[2026-09-01 17:40:12] INFO
[2026-09-01 17:54:45] INFO
[2026-09-01 17:54:45] INFO
[2026-09-01 18:00:24] INFO
[2026-09-01 18:00:24] INFO
[2026-09-01 18:02:29] INFO
[2026-09-01 18:02:29] INFO
[2026-09-01 18:03:24] INFO
[2026-09-01 18:03:24] INFO
[2026-09-01 18:03:55] INFO
[2026-09-01 18:03:55] INFO
[2026-09-01 18:11:35] INFO
[2026-09-01 18:11:35] INFO
[2026-09-01 18:11:57] INFO
[2026-09-01 18:11:57] INFO
[2026-09-01 18:12:34] INFO
[2026-09-01 18:12:35] INFO
[2026-09-01 18:12:37] INFO
[2026-09-01 18:12:37] INFO
[2026-09-01 18:12:50] INFO
[2026-09-01 18:12:50] INFO
[2026-09-01 18:15:29] INFO
[2026-09-01 18:16:00] INFO
[2026-09-01 18:16:00] INFO
[2026-09-01 18:16:13] INFO
[2026-09-01 18:16:13] INFO
[2026-09-01 18:16:15] INFO
[2026-09-01 18:16:36] INFO
[2026-09-01 18:16:36] INFO
[2026-09-01 18:16:39] INFO
[2026-09-01 18:16:39] INFO
[2026-09-01 18:17:02] INFO
[2026-09-01 18:17:02] INFO
[2026-09-01 18:17:04] INFO
[2026-09-01 18:17:04] INFO
[2026-09-01 18:17:05] INFO
[2026-09-01 18:17:05] INFO
