[2026-09-03 11:40:32] [Logger] Running log cleanup check. Retention limit: 30 days.
[2026-09-03 11:40:32] [Logger] Cleanup completed. No expired log files found.
[2026-09-03 11:40:32] [Logger] Automated log cleanup scheduler started (runs every 24 hours).
[2026-09-03 11:40:32] [Server] Server started and listening on port 5000
[2026-09-03 11:40:32] [Database] MongoDB Connected successfully: 76.13.244.61
[2026-09-03 11:40:32] Admin user already exists
[2026-09-03 11:46:01] [Auth Verify] Authentication token not found
[2026-09-03 11:46:01] [Auth Verify] Authentication token not found
[2026-09-03 11:46:06] [Auth Verify] Authentication token not found
[2026-09-03 11:46:06] [Auth Verify] Authentication token not found
[2026-09-03 11:46:35] [Auth Verify] Authentication token not found
[2026-09-03 11:46:35] [Auth Verify] Authentication token not found
[2026-09-03 11:46:40] [Auth Verify] Authentication token not found
[2026-09-03 11:46:40] [Auth Verify] Authentication token not found
[2026-09-03 11:46:42] [Auth Verify] Authentication token not found
[2026-09-03 11:46:42] [Auth Verify] Authentication token not found
[2026-09-03 11:46:52] [Auth Verify] Authentication token not found
[2026-09-03 11:46:52] [Auth Verify] Authentication token not found
[2026-09-03 11:46:58] [Auth Verify] Authentication token not found
[2026-09-03 11:46:58] [Auth Verify] Authentication token not found
[2026-09-03 11:47:06] [Auth Verify] Authentication token not found
[2026-09-03 11:47:06] [Auth Verify] Authentication token not found
[2026-09-03 11:47:11] [Auth Verify] Authentication token not found
[2026-09-03 11:47:11] [Auth Verify] Authentication token not found
[2026-09-03 11:47:18] OTP sent to jayamweb.designer2@gmail.com
[2026-09-03 12:00:06] User logged out: Manikandan
[2026-09-03 12:00:41] [Auth Verify] Authentication token not found
[2026-09-03 12:00:41] [Auth Verify] Authentication token not found
[2026-09-03 12:07:23] OTP sent to jayamweb.designer2@gmail.com
[2026-09-03 12:08:28] User logged out: Manikandan
[2026-09-03 12:08:34] OTP sent to jayamweb.designer2@gmail.com
[2026-09-03 12:10:54] [Logger] Running log cleanup check. Retention limit: 30 days.
[2026-09-03 12:10:54] [Logger] Cleanup completed. No expired log files found.
[2026-09-03 12:10:54] [Logger] Automated log cleanup scheduler started (runs every 24 hours).
[2026-09-03 12:10:54] [Server] Server started and listening on port 5000
[2026-09-03 12:10:55] [Database] MongoDB Connected successfully: 76.13.244.61
[2026-09-03 12:10:55] Admin user already exists
[2026-09-03 12:14:42] OTP sent to jayamweb.designer2@gmail.com
[2026-09-03 12:15:34] User logged out: Manikandan
[2026-09-03 12:15:39] OTP sent to jayamweb.designer2@gmail.com
[2026-09-03 12:17:53] User logged out: Manikandan
[2026-09-03 12:17:55] [Auth Verify] Authentication token not found
[2026-09-03 12:17:55] [Auth Verify] Authentication token not found
[2026-09-03 12:18:03] OTP sent to jayamweb.designer2@gmail.com
[2026-09-03 12:35:24] [Logger] Running log cleanup check. Retention limit: 30 days.
[2026-09-03 12:35:24] [Logger] Cleanup completed. No expired log files found.
[2026-09-03 12:35:24] [Logger] Automated log cleanup scheduler started (runs every 24 hours).
[2026-09-03 12:35:24] [Server] Server started and listening on port 5000
[2026-09-03 12:35:24] [Database] MongoDB Connected successfully: 76.13.244.61
[2026-09-03 12:35:25] Admin user already exists
[2026-09-03 12:38:47] User logged out: Manikandan
[2026-09-03 12:38:54] OTP sent to manikandan110305@gmail.com
[2026-09-03 12:39:48] [Admin Verify] Forbidden access. User ID: 6a991cf6a80990e7ab0fcff3, Role: receptionist
[2026-09-03 12:39:48] [Admin Verify] Forbidden access. User ID: 6a991cf6a80990e7ab0fcff3, Role: receptionist
[2026-09-03 12:40:56] [Admin Verify] Forbidden access. User ID: 6a991cf6a80990e7ab0fcff3, Role: receptionist
[2026-09-03 12:40:56] [Admin Verify] Forbidden access. User ID: 6a991cf6a80990e7ab0fcff3, Role: receptionist
[2026-09-03 12:43:03] User logged out: Manikandan
[2026-09-03 12:43:09] OTP sent to jayamweb.designer2@gmail.com
[2026-09-03 12:51:00] [Auth Verify] Authentication token not found
[2026-09-03 12:51:00] [Auth Verify] Authentication token not found
[2026-09-03 12:51:08] OTP sent to manikandan110305@gmail.com
[2026-09-03 12:59:59] [Logger] Running log cleanup check. Retention limit: 30 days.
[2026-09-03 12:59:59] [Logger] Cleanup completed. No expired log files found.
[2026-09-03 12:59:59] [Logger] Automated log cleanup scheduler started (runs every 24 hours).
[2026-09-03 12:59:59] [Server] Server started and listening on port 5000
[2026-09-03 13:00:00] [Database] MongoDB Connected successfully: 76.13.244.61
[2026-09-03 13:00:00] Admin user already exists
[2026-09-03 13:39:21] [Logger] Running log cleanup check. Retention limit: 30 days.
[2026-09-03 13:39:21] [Logger] Cleanup completed. No expired log files found.
[2026-09-03 13:39:21] [Logger] Automated log cleanup scheduler started (runs every 24 hours).
[2026-09-03 13:39:21] [Server] Server started and listening on port 5000
[2026-09-03 13:39:21] [Database] MongoDB Connected successfully: 76.13.244.61
[2026-09-03 13:39:21] Admin user already exists
[2026-09-03 13:39:23] [Logger] Running log cleanup check. Retention limit: 30 days.
[2026-09-03 13:39:23] [Logger] Cleanup completed. No expired log files found.
[2026-09-03 13:39:23] [Logger] Automated log cleanup scheduler started (runs every 24 hours).
[2026-09-03 13:39:23] [Server] Server started and listening on port 5000
[2026-09-03 13:39:23] [Database] MongoDB Connected successfully: 76.13.244.61
[2026-09-03 13:39:23] Admin user already exists
[2026-09-03 13:39:28] [Logger] Running log cleanup check. Retention limit: 30 days.
[2026-09-03 13:39:28] [Logger] Cleanup completed. No expired log files found.
[2026-09-03 13:39:28] [Logger] Automated log cleanup scheduler started (runs every 24 hours).
[2026-09-03 13:39:28] [Server] Server started and listening on port 5000
[2026-09-03 13:39:28] [Database] MongoDB Connected successfully: 76.13.244.61
[2026-09-03 13:39:28] Admin user already exists
[2026-09-03 13:40:04] [Logger] Running log cleanup check. Retention limit: 30 days.
[2026-09-03 13:40:04] [Logger] Cleanup completed. No expired log files found.
[2026-09-03 13:40:04] [Logger] Automated log cleanup scheduler started (runs every 24 hours).
[2026-09-03 13:40:04] [Server] Server started and listening on port 5000
[2026-09-03 13:40:04] [Database] MongoDB Connected successfully: 76.13.244.61
[2026-09-03 13:40:04] Admin user already exists
[2026-09-03 13:40:15] OTP sent to jayamweb.designer2@gmail.com
[2026-09-03 13:40:33] OTP sent to jayamweb.designer2@gmail.com
[2026-09-03 13:47:59] [Logger] Running log cleanup check. Retention limit: 30 days.
[2026-09-03 13:47:59] [Logger] Cleanup completed. No expired log files found.
[2026-09-03 13:47:59] [Logger] Automated log cleanup scheduler started (runs every 24 hours).
[2026-09-03 13:47:59] [Server] Server started and listening on port 5000
[2026-09-03 13:47:59] [Database] MongoDB Connected successfully: 76.13.244.61
[2026-09-03 13:47:59] Admin user already exists
[2026-09-03 13:48:05] [Logger] Running log cleanup check. Retention limit: 30 days.
[2026-09-03 13:48:05] [Logger] Cleanup completed. No expired log files found.
[2026-09-03 13:48:05] [Logger] Automated log cleanup scheduler started (runs every 24 hours).
[2026-09-03 13:48:05] [Server] Server started and listening on port 5000
[2026-09-03 13:48:05] [Database] MongoDB Connected successfully: 76.13.244.61
[2026-09-03 13:48:06] Admin user already exists
[2026-09-03 13:48:13] [Logger] Running log cleanup check. Retention limit: 30 days.
[2026-09-03 13:48:13] [Logger] Cleanup completed. No expired log files found.
[2026-09-03 13:48:13] [Logger] Automated log cleanup scheduler started (runs every 24 hours).
[2026-09-03 13:48:13] [Server] Server started and listening on port 5000
[2026-09-03 13:48:13] [Database] MongoDB Connected successfully: 76.13.244.61
[2026-09-03 13:48:13] Admin user already exists
[2026-09-03 13:48:17] [Logger] Running log cleanup check. Retention limit: 30 days.
[2026-09-03 13:48:17] [Logger] Cleanup completed. No expired log files found.
[2026-09-03 13:48:17] [Logger] Automated log cleanup scheduler started (runs every 24 hours).
[2026-09-03 13:48:17] [Server] Server started and listening on port 5000
[2026-09-03 13:48:17] [Database] MongoDB Connected successfully: 76.13.244.61
[2026-09-03 13:48:17] Admin user already exists
[2026-09-03 13:50:07] [Logger] Running log cleanup check. Retention limit: 30 days.
[2026-09-03 13:50:07] [Logger] Cleanup completed. No expired log files found.
[2026-09-03 13:50:07] [Logger] Automated log cleanup scheduler started (runs every 24 hours).
[2026-09-03 13:50:07] [Server] Server started and listening on port 5000
[2026-09-03 13:50:07] [Database] MongoDB Connected successfully: 76.13.244.61
[2026-09-03 13:50:07] Admin user already exists
[2026-09-03 13:51:18] [Logger] Running log cleanup check. Retention limit: 30 days.
[2026-09-03 13:51:18] [Logger] Cleanup completed. No expired log files found.
[2026-09-03 13:51:18] [Logger] Automated log cleanup scheduler started (runs every 24 hours).
[2026-09-03 13:51:18] [Server] Server started and listening on port 5000
[2026-09-03 13:51:18] [Database] MongoDB Connected successfully: 76.13.244.61
[2026-09-03 13:51:18] Admin user already exists
[2026-09-03 13:51:34] [Logger] Running log cleanup check. Retention limit: 30 days.
[2026-09-03 13:51:34] [Logger] Cleanup completed. No expired log files found.
[2026-09-03 13:51:34] [Logger] Automated log cleanup scheduler started (runs every 24 hours).
[2026-09-03 13:51:34] [Server] Server started and listening on port 5000
[2026-09-03 13:51:34] [Database] MongoDB Connected successfully: 76.13.244.61
[2026-09-03 13:51:35] Admin user already exists
[2026-09-03 13:51:45] [Logger] Running log cleanup check. Retention limit: 30 days.
[2026-09-03 13:51:45] [Logger] Cleanup completed. No expired log files found.
[2026-09-03 13:51:45] [Logger] Automated log cleanup scheduler started (runs every 24 hours).
[2026-09-03 13:51:45] [Server] Server started and listening on port 5000
[2026-09-03 13:51:45] [Database] MongoDB Connected successfully: 76.13.244.61
[2026-09-03 13:51:45] Admin user already exists
[2026-09-03 13:52:10] [Logger] Running log cleanup check. Retention limit: 30 days.
[2026-09-03 13:52:10] [Logger] Cleanup completed. No expired log files found.
[2026-09-03 13:52:10] [Logger] Automated log cleanup scheduler started (runs every 24 hours).
[2026-09-03 13:52:10] [Server] Server started and listening on port 5000
[2026-09-03 13:52:10] [Database] MongoDB Connected successfully: 76.13.244.61
[2026-09-03 13:52:10] Admin user already exists
[2026-09-03 13:52:15] [Logger] Running log cleanup check. Retention limit: 30 days.
[2026-09-03 13:52:15] [Logger] Cleanup completed. No expired log files found.
[2026-09-03 13:52:15] [Logger] Automated log cleanup scheduler started (runs every 24 hours).
[2026-09-03 13:52:15] [Server] Server started and listening on port 5000
[2026-09-03 13:52:15] [Database] MongoDB Connected successfully: 76.13.244.61
[2026-09-03 13:52:15] Admin user already exists
[2026-09-03 13:52:57] [Logger] Running log cleanup check. Retention limit: 30 days.
[2026-09-03 13:52:57] [Logger] Cleanup completed. No expired log files found.
[2026-09-03 13:52:57] [Logger] Automated log cleanup scheduler started (runs every 24 hours).
[2026-09-03 13:52:57] [Server] Server started and listening on port 5000
[2026-09-03 13:52:58] [Database] MongoDB Connected successfully: 76.13.244.61
[2026-09-03 13:52:58] Admin user already exists
[2026-09-03 13:53:01] [Logger] Running log cleanup check. Retention limit: 30 days.
[2026-09-03 13:53:01] [Logger] Cleanup completed. No expired log files found.
[2026-09-03 13:53:01] [Logger] Automated log cleanup scheduler started (runs every 24 hours).
[2026-09-03 13:53:01] [Server] Server started and listening on port 5000
[2026-09-03 13:53:01] [Database] MongoDB Connected successfully: 76.13.244.61
[2026-09-03 13:53:02] Admin user already exists
[2026-09-03 13:53:03] [Logger] Running log cleanup check. Retention limit: 30 days.
[2026-09-03 13:53:03] [Logger] Cleanup completed. No expired log files found.
[2026-09-03 13:53:03] [Logger] Automated log cleanup scheduler started (runs every 24 hours).
[2026-09-03 13:53:03] [Server] Server started and listening on port 5000
[2026-09-03 13:53:04] [Database] MongoDB Connected successfully: 76.13.244.61
[2026-09-03 13:53:05] [Logger] Running log cleanup check. Retention limit: 30 days.
[2026-09-03 13:53:05] [Logger] Cleanup completed. No expired log files found.
[2026-09-03 13:53:05] [Logger] Automated log cleanup scheduler started (runs every 24 hours).
[2026-09-03 13:53:05] [Server] Server started and listening on port 5000
[2026-09-03 13:53:05] [Database] MongoDB Connected successfully: 76.13.244.61
[2026-09-03 13:53:07] [Logger] Running log cleanup check. Retention limit: 30 days.
[2026-09-03 13:53:07] [Logger] Cleanup completed. No expired log files found.
[2026-09-03 13:53:07] [Logger] Automated log cleanup scheduler started (runs every 24 hours).
[2026-09-03 13:53:07] [Server] Server started and listening on port 5000
[2026-09-03 13:53:07] [Database] MongoDB Connected successfully: 76.13.244.61
[2026-09-03 13:53:07] Admin user already exists
[2026-09-03 14:04:01] [Logger] Running log cleanup check. Retention limit: 30 days.
[2026-09-03 14:04:01] [Logger] Cleanup completed. No expired log files found.
[2026-09-03 14:04:01] [Logger] Automated log cleanup scheduler started (runs every 24 hours).
[2026-09-03 14:04:01] [Server] Server started and listening on port 5000
[2026-09-03 14:04:01] [Database] MongoDB Connected successfully: 76.13.244.61
[2026-09-03 14:04:01] Admin user already exists
[2026-09-03 14:04:09] OTP sent to jayamweb.designer2@gmail.com
[2026-09-03 14:04:40] OTP sent to jayamweb.designer2@gmail.com
[2026-09-03 14:05:57] [Logger] Running log cleanup check. Retention limit: 30 days.
[2026-09-03 14:05:57] [Logger] Cleanup completed. No expired log files found.
[2026-09-03 14:05:57] [Logger] Automated log cleanup scheduler started (runs every 24 hours).
[2026-09-03 14:05:57] [Server] Server started and listening on port 5000
[2026-09-03 14:05:58] [Database] MongoDB Connected successfully: 76.13.244.61
[2026-09-03 14:05:58] Admin user already exists
[2026-09-03 14:06:14] OTP sent to jayamweb.designer2@gmail.com
[2026-09-03 14:09:07] OTP sent to jayamweb.designer2@gmail.com
[2026-09-03 14:09:43] OTP sent to jayamweb.designer2@gmail.com
[2026-09-03 14:14:58] OTP sent to jayamweb.designer2@gmail.com
[2026-09-03 14:20:14] [Logger] Running log cleanup check. Retention limit: 30 days.
[2026-09-03 14:20:14] [Logger] Cleanup completed. No expired log files found.
[2026-09-03 14:20:14] [Logger] Automated log cleanup scheduler started (runs every 24 hours).
[2026-09-03 14:20:14] [Server] Server started and listening on port 5000
[2026-09-03 14:20:14] [Database] MongoDB Connected successfully: 76.13.244.61
[2026-09-03 14:20:14] Admin user already exists
[2026-09-03 14:20:24] [Logger] Running log cleanup check. Retention limit: 30 days.
[2026-09-03 14:20:24] [Logger] Cleanup completed. No expired log files found.
[2026-09-03 14:20:24] [Logger] Automated log cleanup scheduler started (runs every 24 hours).
[2026-09-03 14:20:24] [Server] Server started and listening on port 5000
[2026-09-03 14:20:24] [Database] MongoDB Connected successfully: 76.13.244.61
[2026-09-03 14:20:24] Admin user already exists
[2026-09-03 14:20:38] [Logger] Running log cleanup check. Retention limit: 30 days.
[2026-09-03 14:20:38] [Logger] Cleanup completed. No expired log files found.
[2026-09-03 14:20:38] [Logger] Automated log cleanup scheduler started (runs every 24 hours).
[2026-09-03 14:20:38] [Server] Server started and listening on port 5000
[2026-09-03 14:20:38] [Database] MongoDB Connected successfully: 76.13.244.61
[2026-09-03 14:20:38] Admin user already exists
[2026-09-03 14:20:48] OTP sent to jayamweb.designer2@gmail.com
[2026-09-03 14:23:27] [Logger] Running log cleanup check. Retention limit: 30 days.
[2026-09-03 14:23:27] [Logger] Cleanup completed. No expired log files found.
[2026-09-03 14:23:27] [Logger] Automated log cleanup scheduler started (runs every 24 hours).
[2026-09-03 14:23:27] [Server] Server started and listening on port 5000
[2026-09-03 14:23:27] [Database] MongoDB Connected successfully: 76.13.244.61
[2026-09-03 14:23:27] Admin user already exists
[2026-09-03 14:23:39] [Logger] Running log cleanup check. Retention limit: 30 days.
[2026-09-03 14:23:39] [Logger] Cleanup completed. No expired log files found.
[2026-09-03 14:23:39] [Logger] Automated log cleanup scheduler started (runs every 24 hours).
[2026-09-03 14:23:39] [Server] Server started and listening on port 5000
[2026-09-03 14:23:39] [Database] MongoDB Connected successfully: 76.13.244.61
[2026-09-03 14:23:40] Admin user already exists
[2026-09-03 14:37:57] [Logger] Running log cleanup check. Retention limit: 30 days.
[2026-09-03 14:37:57] [Logger] Cleanup completed. No expired log files found.
[2026-09-03 14:37:57] [Logger] Automated log cleanup scheduler started (runs every 24 hours).
[2026-09-03 14:37:57] [Server] Server started and listening on port 5000
[2026-09-03 14:37:57] [Database] MongoDB Connected successfully: 76.13.244.61
[2026-09-03 14:37:58] Admin user already exists
[2026-09-03 14:44:43] [Logger] Running log cleanup check. Retention limit: 30 days.
[2026-09-03 14:44:43] [Logger] Cleanup completed. No expired log files found.
[2026-09-03 14:44:43] [Logger] Automated log cleanup scheduler started (runs every 24 hours).
[2026-09-03 14:44:43] [Server] Server started and listening on port 5000
[2026-09-03 14:44:43] [Database] MongoDB Connected successfully: 76.13.244.61
[2026-09-03 14:44:43] Admin user already exists
[2026-09-03 14:55:59] [Logger] Running log cleanup check. Retention limit: 30 days.
[2026-09-03 14:55:59] [Logger] Cleanup completed. No expired log files found.
[2026-09-03 14:55:59] [Logger] Automated log cleanup scheduler started (runs every 24 hours).
[2026-09-03 14:55:59] [Server] Server started and listening on port 5000
[2026-09-03 14:56:00] [Database] MongoDB Connected successfully: 76.13.244.61
[2026-09-03 14:56:00] Admin user already exists
[2026-09-03 14:56:02] [Logger] Running log cleanup check. Retention limit: 30 days.
[2026-09-03 14:56:02] [Logger] Cleanup completed. No expired log files found.
[2026-09-03 14:56:02] [Logger] Automated log cleanup scheduler started (runs every 24 hours).
[2026-09-03 14:56:02] [Server] Server started and listening on port 5000
[2026-09-03 14:56:03] [Database] MongoDB Connected successfully: 76.13.244.61
[2026-09-03 14:56:03] Admin user already exists
[2026-09-03 14:57:03] User logged out: Manikandan
[2026-09-03 14:57:12] OTP sent to manikandan110305@gmail.com
[2026-09-03 14:58:40] [Logger] Running log cleanup check. Retention limit: 30 days.
[2026-09-03 14:58:40] [Logger] Cleanup completed. No expired log files found.
[2026-09-03 14:58:40] [Logger] Automated log cleanup scheduler started (runs every 24 hours).
[2026-09-03 14:58:40] [Server] Server started and listening on port 5000
[2026-09-03 14:58:41] [Database] MongoDB Connected successfully: 76.13.244.61
[2026-09-03 14:58:41] Admin user already exists
[2026-09-03 14:59:30] [Logger] Running log cleanup check. Retention limit: 30 days.
[2026-09-03 14:59:30] [Logger] Cleanup completed. No expired log files found.
[2026-09-03 14:59:30] [Logger] Automated log cleanup scheduler started (runs every 24 hours).
[2026-09-03 14:59:30] [Server] Server started and listening on port 5000
[2026-09-03 14:59:30] [Database] MongoDB Connected successfully: 76.13.244.61
[2026-09-03 14:59:31] Admin user already exists
[2026-09-03 14:59:40] User logged out: Manikandan
[2026-09-03 14:59:47] OTP sent to jayamweb.designer2@gmail.com
[2026-09-03 15:14:11] [Logger] Running log cleanup check. Retention limit: 30 days.
[2026-09-03 15:14:11] [Logger] Cleanup completed. No expired log files found.
[2026-09-03 15:14:11] [Logger] Automated log cleanup scheduler started (runs every 24 hours).
[2026-09-03 15:14:11] [Server] Server started and listening on port 5000
[2026-09-03 15:14:11] [Database] MongoDB Connected successfully: 76.13.244.61
[2026-09-03 15:14:11] Admin user already exists
[2026-09-03 15:15:04] [Logger] Running log cleanup check. Retention limit: 30 days.
[2026-09-03 15:15:04] [Logger] Cleanup completed. No expired log files found.
[2026-09-03 15:15:04] [Logger] Automated log cleanup scheduler started (runs every 24 hours).
[2026-09-03 15:15:04] [Server] Server started and listening on port 5000
[2026-09-03 15:15:04] [Database] MongoDB Connected successfully: 76.13.244.61
[2026-09-03 15:15:04] Admin user already exists
[2026-09-03 15:15:09] [Logger] Running log cleanup check. Retention limit: 30 days.
[2026-09-03 15:15:09] [Logger] Cleanup completed. No expired log files found.
[2026-09-03 15:15:09] [Logger] Automated log cleanup scheduler started (runs every 24 hours).
[2026-09-03 15:15:09] [Server] Server started and listening on port 5000
[2026-09-03 15:15:10] [Database] MongoDB Connected successfully: 76.13.244.61
[2026-09-03 15:15:10] Admin user already exists
[2026-09-03 15:16:06] [Logger] Running log cleanup check. Retention limit: 30 days.
[2026-09-03 15:16:06] [Logger] Cleanup completed. No expired log files found.
[2026-09-03 15:16:06] [Logger] Automated log cleanup scheduler started (runs every 24 hours).
[2026-09-03 15:16:06] [Server] Server started and listening on port 5000
[2026-09-03 15:16:06] [Database] MongoDB Connected successfully: 76.13.244.61
[2026-09-03 15:16:07] Admin user already exists
[2026-09-03 15:18:57] [Logger] Running log cleanup check. Retention limit: 30 days.
[2026-09-03 15:18:57] [Logger] Cleanup completed. No expired log files found.
[2026-09-03 15:18:57] [Logger] Automated log cleanup scheduler started (runs every 24 hours).
[2026-09-03 15:18:57] [Server] Server started and listening on port 5000
[2026-09-03 15:18:57] [Database] MongoDB Connected successfully: 76.13.244.61
[2026-09-03 15:18:58] Admin user already exists
[2026-09-03 15:19:03] [Logger] Running log cleanup check. Retention limit: 30 days.
[2026-09-03 15:19:03] [Logger] Cleanup completed. No expired log files found.
[2026-09-03 15:19:03] [Logger] Automated log cleanup scheduler started (runs every 24 hours).
[2026-09-03 15:19:03] [Server] Server started and listening on port 5000
[2026-09-03 15:19:03] [Database] MongoDB Connected successfully: 76.13.244.61
[2026-09-03 15:19:03] Admin user already exists
[2026-09-03 15:19:14] [Logger] Running log cleanup check. Retention limit: 30 days.
[2026-09-03 15:19:14] [Logger] Cleanup completed. No expired log files found.
[2026-09-03 15:19:14] [Logger] Automated log cleanup scheduler started (runs every 24 hours).
[2026-09-03 15:19:14] [Server] Server started and listening on port 5000
[2026-09-03 15:19:15] [Database] MongoDB Connected successfully: 76.13.244.61
[2026-09-03 15:19:15] Admin user already exists
[2026-09-03 15:19:25] [Logger] Running log cleanup check. Retention limit: 30 days.
[2026-09-03 15:19:25] [Logger] Cleanup completed. No expired log files found.
[2026-09-03 15:19:25] [Logger] Automated log cleanup scheduler started (runs every 24 hours).
[2026-09-03 15:19:25] [Server] Server started and listening on port 5000
[2026-09-03 15:19:25] [Database] MongoDB Connected successfully: 76.13.244.61
[2026-09-03 15:19:25] Admin user already exists
[2026-09-03 15:19:28] [Logger] Running log cleanup check. Retention limit: 30 days.
[2026-09-03 15:19:28] [Logger] Cleanup completed. No expired log files found.
[2026-09-03 15:19:28] [Logger] Automated log cleanup scheduler started (runs every 24 hours).
[2026-09-03 15:19:28] [Server] Server started and listening on port 5000
[2026-09-03 15:19:29] [Database] MongoDB Connected successfully: 76.13.244.61
[2026-09-03 15:19:29] Admin user already exists
[2026-09-03 15:19:56] [Logger] Running log cleanup check. Retention limit: 30 days.
[2026-09-03 15:19:56] [Logger] Cleanup completed. No expired log files found.
[2026-09-03 15:19:56] [Logger] Automated log cleanup scheduler started (runs every 24 hours).
[2026-09-03 15:19:56] [Server] Server started and listening on port 5000
[2026-09-03 15:19:56] [Database] MongoDB Connected successfully: 76.13.244.61
[2026-09-03 15:19:56] Admin user already exists
[2026-09-03 15:20:10] [Logger] Running log cleanup check. Retention limit: 30 days.
[2026-09-03 15:20:10] [Logger] Cleanup completed. No expired log files found.
[2026-09-03 15:20:10] [Logger] Automated log cleanup scheduler started (runs every 24 hours).
[2026-09-03 15:20:10] [Server] Server started and listening on port 5000
[2026-09-03 15:20:10] [Database] MongoDB Connected successfully: 76.13.244.61
[2026-09-03 15:20:10] Admin user already exists
[2026-09-03 15:20:30] [Logger] Running log cleanup check. Retention limit: 30 days.
[2026-09-03 15:20:30] [Logger] Cleanup completed. No expired log files found.
[2026-09-03 15:20:30] [Logger] Automated log cleanup scheduler started (runs every 24 hours).
[2026-09-03 15:20:30] [Server] Server started and listening on port 5000
[2026-09-03 15:20:30] [Database] MongoDB Connected successfully: 76.13.244.61
[2026-09-03 15:20:30] Admin user already exists
[2026-09-03 15:26:13] [Logger] Running log cleanup check. Retention limit: 30 days.
[2026-09-03 15:26:13] [Logger] Cleanup completed. No expired log files found.
[2026-09-03 15:26:13] [Logger] Automated log cleanup scheduler started (runs every 24 hours).
[2026-09-03 15:26:13] [Server] Server started and listening on port 5000
[2026-09-03 15:26:13] [Database] MongoDB Connected successfully: 76.13.244.61
[2026-09-03 15:26:14] Admin user already exists
[2026-09-03 15:26:16] [Logger] Running log cleanup check. Retention limit: 30 days.
[2026-09-03 15:26:16] [Logger] Cleanup completed. No expired log files found.
[2026-09-03 15:26:16] [Logger] Automated log cleanup scheduler started (runs every 24 hours).
[2026-09-03 15:26:16] [Server] Server started and listening on port 5000
[2026-09-03 15:26:16] [Database] MongoDB Connected successfully: 76.13.244.61
[2026-09-03 15:26:16] Admin user already exists
[2026-09-03 15:26:20] [Logger] Running log cleanup check. Retention limit: 30 days.
[2026-09-03 15:26:20] [Logger] Cleanup completed. No expired log files found.
[2026-09-03 15:26:20] [Logger] Automated log cleanup scheduler started (runs every 24 hours).
[2026-09-03 15:26:20] [Server] Server started and listening on port 5000
[2026-09-03 15:26:20] [Database] MongoDB Connected successfully: 76.13.244.61
[2026-09-03 15:26:21] Admin user already exists
[2026-09-03 15:45:25] [Logger] Running log cleanup check. Retention limit: 30 days.
[2026-09-03 15:45:25] [Logger] Cleanup completed. No expired log files found.
[2026-09-03 15:45:25] [Logger] Automated log cleanup scheduler started (runs every 24 hours).
[2026-09-03 15:45:25] [Server] Server started and listening on port 5000
[2026-09-03 15:45:25] [Database] MongoDB Connected successfully: 76.13.244.61
[2026-09-03 15:45:25] Admin user already exists
[2026-09-03 15:46:11] [Logger] Running log cleanup check. Retention limit: 30 days.
[2026-09-03 15:46:11] [Logger] Cleanup completed. No expired log files found.
[2026-09-03 15:46:11] [Logger] Automated log cleanup scheduler started (runs every 24 hours).
[2026-09-03 15:46:11] [Server] Server started and listening on port 5000
[2026-09-03 15:46:11] [Database] MongoDB Connected successfully: 76.13.244.61
[2026-09-03 15:46:11] Admin user already exists
[2026-09-03 15:46:24] [Logger] Running log cleanup check. Retention limit: 30 days.
[2026-09-03 15:46:24] [Logger] Cleanup completed. No expired log files found.
[2026-09-03 15:46:24] [Logger] Automated log cleanup scheduler started (runs every 24 hours).
[2026-09-03 15:46:24] [Server] Server started and listening on port 5000
[2026-09-03 15:46:24] [Database] MongoDB Connected successfully: 76.13.244.61
[2026-09-03 15:46:24] Admin user already exists
[2026-09-03 15:47:07] [Logger] Running log cleanup check. Retention limit: 30 days.
[2026-09-03 15:47:07] [Logger] Cleanup completed. No expired log files found.
[2026-09-03 15:47:07] [Logger] Automated log cleanup scheduler started (runs every 24 hours).
[2026-09-03 15:47:07] [Server] Server started and listening on port 5000
[2026-09-03 15:47:07] [Database] MongoDB Connected successfully: 76.13.244.61
[2026-09-03 15:47:07] Admin user already exists
[2026-09-03 15:51:03] [Logger] Running log cleanup check. Retention limit: 30 days.
[2026-09-03 15:51:03] [Logger] Cleanup completed. No expired log files found.
[2026-09-03 15:51:03] [Logger] Automated log cleanup scheduler started (runs every 24 hours).
[2026-09-03 15:51:03] [Server] Server started and listening on port 5000
[2026-09-03 15:51:03] [Database] MongoDB Connected successfully: 76.13.244.61
[2026-09-03 15:51:03] Admin user already exists
[2026-09-03 15:51:13] [Logger] Running log cleanup check. Retention limit: 30 days.
[2026-09-03 15:51:13] [Logger] Cleanup completed. No expired log files found.
[2026-09-03 15:51:13] [Logger] Automated log cleanup scheduler started (runs every 24 hours).
[2026-09-03 15:51:13] [Server] Server started and listening on port 5000
[2026-09-03 15:51:13] [Database] MongoDB Connected successfully: 76.13.244.61
[2026-09-03 15:51:14] Admin user already exists
[2026-09-03 15:53:18] [Logger] Running log cleanup check. Retention limit: 30 days.
[2026-09-03 15:53:18] [Logger] Cleanup completed. No expired log files found.
[2026-09-03 15:53:18] [Logger] Automated log cleanup scheduler started (runs every 24 hours).
[2026-09-03 15:53:18] [Server] Server started and listening on port 5000
[2026-09-03 15:53:18] [Database] MongoDB Connected successfully: 76.13.244.61
[2026-09-03 15:53:18] Admin user already exists
[2026-09-03 15:53:39] [Logger] Running log cleanup check. Retention limit: 30 days.
[2026-09-03 15:53:39] [Logger] Cleanup completed. No expired log files found.
[2026-09-03 15:53:39] [Logger] Automated log cleanup scheduler started (runs every 24 hours).
[2026-09-03 15:53:39] [Server] Server started and listening on port 5000
[2026-09-03 15:53:39] [Database] MongoDB Connected successfully: 76.13.244.61
[2026-09-03 15:53:39] Admin user already exists
[2026-09-03 16:02:05] [Logger] Running log cleanup check. Retention limit: 30 days.
[2026-09-03 16:02:05] [Logger] Cleanup completed. No expired log files found.
[2026-09-03 16:02:05] [Logger] Automated log cleanup scheduler started (runs every 24 hours).
[2026-09-03 16:02:05] [Server] Server started and listening on port 5000
[2026-09-03 16:02:05] [Database] MongoDB Connected successfully: 76.13.244.61
[2026-09-03 16:02:05] Admin user already exists
[2026-09-03 16:09:51] [Logger] Running log cleanup check. Retention limit: 30 days.
[2026-09-03 16:09:51] [Logger] Cleanup completed. No expired log files found.
[2026-09-03 16:09:51] [Logger] Automated log cleanup scheduler started (runs every 24 hours).
[2026-09-03 16:09:51] [Server] Server started and listening on port 5000
[2026-09-03 16:09:51] [Database] MongoDB Connected successfully: 76.13.244.61
[2026-09-03 16:09:51] Admin user already exists
[2026-09-03 16:10:31] [Logger] Running log cleanup check. Retention limit: 30 days.
[2026-09-03 16:10:31] [Logger] Cleanup completed. No expired log files found.
[2026-09-03 16:10:31] [Logger] Automated log cleanup scheduler started (runs every 24 hours).
[2026-09-03 16:10:31] [Server] Server started and listening on port 5000
[2026-09-03 16:10:31] [Database] MongoDB Connected successfully: 76.13.244.61
[2026-09-03 16:10:31] Admin user already exists
[2026-09-03 16:10:39] [Logger] Running log cleanup check. Retention limit: 30 days.
[2026-09-03 16:10:39] [Logger] Cleanup completed. No expired log files found.
[2026-09-03 16:10:39] [Logger] Automated log cleanup scheduler started (runs every 24 hours).
[2026-09-03 16:10:39] [Server] Server started and listening on port 5000
[2026-09-03 16:10:39] [Database] MongoDB Connected successfully: 76.13.244.61
[2026-09-03 16:10:39] Admin user already exists
[2026-09-03 16:33:38] [Logger] Running log cleanup check. Retention limit: 30 days.
[2026-09-03 16:33:38] [Logger] Cleanup completed. No expired log files found.
[2026-09-03 16:33:38] [Logger] Automated log cleanup scheduler started (runs every 24 hours).
[2026-09-03 16:33:38] [Server] Server started and listening on port 5000
[2026-09-03 16:33:38] [Database] MongoDB Connected successfully: 76.13.244.61
[2026-09-03 16:33:38] Admin user already exists
[2026-09-03 16:33:50] [Logger] Running log cleanup check. Retention limit: 30 days.
[2026-09-03 16:33:50] [Logger] Cleanup completed. No expired log files found.
[2026-09-03 16:33:50] [Logger] Automated log cleanup scheduler started (runs every 24 hours).
[2026-09-03 16:33:50] [Server] Server started and listening on port 5000
[2026-09-03 16:33:51] [Database] MongoDB Connected successfully: 76.13.244.61
[2026-09-03 16:33:51] Admin user already exists
[2026-09-03 16:36:17] [Logger] Running log cleanup check. Retention limit: 30 days.
[2026-09-03 16:36:17] [Logger] Cleanup completed. No expired log files found.
[2026-09-03 16:36:17] [Logger] Automated log cleanup scheduler started (runs every 24 hours).
[2026-09-03 16:36:17] [Server] Server started and listening on port 5000
[2026-09-03 16:36:17] [Database] MongoDB Connected successfully: 76.13.244.61
[2026-09-03 16:36:18] Admin user already exists
[2026-09-03 16:36:25] [Logger] Running log cleanup check. Retention limit: 30 days.
[2026-09-03 16:36:25] [Logger] Cleanup completed. No expired log files found.
[2026-09-03 16:36:25] [Logger] Automated log cleanup scheduler started (runs every 24 hours).
[2026-09-03 16:36:25] [Server] Server started and listening on port 5000
[2026-09-03 16:36:25] [Database] MongoDB Connected successfully: 76.13.244.61
[2026-09-03 16:36:25] Admin user already exists
[2026-09-03 16:37:25] [Logger] Running log cleanup check. Retention limit: 30 days.
[2026-09-03 16:37:25] [Logger] Cleanup completed. No expired log files found.
[2026-09-03 16:37:25] [Logger] Automated log cleanup scheduler started (runs every 24 hours).
[2026-09-03 16:37:25] [Server] Server started and listening on port 5000
[2026-09-03 16:37:26] [Database] MongoDB Connected successfully: 76.13.244.61
[2026-09-03 16:37:26] Admin user already exists
[2026-09-03 16:37:32] [Logger] Running log cleanup check. Retention limit: 30 days.
[2026-09-03 16:37:32] [Logger] Cleanup completed. No expired log files found.
[2026-09-03 16:37:32] [Logger] Automated log cleanup scheduler started (runs every 24 hours).
[2026-09-03 16:37:32] [Server] Server started and listening on port 5000
[2026-09-03 16:37:32] [Database] MongoDB Connected successfully: 76.13.244.61
[2026-09-03 16:37:32] Admin user already exists
[2026-09-03 16:38:02] [Logger] Running log cleanup check. Retention limit: 30 days.
[2026-09-03 16:38:02] [Logger] Cleanup completed. No expired log files found.
[2026-09-03 16:38:02] [Logger] Automated log cleanup scheduler started (runs every 24 hours).
[2026-09-03 16:38:02] [Server] Server started and listening on port 5000
[2026-09-03 16:38:02] [Database] MongoDB Connected successfully: 76.13.244.61
[2026-09-03 16:38:02] Admin user already exists
[2026-09-03 16:38:04] [Logger] Running log cleanup check. Retention limit: 30 days.
[2026-09-03 16:38:04] [Logger] Cleanup completed. No expired log files found.
[2026-09-03 16:38:04] [Logger] Automated log cleanup scheduler started (runs every 24 hours).
[2026-09-03 16:38:04] [Server] Server started and listening on port 5000
[2026-09-03 16:38:04] [Database] MongoDB Connected successfully: 76.13.244.61
[2026-09-03 16:38:04] Admin user already exists
[2026-09-03 16:38:08] [Logger] Running log cleanup check. Retention limit: 30 days.
[2026-09-03 16:38:08] [Logger] Cleanup completed. No expired log files found.
[2026-09-03 16:38:08] [Logger] Automated log cleanup scheduler started (runs every 24 hours).
[2026-09-03 16:38:08] [Server] Server started and listening on port 5000
[2026-09-03 16:38:08] [Database] MongoDB Connected successfully: 76.13.244.61
[2026-09-03 16:38:08] Admin user already exists
[2026-09-03 16:38:12] [Logger] Running log cleanup check. Retention limit: 30 days.
[2026-09-03 16:38:12] [Logger] Cleanup completed. No expired log files found.
[2026-09-03 16:38:12] [Logger] Automated log cleanup scheduler started (runs every 24 hours).
[2026-09-03 16:38:12] [Server] Server started and listening on port 5000
[2026-09-03 16:38:13] [Database] MongoDB Connected successfully: 76.13.244.61
[2026-09-03 16:38:13] Admin user already exists
[2026-09-03 16:38:20] [Logger] Running log cleanup check. Retention limit: 30 days.
[2026-09-03 16:38:20] [Logger] Cleanup completed. No expired log files found.
[2026-09-03 16:38:20] [Logger] Automated log cleanup scheduler started (runs every 24 hours).
[2026-09-03 16:38:20] [Server] Server started and listening on port 5000
[2026-09-03 16:38:20] [Database] MongoDB Connected successfully: 76.13.244.61
[2026-09-03 16:38:20] Admin user already exists
[2026-09-03 16:38:24] [Logger] Running log cleanup check. Retention limit: 30 days.
[2026-09-03 16:38:24] [Logger] Cleanup completed. No expired log files found.
[2026-09-03 16:38:24] [Logger] Automated log cleanup scheduler started (runs every 24 hours).
[2026-09-03 16:38:24] [Server] Server started and listening on port 5000
[2026-09-03 16:38:24] [Database] MongoDB Connected successfully: 76.13.244.61
[2026-09-03 16:38:24] Admin user already exists
[2026-09-03 16:38:30] [Logger] Running log cleanup check. Retention limit: 30 days.
[2026-09-03 16:38:30] [Logger] Cleanup completed. No expired log files found.
[2026-09-03 16:38:30] [Logger] Automated log cleanup scheduler started (runs every 24 hours).
[2026-09-03 16:38:30] [Server] Server started and listening on port 5000
[2026-09-03 16:38:30] [Database] MongoDB Connected successfully: 76.13.244.61
[2026-09-03 16:38:30] Admin user already exists
[2026-09-03 16:38:40] [Logger] Running log cleanup check. Retention limit: 30 days.
[2026-09-03 16:38:40] [Logger] Cleanup completed. No expired log files found.
[2026-09-03 16:38:40] [Logger] Automated log cleanup scheduler started (runs every 24 hours).
[2026-09-03 16:38:40] [Server] Server started and listening on port 5000
[2026-09-03 16:38:41] [Database] MongoDB Connected successfully: 76.13.244.61
[2026-09-03 16:38:41] Admin user already exists
[2026-09-03 16:38:43] [Logger] Running log cleanup check. Retention limit: 30 days.
[2026-09-03 16:38:43] [Logger] Cleanup completed. No expired log files found.
[2026-09-03 16:38:43] [Logger] Automated log cleanup scheduler started (runs every 24 hours).
[2026-09-03 16:38:43] [Server] Server started and listening on port 5000
[2026-09-03 16:38:43] [Database] MongoDB Connected successfully: 76.13.244.61
[2026-09-03 16:38:43] Admin user already exists
[2026-09-03 16:38:45] [Logger] Running log cleanup check. Retention limit: 30 days.
[2026-09-03 16:38:45] [Logger] Cleanup completed. No expired log files found.
[2026-09-03 16:38:45] [Logger] Automated log cleanup scheduler started (runs every 24 hours).
[2026-09-03 16:38:45] [Server] Server started and listening on port 5000
[2026-09-03 16:38:46] [Database] MongoDB Connected successfully: 76.13.244.61
[2026-09-03 16:38:46] Admin user already exists
[2026-09-03 16:38:50] [Logger] Running log cleanup check. Retention limit: 30 days.
[2026-09-03 16:38:50] [Logger] Cleanup completed. No expired log files found.
[2026-09-03 16:38:50] [Logger] Automated log cleanup scheduler started (runs every 24 hours).
[2026-09-03 16:38:50] [Server] Server started and listening on port 5000
[2026-09-03 16:38:50] [Database] MongoDB Connected successfully: 76.13.244.61
[2026-09-03 16:38:50] Admin user already exists
[2026-09-03 16:38:53] [Logger] Running log cleanup check. Retention limit: 30 days.
[2026-09-03 16:38:53] [Logger] Cleanup completed. No expired log files found.
[2026-09-03 16:38:53] [Logger] Automated log cleanup scheduler started (runs every 24 hours).
[2026-09-03 16:38:53] [Server] Server started and listening on port 5000
[2026-09-03 16:38:53] [Database] MongoDB Connected successfully: 76.13.244.61
[2026-09-03 16:38:54] Admin user already exists
[2026-09-03 16:38:56] [Logger] Running log cleanup check. Retention limit: 30 days.
[2026-09-03 16:38:56] [Logger] Cleanup completed. No expired log files found.
[2026-09-03 16:38:56] [Logger] Automated log cleanup scheduler started (runs every 24 hours).
[2026-09-03 16:38:56] [Server] Server started and listening on port 5000
[2026-09-03 16:38:56] [Database] MongoDB Connected successfully: 76.13.244.61
[2026-09-03 16:38:56] Admin user already exists
[2026-09-03 16:39:03] [Logger] Running log cleanup check. Retention limit: 30 days.
[2026-09-03 16:39:03] [Logger] Cleanup completed. No expired log files found.
[2026-09-03 16:39:03] [Logger] Automated log cleanup scheduler started (runs every 24 hours).
[2026-09-03 16:39:03] [Server] Server started and listening on port 5000
[2026-09-03 16:39:03] [Database] MongoDB Connected successfully: 76.13.244.61
[2026-09-03 16:39:03] Admin user already exists
[2026-09-03 16:39:10] [Logger] Running log cleanup check. Retention limit: 30 days.
[2026-09-03 16:39:10] [Logger] Cleanup completed. No expired log files found.
[2026-09-03 16:39:10] [Logger] Automated log cleanup scheduler started (runs every 24 hours).
[2026-09-03 16:39:10] [Server] Server started and listening on port 5000
[2026-09-03 16:39:10] [Database] MongoDB Connected successfully: 76.13.244.61
[2026-09-03 16:39:10] Admin user already exists
[2026-09-03 16:39:14] [Logger] Running log cleanup check. Retention limit: 30 days.
[2026-09-03 16:39:14] [Logger] Cleanup completed. No expired log files found.
[2026-09-03 16:39:14] [Logger] Automated log cleanup scheduler started (runs every 24 hours).
[2026-09-03 16:39:14] [Server] Server started and listening on port 5000
[2026-09-03 16:39:15] [Database] MongoDB Connected successfully: 76.13.244.61
[2026-09-03 16:39:15] Admin user already exists
[2026-09-03 16:54:41] [Logger] Running log cleanup check. Retention limit: 30 days.
[2026-09-03 16:54:41] [Logger] Cleanup completed. No expired log files found.
[2026-09-03 16:54:41] [Logger] Automated log cleanup scheduler started (runs every 24 hours).
[2026-09-03 16:54:41] [Server] Server started and listening on port 5000
[2026-09-03 16:54:41] [Database] MongoDB Connected successfully: 76.13.244.61
[2026-09-03 16:54:41] Admin user already exists
[2026-09-03 16:54:44] [Logger] Running log cleanup check. Retention limit: 30 days.
[2026-09-03 16:54:44] [Logger] Cleanup completed. No expired log files found.
[2026-09-03 16:54:44] [Logger] Automated log cleanup scheduler started (runs every 24 hours).
[2026-09-03 16:54:44] [Server] Server started and listening on port 5000
[2026-09-03 16:54:44] [Database] MongoDB Connected successfully: 76.13.244.61
[2026-09-03 16:54:44] Admin user already exists
[2026-09-03 16:54:47] [Logger] Running log cleanup check. Retention limit: 30 days.
[2026-09-03 16:54:47] [Logger] Cleanup completed. No expired log files found.
[2026-09-03 16:54:47] [Logger] Automated log cleanup scheduler started (runs every 24 hours).
[2026-09-03 16:54:47] [Server] Server started and listening on port 5000
[2026-09-03 16:54:48] [Database] MongoDB Connected successfully: 76.13.244.61
[2026-09-03 16:54:48] Admin user already exists
[2026-09-03 17:03:21] [Logger] Running log cleanup check. Retention limit: 30 days.
[2026-09-03 17:03:21] [Logger] Cleanup completed. No expired log files found.
[2026-09-03 17:03:21] [Logger] Automated log cleanup scheduler started (runs every 24 hours).
[2026-09-03 17:03:21] [Server] Server started and listening on port 5000
[2026-09-03 17:03:21] [Database] MongoDB Connected successfully: 76.13.244.61
[2026-09-03 17:03:21] Admin user already exists
[2026-09-03 17:03:29] [Logger] Running log cleanup check. Retention limit: 30 days.
[2026-09-03 17:03:29] [Logger] Cleanup completed. No expired log files found.
[2026-09-03 17:03:29] [Logger] Automated log cleanup scheduler started (runs every 24 hours).
[2026-09-03 17:03:29] [Server] Server started and listening on port 5000
[2026-09-03 17:03:29] [Database] MongoDB Connected successfully: 76.13.244.61
[2026-09-03 17:03:30] Admin user already exists
[2026-09-03 17:08:38] [Logger] Running log cleanup check. Retention limit: 30 days.
[2026-09-03 17:08:38] [Logger] Cleanup completed. No expired log files found.
[2026-09-03 17:08:38] [Logger] Automated log cleanup scheduler started (runs every 24 hours).
[2026-09-03 17:08:38] [Server] Server started and listening on port 5000
[2026-09-03 17:08:38] [Database] MongoDB Connected successfully: 76.13.244.61
[2026-09-03 17:08:39] Admin user already exists
[2026-09-03 17:10:48] [Logger] Running log cleanup check. Retention limit: 30 days.
[2026-09-03 17:10:48] [Logger] Cleanup completed. No expired log files found.
[2026-09-03 17:10:48] [Logger] Automated log cleanup scheduler started (runs every 24 hours).
[2026-09-03 17:10:48] [Server] Server started and listening on port 5000
[2026-09-03 17:10:48] [Database] MongoDB Connected successfully: 76.13.244.61
[2026-09-03 17:10:48] Admin user already exists
[2026-09-03 17:14:30] [Logger] Running log cleanup check. Retention limit: 30 days.
[2026-09-03 17:14:30] [Logger] Cleanup completed. No expired log files found.
[2026-09-03 17:14:30] [Logger] Automated log cleanup scheduler started (runs every 24 hours).
[2026-09-03 17:14:30] [Server] Server started and listening on port 5000
[2026-09-03 17:14:30] [Database] MongoDB Connected successfully: 76.13.244.61
[2026-09-03 17:14:30] Admin user already exists
[2026-09-03 17:17:05] [Logger] Running log cleanup check. Retention limit: 30 days.
[2026-09-03 17:17:05] [Logger] Cleanup completed. No expired log files found.
[2026-09-03 17:17:05] [Logger] Automated log cleanup scheduler started (runs every 24 hours).
[2026-09-03 17:17:05] [Server] Server started and listening on port 5000
[2026-09-03 17:17:05] [Database] MongoDB Connected successfully: 76.13.244.61
[2026-09-03 17:17:05] Admin user already exists
[2026-09-03 17:32:45] [INFO] [Logger] Running log cleanup check. Retention limit: 30 days.
[2026-09-03 17:32:45] [INFO] [Logger] Cleanup completed. No expired log files found.
[2026-09-03 17:32:45] [INFO] [Logger] Automated log cleanup scheduler started (runs every 24 hours).
[2026-09-03 17:32:45] [INFO] [Server] Server started and listening on port 5000
[2026-09-03 17:32:45] [INFO] [Database] MongoDB Connected successfully: 76.13.244.61
[2026-09-03 17:32:46] [INFO] Admin user already exists
[2026-09-03 17:33:00] [INFO] Food item created successfully: Clay Pot Chicken Biryani
[2026-09-03 17:33:11] [INFO] Food item deleted successfully: 6a99611b8f4e0491c56ee14e
[2026-09-03 17:33:15] [INFO] Food item deleted successfully: 6a9961f4ed858e045bddabb7
[2026-09-03 17:33:34] [INFO] Food item created successfully: Rajma Chawal
[2026-09-03 17:33:44] [INFO] Food item deleted successfully: 6a996216ed858e045bddabb8
[2026-09-03 17:34:13] [INFO] Food item created successfully: dsdsdsds
[2026-09-03 17:40:38] [INFO] Food item deleted successfully: 6a99623ded858e045bddabb9
[2026-09-03 17:40:47] [INFO] Food item created successfully: vdcvdcvdc
[2026-09-03 17:43:41] [INFO] [Logger] Running log cleanup check. Retention limit: 30 days.
[2026-09-03 17:43:41] [INFO] [Logger] Cleanup completed. No expired log files found.
[2026-09-03 17:43:41] [INFO] [Logger] Automated log cleanup scheduler started (runs every 24 hours).
[2026-09-03 17:43:41] [INFO] [Server] Server started and listening on port 5000
[2026-09-03 17:43:41] [INFO] [Database] MongoDB Connected successfully: 76.13.244.61
[2026-09-03 17:43:42] [INFO] Admin user already exists
[2026-09-03 17:43:59] [INFO] Food item deleted successfully: 6a9963c7ed858e045bddabba
[2026-09-03 17:44:12] [INFO] Food item created successfully: fdefvdevfd
[2026-09-03 17:45:43] [INFO] [Logger] Running log cleanup check. Retention limit: 30 days.
[2026-09-03 17:45:43] [INFO] [Logger] Cleanup completed. No expired log files found.
[2026-09-03 17:45:43] [INFO] [Logger] Automated log cleanup scheduler started (runs every 24 hours).
[2026-09-03 17:45:43] [INFO] [Server] Server started and listening on port 5000
[2026-09-03 17:45:43] [INFO] [Database] MongoDB Connected successfully: 76.13.244.61
[2026-09-03 17:45:44] [INFO] Admin user already exists
[2026-09-03 17:45:47] [INFO] [Logger] Running log cleanup check. Retention limit: 30 days.
[2026-09-03 17:45:47] [INFO] [Logger] Cleanup completed. No expired log files found.
[2026-09-03 17:45:47] [INFO] [Logger] Automated log cleanup scheduler started (runs every 24 hours).
[2026-09-03 17:45:47] [INFO] [Server] Server started and listening on port 5000
[2026-09-03 17:45:47] [INFO] [Database] MongoDB Connected successfully: 76.13.244.61
[2026-09-03 17:45:47] [INFO] Admin user already exists
[2026-09-03 17:45:49] [INFO] Food item deleted successfully: 6a99649419b581fd29267dee
[2026-09-03 17:45:59] [INFO] Food item created successfully: defvdesfvgd
[2026-09-03 17:46:08] [INFO] Food item deleted successfully: 6a9964ff31057325bbef51c4
[2026-09-03 17:53:48] [INFO] Food item created successfully: xvxv x
[2026-09-03 17:58:25] [INFO] Food item deleted successfully: 6a9966d431057325bbef51c5
[2026-09-03 18:05:54] [INFO] Food item created successfully: sdvdcv d
[2026-09-03 18:11:31] [INFO] [Logger] Running log cleanup check. Retention limit: 30 days.
[2026-09-03 18:11:31] [INFO] [Logger] Cleanup completed. No expired log files found.
[2026-09-03 18:11:31] [INFO] [Logger] Automated log cleanup scheduler started (runs every 24 hours).
[2026-09-03 18:11:31] [INFO] [Server] Server started and listening on port 5000
[2026-09-03 18:11:32] [INFO] [Database] MongoDB Connected successfully: 76.13.244.61
[2026-09-03 18:11:32] [INFO] Admin user already exists
[2026-09-03 18:12:26] [INFO] [Logger] Running log cleanup check. Retention limit: 30 days.
[2026-09-03 18:12:26] [INFO] [Logger] Cleanup completed. No expired log files found.
[2026-09-03 18:12:26] [INFO] [Logger] Automated log cleanup scheduler started (runs every 24 hours).
[2026-09-03 18:12:26] [INFO] [Server] Server started and listening on port 5000
[2026-09-03 18:12:26] [INFO] [Database] MongoDB Connected successfully: 76.13.244.61
[2026-09-03 18:12:27] [INFO] Admin user already exists
[2026-09-03 18:12:33] [INFO] Food item deleted successfully: 6a9969aa31057325bbef51c6
[2026-09-03 18:12:41] [INFO] Food item created successfully: dvdv
[2026-09-03 18:12:53] [INFO] Food item deleted successfully: 6a996b41613fd79bef5894a8
[2026-09-03 18:17:44] [INFO] [Logger] Running log cleanup check. Retention limit: 30 days.
[2026-09-03 18:17:44] [INFO] [Logger] Cleanup completed. No expired log files found.
[2026-09-03 18:17:44] [INFO] [Logger] Automated log cleanup scheduler started (runs every 24 hours).
[2026-09-03 18:17:44] [INFO] [Server] Server started and listening on port 5000
[2026-09-03 18:17:44] [INFO] [Database] MongoDB Connected successfully: 76.13.244.61
[2026-09-03 18:17:45] [INFO] Admin user already exists
[2026-09-03 18:17:52] [INFO] Food item created successfully: dvdvd
[2026-09-03 18:18:00] [INFO] Food item deleted successfully: 6a996c7879762addd874a78a
[2026-09-03 18:19:16] [INFO] [Logger] Running log cleanup check. Retention limit: 30 days.
[2026-09-03 18:19:16] [INFO] [Logger] Cleanup completed. No expired log files found.
[2026-09-03 18:19:16] [INFO] [Logger] Automated log cleanup scheduler started (runs every 24 hours).
[2026-09-03 18:19:16] [INFO] [Server] Server started and listening on port 5000
[2026-09-03 18:19:17] [INFO] [Database] MongoDB Connected successfully: 76.13.244.61
[2026-09-03 18:19:17] [INFO] Admin user already exists
