[2026-09-05 09:42:02] [INFO] [Logger] Running log cleanup check. Retention limit: 30 days.
[2026-09-05 09:42:02] [INFO] [Logger] Cleanup completed. No expired log files found.
[2026-09-05 09:42:02] [INFO] [Logger] Automated log cleanup scheduler started (runs every 24 hours).
[2026-09-05 09:42:02] [INFO] [Server] Server started and listening on port 5000
[2026-09-05 09:42:02] [INFO] [Database] MongoDB Connected successfully: 76.13.244.61
[2026-09-05 09:42:02] [INFO] Admin user already exists
[2026-09-05 09:42:40] [INFO] User logged out: Manikandan
[2026-09-05 09:42:46] [INFO] OTP sent to jayamweb.designer2@gmail.com
[2026-09-05 09:44:43] [INFO] INFO
[2026-09-05 09:44:43] [INFO] INFO
[2026-09-05 09:44:45] [INFO] INFO
[2026-09-05 09:44:45] [INFO] INFO
[2026-09-05 09:44:46] [INFO] INFO
[2026-09-05 09:44:47] [INFO] INFO
[2026-09-05 09:46:39] [INFO] INFO
[2026-09-05 09:46:40] [INFO] INFO
[2026-09-05 09:46:54] [INFO] INFO
[2026-09-05 09:46:54] [INFO] INFO
[2026-09-05 09:47:03] [INFO] Food service added successfully for customer 6a9ac6607069443fc6ce4065: Rajma Chawal (Qty: 1)
[2026-09-05 09:47:05] [INFO] Fetching services for specific customer ID: 6a9ac6607069443fc6ce4065
[2026-09-05 09:47:05] [INFO] INFO
[2026-09-05 09:47:05] [INFO] Successfully retrieved 1 services for customer ID: 6a9ac6607069443fc6ce4065
[2026-09-05 09:47:05] [INFO] INFO
[2026-09-05 09:47:05] [INFO] Fetching services for specific customer ID: 6a9ac6607069443fc6ce4065
[2026-09-05 09:47:05] [INFO] Successfully retrieved 1 services for customer ID: 6a9ac6607069443fc6ce4065
[2026-09-05 09:47:25] [INFO] Fetching services for specific customer ID: 6a9ac6607069443fc6ce4065
[2026-09-05 09:47:25] [INFO] Successfully retrieved 1 services for customer ID: 6a9ac6607069443fc6ce4065
[2026-09-05 09:47:26] [INFO] Fetching services for specific customer ID: 6a9ac6607069443fc6ce4065
[2026-09-05 09:47:26] [INFO] Successfully retrieved 1 services for customer ID: 6a9ac6607069443fc6ce4065
[2026-09-05 10:20:38] [INFO] Fetching services for specific customer ID: 6a9ac6607069443fc6ce4065
[2026-09-05 10:20:38] [INFO] Successfully retrieved 1 services for customer ID: 6a9ac6607069443fc6ce4065
[2026-09-05 10:20:38] [INFO] Fetching services for specific customer ID: 6a9ac6607069443fc6ce4065
[2026-09-05 10:20:38] [INFO] Successfully retrieved 1 services for customer ID: 6a9ac6607069443fc6ce4065
[2026-09-05 10:22:32] [INFO] INFO
[2026-09-05 10:22:32] [INFO] INFO
[2026-09-05 10:22:38] [INFO] Fetching services for specific customer ID: 6a9ac6607069443fc6ce4065
[2026-09-05 10:22:38] [INFO] Successfully retrieved 1 services for customer ID: 6a9ac6607069443fc6ce4065
[2026-09-05 10:22:38] [INFO] Fetching services for specific customer ID: 6a9ac6607069443fc6ce4065
[2026-09-05 10:22:38] [INFO] Successfully retrieved 1 services for customer ID: 6a9ac6607069443fc6ce4065
[2026-09-05 10:22:49] [INFO] INFO
[2026-09-05 10:22:49] [INFO] INFO
[2026-09-05 10:22:52] [INFO] Fetching services for specific customer ID: 6a9ac6607069443fc6ce4065
[2026-09-05 10:22:52] [INFO] Successfully retrieved 1 services for customer ID: 6a9ac6607069443fc6ce4065
[2026-09-05 10:22:52] [INFO] Fetching services for specific customer ID: 6a9ac6607069443fc6ce4065
[2026-09-05 10:22:52] [INFO] Successfully retrieved 1 services for customer ID: 6a9ac6607069443fc6ce4065
[2026-09-05 10:25:43] [INFO] INFO
[2026-09-05 10:25:44] [INFO] INFO
[2026-09-05 10:25:47] [INFO] Fetching services for specific customer ID: 6a9ac6607069443fc6ce4065
[2026-09-05 10:25:47] [INFO] Successfully retrieved 1 services for customer ID: 6a9ac6607069443fc6ce4065
[2026-09-05 10:25:47] [INFO] Fetching services for specific customer ID: 6a9ac6607069443fc6ce4065
[2026-09-05 10:25:47] [INFO] Successfully retrieved 1 services for customer ID: 6a9ac6607069443fc6ce4065
[2026-09-05 10:26:59] [INFO] INFO
[2026-09-05 10:26:59] [INFO] INFO
[2026-09-05 10:27:35] [INFO] Fetching services for specific customer ID: 6a9ac6607069443fc6ce4065
[2026-09-05 10:27:35] [INFO] Successfully retrieved 1 services for customer ID: 6a9ac6607069443fc6ce4065
[2026-09-05 10:27:35] [INFO] Fetching services for specific customer ID: 6a9ac6607069443fc6ce4065
[2026-09-05 10:27:35] [INFO] Successfully retrieved 1 services for customer ID: 6a9ac6607069443fc6ce4065
[2026-09-05 10:28:41] [INFO] INFO
[2026-09-05 10:28:41] [INFO] INFO
[2026-09-05 10:29:02] [INFO] Fetching services for specific customer ID: 6a9ac6607069443fc6ce4065
[2026-09-05 10:29:02] [INFO] Successfully retrieved 1 services for customer ID: 6a9ac6607069443fc6ce4065
[2026-09-05 10:29:02] [INFO] Fetching services for specific customer ID: 6a9ac6607069443fc6ce4065
[2026-09-05 10:29:03] [INFO] Successfully retrieved 1 services for customer ID: 6a9ac6607069443fc6ce4065
[2026-09-05 10:29:51] [INFO] INFO
[2026-09-05 10:29:51] [INFO] INFO
[2026-09-05 10:29:57] [INFO] Fetching services for specific customer ID: 6a9ac6607069443fc6ce4065
[2026-09-05 10:29:57] [INFO] Successfully retrieved 1 services for customer ID: 6a9ac6607069443fc6ce4065
[2026-09-05 10:29:57] [INFO] Fetching services for specific customer ID: 6a9ac6607069443fc6ce4065
[2026-09-05 10:29:57] [INFO] Successfully retrieved 1 services for customer ID: 6a9ac6607069443fc6ce4065
[2026-09-05 10:31:48] [INFO] Fetching services for specific customer ID: 6a9ac6607069443fc6ce4065
[2026-09-05 10:31:48] [INFO] Successfully retrieved 1 services for customer ID: 6a9ac6607069443fc6ce4065
[2026-09-05 10:32:05] [INFO] Fetching services for specific customer ID: 6a9ac6607069443fc6ce4065
[2026-09-05 10:32:05] [INFO] Successfully retrieved 1 services for customer ID: 6a9ac6607069443fc6ce4065
[2026-09-05 10:32:42] [INFO] INFO
[2026-09-05 10:32:42] [INFO] INFO
[2026-09-05 10:32:45] [INFO] Fetching services for specific customer ID: 6a9ac6607069443fc6ce4065
[2026-09-05 10:32:45] [INFO] Successfully retrieved 1 services for customer ID: 6a9ac6607069443fc6ce4065
[2026-09-05 10:32:45] [INFO] Fetching services for specific customer ID: 6a9ac6607069443fc6ce4065
[2026-09-05 10:32:45] [INFO] Successfully retrieved 1 services for customer ID: 6a9ac6607069443fc6ce4065
[2026-09-05 10:38:55] [INFO] Fetching services for specific customer ID: 6a9ac6607069443fc6ce4065
[2026-09-05 10:38:55] [INFO] Successfully retrieved 1 services for customer ID: 6a9ac6607069443fc6ce4065
[2026-09-05 10:38:55] [INFO] Fetching services for specific customer ID: 6a9ac6607069443fc6ce4065
[2026-09-05 10:38:55] [INFO] Successfully retrieved 1 services for customer ID: 6a9ac6607069443fc6ce4065
[2026-09-05 10:46:18] [INFO] INFO
[2026-09-05 10:46:18] [INFO] INFO
[2026-09-05 10:46:21] [INFO] Fetching services for specific customer ID: 6a9ac6607069443fc6ce4065
[2026-09-05 10:46:21] [INFO] Successfully retrieved 1 services for customer ID: 6a9ac6607069443fc6ce4065
[2026-09-05 10:46:21] [INFO] Fetching services for specific customer ID: 6a9ac6607069443fc6ce4065
[2026-09-05 10:46:21] [INFO] Successfully retrieved 1 services for customer ID: 6a9ac6607069443fc6ce4065
[2026-09-05 10:54:58] [INFO] INFO
[2026-09-05 10:54:59] [INFO] INFO
[2026-09-05 10:55:11] [INFO] INFO
[2026-09-05 10:55:11] [INFO] INFO
[2026-09-05 10:55:56] [INFO] INFO
[2026-09-05 10:55:56] [INFO] INFO
[2026-09-05 10:56:04] [INFO] Fetching services for specific customer ID: 6a9ac6607069443fc6ce4065
[2026-09-05 10:56:04] [INFO] Successfully retrieved 1 services for customer ID: 6a9ac6607069443fc6ce4065
[2026-09-05 10:56:05] [INFO] Fetching services for specific customer ID: 6a9ac6607069443fc6ce4065
[2026-09-05 10:56:05] [INFO] Successfully retrieved 1 services for customer ID: 6a9ac6607069443fc6ce4065
[2026-09-05 11:04:55] [INFO] INFO
[2026-09-05 11:04:55] [INFO] INFO
[2026-09-05 11:04:56] [INFO] INFO
[2026-09-05 11:04:56] [INFO] INFO
[2026-09-05 11:06:48] [INFO] [Logger] Running log cleanup check. Retention limit: 30 days.
[2026-09-05 11:06:48] [INFO] [Logger] Cleanup completed. No expired log files found.
[2026-09-05 11:06:48] [INFO] [Logger] Automated log cleanup scheduler started (runs every 24 hours).
[2026-09-05 11:06:48] [INFO] [Server] Server started and listening on port 5000
[2026-09-05 11:06:48] [INFO] [Database] MongoDB Connected successfully: 76.13.244.61
[2026-09-05 11:06:48] [INFO] Admin user already exists
[2026-09-05 11:07:01] [INFO] [Logger] Running log cleanup check. Retention limit: 30 days.
[2026-09-05 11:07:01] [INFO] [Logger] Cleanup completed. No expired log files found.
[2026-09-05 11:07:01] [INFO] [Logger] Automated log cleanup scheduler started (runs every 24 hours).
[2026-09-05 11:07:01] [INFO] [Server] Server started and listening on port 5000
[2026-09-05 11:07:01] [INFO] [Database] MongoDB Connected successfully: 76.13.244.61
[2026-09-05 11:07:01] [INFO] Admin user already exists
[2026-09-05 11:08:15] [INFO] [Logger] Running log cleanup check. Retention limit: 30 days.
[2026-09-05 11:08:15] [INFO] [Logger] Cleanup completed. No expired log files found.
[2026-09-05 11:08:15] [INFO] [Logger] Automated log cleanup scheduler started (runs every 24 hours).
[2026-09-05 11:08:15] [INFO] [Server] Server started and listening on port 5000
[2026-09-05 11:08:15] [INFO] [Database] MongoDB Connected successfully: 76.13.244.61
[2026-09-05 11:08:15] [INFO] Admin user already exists
[2026-09-05 11:10:13] [INFO] INFO
[2026-09-05 11:10:37] [INFO] INFO
[2026-09-05 11:10:37] [INFO] INFO
[2026-09-05 11:10:41] [INFO] INFO
[2026-09-05 11:10:41] [INFO] INFO
[2026-09-05 11:10:41] [INFO] INFO
[2026-09-05 11:10:43] [INFO] INFO
[2026-09-05 11:10:43] [INFO] INFO
[2026-09-05 11:10:44] [INFO] INFO
[2026-09-05 11:10:47] [INFO] INFO
[2026-09-05 11:10:47] [INFO] INFO
[2026-09-05 11:10:47] [INFO] INFO
[2026-09-05 11:10:49] [INFO] INFO
[2026-09-05 11:10:49] [INFO] INFO
[2026-09-05 11:10:50] [INFO] INFO
[2026-09-05 11:10:50] [INFO] INFO
[2026-09-05 11:10:51] [INFO] INFO
[2026-09-05 11:10:51] [INFO] INFO
[2026-09-05 11:12:11] [INFO] Customer booking created successfully for: Manikandan (Room: 101)
[2026-09-05 11:12:11] [INFO] INFO
[2026-09-05 11:12:11] [INFO] INFO
[2026-09-05 11:12:11] [INFO] INFO
[2026-09-05 11:12:24] [INFO] INFO
[2026-09-05 11:12:24] [INFO] INFO
[2026-09-05 11:12:35] [INFO] Food service added successfully for customer 6a9babb3647a4c961d514397: Chicken Parotta (Qty: 1)
[2026-09-05 11:12:38] [INFO] Fetching services for specific customer ID: 6a9babb3647a4c961d514397
[2026-09-05 11:12:38] [INFO] Successfully retrieved 0 services for customer ID: 6a9babb3647a4c961d514397
[2026-09-05 11:12:38] [INFO] INFO
[2026-09-05 11:12:38] [INFO] Fetching services for specific customer ID: 6a9babb3647a4c961d514397
[2026-09-05 11:12:38] [INFO] Successfully retrieved 0 services for customer ID: 6a9babb3647a4c961d514397
[2026-09-05 11:12:38] [INFO] INFO
[2026-09-05 11:12:41] [INFO] Add extra service request received.
[2026-09-05 11:12:41] [INFO] Extra service added successfully with ID: 6a9babd1647a4c961d514399 for customer: 6a9babb3647a4c961d514397
[2026-09-05 11:12:42] [INFO] Update request received for service ID: 6a9babd1647a4c961d514399
[2026-09-05 11:12:42] [INFO] Service updated successfully for ID: 6a9babd1647a4c961d514399
[2026-09-05 11:12:58] [INFO] Fetching services for specific customer ID: 6a9babb3647a4c961d514397
[2026-09-05 11:12:58] [INFO] Successfully retrieved 1 services for customer ID: 6a9babb3647a4c961d514397
[2026-09-05 11:12:58] [INFO] Fetching services for specific customer ID: 6a9babb3647a4c961d514397
[2026-09-05 11:12:59] [INFO] Successfully retrieved 1 services for customer ID: 6a9babb3647a4c961d514397
[2026-09-05 11:16:29] [INFO] INFO
[2026-09-05 11:16:29] [INFO] INFO
[2026-09-05 11:16:33] [INFO] INFO
[2026-09-05 11:16:33] [INFO] INFO
[2026-09-05 11:17:39] [INFO] Customer booking created successfully for: Manikandan (Room: 102)
[2026-09-05 11:17:39] [INFO] INFO
[2026-09-05 11:17:39] [INFO] INFO
[2026-09-05 11:17:40] [INFO] INFO
[2026-09-05 11:18:05] [INFO] Fetching services for specific customer ID: 6a9bacfb647a4c961d51439a
[2026-09-05 11:18:05] [INFO] Successfully retrieved 0 services for customer ID: 6a9bacfb647a4c961d51439a
[2026-09-05 11:18:05] [INFO] Fetching services for specific customer ID: 6a9bacfb647a4c961d51439a
[2026-09-05 11:18:05] [INFO] Successfully retrieved 0 services for customer ID: 6a9bacfb647a4c961d51439a
[2026-09-05 11:19:30] [INFO] Food service added successfully for customer 6a9bacfb647a4c961d51439a: Chicken Parotta (Qty: 1)
[2026-09-05 11:19:32] [INFO] Fetching services for specific customer ID: 6a9bacfb647a4c961d51439a
[2026-09-05 11:19:32] [INFO] Successfully retrieved 0 services for customer ID: 6a9bacfb647a4c961d51439a
[2026-09-05 11:19:32] [INFO] Fetching services for specific customer ID: 6a9bacfb647a4c961d51439a
[2026-09-05 11:19:32] [INFO] INFO
[2026-09-05 11:19:32] [INFO] Successfully retrieved 0 services for customer ID: 6a9bacfb647a4c961d51439a
[2026-09-05 11:19:32] [INFO] INFO
[2026-09-05 11:19:35] [INFO] Add extra service request received.
[2026-09-05 11:19:35] [INFO] Extra service added successfully with ID: 6a9bad6f647a4c961d51439c for customer: 6a9bacfb647a4c961d51439a
[2026-09-05 11:19:36] [INFO] Update request received for service ID: 6a9bad6f647a4c961d51439c
[2026-09-05 11:19:36] [INFO] Service updated successfully for ID: 6a9bad6f647a4c961d51439c
[2026-09-05 11:19:41] [INFO] Fetching services for specific customer ID: 6a9bacfb647a4c961d51439a
[2026-09-05 11:19:41] [INFO] Successfully retrieved 1 services for customer ID: 6a9bacfb647a4c961d51439a
[2026-09-05 11:19:41] [INFO] Fetching services for specific customer ID: 6a9bacfb647a4c961d51439a
[2026-09-05 11:19:41] [INFO] Successfully retrieved 1 services for customer ID: 6a9bacfb647a4c961d51439a
[2026-09-05 11:22:13] [INFO] INFO
[2026-09-05 11:22:13] [INFO] INFO
[2026-09-05 11:22:14] [INFO] INFO
[2026-09-05 11:22:14] [INFO] INFO
[2026-09-05 11:23:04] [INFO] Customer booking created successfully for: Manikandan (Room: 103)
[2026-09-05 11:23:04] [INFO] INFO
[2026-09-05 11:23:04] [INFO] INFO
[2026-09-05 11:23:04] [INFO] INFO
[2026-09-05 11:23:12] [INFO] Food service added successfully for customer 6a9bae40647a4c961d51439d: Chicken Parotta (Qty: 1)
[2026-09-05 11:23:13] [INFO] Fetching services for specific customer ID: 6a9bae40647a4c961d51439d
[2026-09-05 11:23:13] [INFO] INFO
[2026-09-05 11:23:13] [INFO] Successfully retrieved 0 services for customer ID: 6a9bae40647a4c961d51439d
[2026-09-05 11:23:13] [INFO] Fetching services for specific customer ID: 6a9bae40647a4c961d51439d
[2026-09-05 11:23:13] [INFO] INFO
[2026-09-05 11:23:13] [INFO] Successfully retrieved 0 services for customer ID: 6a9bae40647a4c961d51439d
[2026-09-05 11:23:20] [INFO] Add extra service request received.
[2026-09-05 11:23:20] [INFO] Extra service added successfully with ID: 6a9bae50647a4c961d51439f for customer: 6a9bae40647a4c961d51439d
[2026-09-05 11:23:21] [INFO] Update request received for service ID: 6a9bae50647a4c961d51439f
[2026-09-05 11:23:21] [INFO] Service updated successfully for ID: 6a9bae50647a4c961d51439f
[2026-09-05 11:23:26] [INFO] Fetching services for specific customer ID: 6a9bae40647a4c961d51439d
[2026-09-05 11:23:26] [INFO] Successfully retrieved 1 services for customer ID: 6a9bae40647a4c961d51439d
[2026-09-05 11:23:26] [INFO] Fetching services for specific customer ID: 6a9bae40647a4c961d51439d
[2026-09-05 11:23:26] [INFO] Successfully retrieved 1 services for customer ID: 6a9bae40647a4c961d51439d
[2026-09-05 11:34:20] [INFO] INFO
[2026-09-05 11:34:20] [INFO] INFO
[2026-09-05 11:37:54] [INFO] INFO
[2026-09-05 11:37:54] [INFO] INFO
[2026-09-05 11:38:04] [INFO] Fetching services for specific customer ID: 6a9bae40647a4c961d51439d
[2026-09-05 11:38:04] [INFO] Successfully retrieved 1 services for customer ID: 6a9bae40647a4c961d51439d
[2026-09-05 11:38:04] [INFO] Fetching services for specific customer ID: 6a9bae40647a4c961d51439d
[2026-09-05 11:38:04] [INFO] Successfully retrieved 1 services for customer ID: 6a9bae40647a4c961d51439d
[2026-09-05 11:52:01] [INFO] Fetching services for specific customer ID: 6a9bae40647a4c961d51439d
[2026-09-05 11:52:02] [INFO] Successfully retrieved 1 services for customer ID: 6a9bae40647a4c961d51439d
[2026-09-05 11:52:02] [INFO] Fetching services for specific customer ID: 6a9bae40647a4c961d51439d
[2026-09-05 11:52:02] [INFO] Successfully retrieved 1 services for customer ID: 6a9bae40647a4c961d51439d
[2026-09-05 11:57:03] [INFO] INFO
[2026-09-05 11:57:03] [INFO] INFO
[2026-09-05 11:57:05] [INFO] Fetching services for specific customer ID: 6a9bae40647a4c961d51439d
[2026-09-05 11:57:06] [INFO] Successfully retrieved 1 services for customer ID: 6a9bae40647a4c961d51439d
[2026-09-05 11:57:06] [INFO] Fetching services for specific customer ID: 6a9bae40647a4c961d51439d
[2026-09-05 11:57:06] [INFO] Successfully retrieved 1 services for customer ID: 6a9bae40647a4c961d51439d
[2026-09-05 12:08:04] [INFO] INFO
[2026-09-05 12:08:04] [INFO] INFO
[2026-09-05 12:08:10] [INFO] Fetching services for specific customer ID: 6a9bae40647a4c961d51439d
[2026-09-05 12:08:10] [INFO] Successfully retrieved 1 services for customer ID: 6a9bae40647a4c961d51439d
[2026-09-05 12:08:10] [INFO] Fetching services for specific customer ID: 6a9bae40647a4c961d51439d
[2026-09-05 12:08:10] [INFO] Successfully retrieved 1 services for customer ID: 6a9bae40647a4c961d51439d
[2026-09-05 12:16:38] [INFO] INFO
[2026-09-05 12:16:38] [INFO] INFO
[2026-09-05 12:17:08] [INFO] INFO
[2026-09-05 12:17:08] [INFO] INFO
[2026-09-05 12:18:14] [INFO] Fetching services for specific customer ID: 6a9bae40647a4c961d51439d
[2026-09-05 12:18:14] [INFO] Successfully retrieved 1 services for customer ID: 6a9bae40647a4c961d51439d
[2026-09-05 12:18:14] [INFO] Fetching services for specific customer ID: 6a9bae40647a4c961d51439d
[2026-09-05 12:18:14] [INFO] Successfully retrieved 1 services for customer ID: 6a9bae40647a4c961d51439d
[2026-09-05 12:23:18] [INFO] Fetching services for specific customer ID: 6a9bae40647a4c961d51439d
[2026-09-05 12:23:18] [INFO] Successfully retrieved 1 services for customer ID: 6a9bae40647a4c961d51439d
[2026-09-05 12:23:30] [INFO] Fetching services for specific customer ID: 6a9bae40647a4c961d51439d
[2026-09-05 12:23:30] [INFO] Successfully retrieved 1 services for customer ID: 6a9bae40647a4c961d51439d
[2026-09-05 12:23:30] [INFO] Fetching services for specific customer ID: 6a9bae40647a4c961d51439d
[2026-09-05 12:23:30] [INFO] Successfully retrieved 1 services for customer ID: 6a9bae40647a4c961d51439d
[2026-09-05 12:28:21] [INFO] INFO
[2026-09-05 12:28:21] [INFO] INFO
[2026-09-05 12:28:45] [INFO] INFO
[2026-09-05 12:28:45] [INFO] INFO
[2026-09-05 12:28:59] [INFO] INFO
[2026-09-05 12:28:59] [INFO] INFO
[2026-09-05 12:29:03] [INFO] INFO
[2026-09-05 12:29:03] [INFO] INFO
[2026-09-05 12:29:41] [INFO] INFO
[2026-09-05 12:29:41] [INFO] INFO
[2026-09-05 12:29:41] [INFO] INFO
[2026-09-05 12:29:41] [INFO] INFO
[2026-09-05 12:29:59] [INFO] INFO
[2026-09-05 12:29:59] [INFO] INFO
[2026-09-05 12:30:16] [INFO] INFO
[2026-09-05 12:30:16] [INFO] INFO
[2026-09-05 12:30:26] [INFO] Fetching services for specific customer ID: 6a9bae40647a4c961d51439d
[2026-09-05 12:30:26] [INFO] Successfully retrieved 1 services for customer ID: 6a9bae40647a4c961d51439d
[2026-09-05 12:30:26] [INFO] Fetching services for specific customer ID: 6a9bae40647a4c961d51439d
[2026-09-05 12:30:26] [INFO] Successfully retrieved 1 services for customer ID: 6a9bae40647a4c961d51439d
[2026-09-05 12:40:00] [INFO] INFO
[2026-09-05 12:40:00] [INFO] INFO
[2026-09-05 12:40:04] [INFO] Fetching services for specific customer ID: 6a9bae40647a4c961d51439d
[2026-09-05 12:40:04] [INFO] Successfully retrieved 1 services for customer ID: 6a9bae40647a4c961d51439d
[2026-09-05 12:40:04] [INFO] Fetching services for specific customer ID: 6a9bae40647a4c961d51439d
[2026-09-05 12:40:04] [INFO] Successfully retrieved 1 services for customer ID: 6a9bae40647a4c961d51439d
[2026-09-05 12:40:42] [INFO] Fetching services for specific customer ID: 6a9bae40647a4c961d51439d
[2026-09-05 12:40:42] [INFO] Successfully retrieved 1 services for customer ID: 6a9bae40647a4c961d51439d
[2026-09-05 12:40:42] [INFO] Fetching services for specific customer ID: 6a9bae40647a4c961d51439d
[2026-09-05 12:40:43] [INFO] Successfully retrieved 1 services for customer ID: 6a9bae40647a4c961d51439d
[2026-09-05 12:44:13] [INFO] INFO
[2026-09-05 12:44:13] [INFO] INFO
[2026-09-05 12:44:21] [INFO] Fetching services for specific customer ID: 6a9bae40647a4c961d51439d
[2026-09-05 12:44:21] [INFO] Successfully retrieved 1 services for customer ID: 6a9bae40647a4c961d51439d
[2026-09-05 12:44:21] [INFO] Fetching services for specific customer ID: 6a9bae40647a4c961d51439d
[2026-09-05 12:44:21] [INFO] Successfully retrieved 1 services for customer ID: 6a9bae40647a4c961d51439d
[2026-09-05 12:44:35] [INFO] Fetching services for specific customer ID: 6a9bae40647a4c961d51439d
[2026-09-05 12:44:35] [INFO] Successfully retrieved 1 services for customer ID: 6a9bae40647a4c961d51439d
[2026-09-05 12:44:35] [INFO] Fetching services for specific customer ID: 6a9bae40647a4c961d51439d
[2026-09-05 12:44:35] [INFO] Successfully retrieved 1 services for customer ID: 6a9bae40647a4c961d51439d
[2026-09-05 12:45:10] [INFO] Fetching services for specific customer ID: 6a9bae40647a4c961d51439d
[2026-09-05 12:45:10] [INFO] Successfully retrieved 1 services for customer ID: 6a9bae40647a4c961d51439d
[2026-09-05 12:45:10] [INFO] Fetching services for specific customer ID: 6a9bae40647a4c961d51439d
[2026-09-05 12:45:10] [INFO] Successfully retrieved 1 services for customer ID: 6a9bae40647a4c961d51439d
[2026-09-05 12:46:42] [INFO] INFO
[2026-09-05 12:46:43] [INFO] INFO
[2026-09-05 12:46:45] [INFO] Fetching services for specific customer ID: 6a9bae40647a4c961d51439d
[2026-09-05 12:46:45] [INFO] Successfully retrieved 1 services for customer ID: 6a9bae40647a4c961d51439d
[2026-09-05 12:46:45] [INFO] Fetching services for specific customer ID: 6a9bae40647a4c961d51439d
[2026-09-05 12:46:45] [INFO] Successfully retrieved 1 services for customer ID: 6a9bae40647a4c961d51439d
[2026-09-05 12:48:50] [INFO] [Logger] Running log cleanup check. Retention limit: 30 days.
[2026-09-05 12:48:50] [INFO] [Logger] Cleanup completed. No expired log files found.
[2026-09-05 12:48:50] [INFO] [Logger] Automated log cleanup scheduler started (runs every 24 hours).
[2026-09-05 12:48:50] [INFO] [Server] Server started and listening on port 5000
[2026-09-05 12:48:50] [INFO] [Database] MongoDB Connected successfully: 76.13.244.61
[2026-09-05 12:48:50] [INFO] Admin user already exists
[2026-09-05 12:48:50] [INFO] INFO
[2026-09-05 12:48:51] [INFO] INFO
[2026-09-05 12:48:51] [INFO] INFO
[2026-09-05 12:48:53] [INFO] Fetching services for specific customer ID: 6a9bae40647a4c961d51439d
[2026-09-05 12:48:53] [INFO] Successfully retrieved 1 services for customer ID: 6a9bae40647a4c961d51439d
[2026-09-05 12:48:53] [INFO] Fetching services for specific customer ID: 6a9bae40647a4c961d51439d
[2026-09-05 12:48:53] [INFO] Successfully retrieved 1 services for customer ID: 6a9bae40647a4c961d51439d
[2026-09-05 12:49:34] [INFO] Fetching services for specific customer ID: 6a9bae40647a4c961d51439d
[2026-09-05 12:49:34] [INFO] Successfully retrieved 1 services for customer ID: 6a9bae40647a4c961d51439d
[2026-09-05 12:49:34] [INFO] Fetching services for specific customer ID: 6a9bae40647a4c961d51439d
[2026-09-05 12:49:34] [INFO] Successfully retrieved 1 services for customer ID: 6a9bae40647a4c961d51439d
[2026-09-05 12:53:11] [INFO] INFO
[2026-09-05 12:53:11] [INFO] INFO
[2026-09-05 12:53:17] [INFO] INFO
[2026-09-05 12:53:17] [INFO] INFO
[2026-09-05 12:53:20] [INFO] Fetching services for specific customer ID: 6a9bae40647a4c961d51439d
[2026-09-05 12:53:20] [INFO] Successfully retrieved 1 services for customer ID: 6a9bae40647a4c961d51439d
[2026-09-05 12:53:20] [INFO] Fetching services for specific customer ID: 6a9bae40647a4c961d51439d
[2026-09-05 12:53:20] [INFO] Successfully retrieved 1 services for customer ID: 6a9bae40647a4c961d51439d
[2026-09-05 12:58:39] [INFO] [Logger] Running log cleanup check. Retention limit: 30 days.
[2026-09-05 12:58:39] [INFO] [Logger] Cleanup completed. No expired log files found.
[2026-09-05 12:58:39] [INFO] [Logger] Automated log cleanup scheduler started (runs every 24 hours).
[2026-09-05 12:58:39] [INFO] [Server] Server started and listening on port 5000
[2026-09-05 12:58:39] [INFO] [Database] MongoDB Connected successfully: 76.13.244.61
[2026-09-05 12:58:39] [INFO] Admin user already exists
[2026-09-05 12:58:58] [INFO] [Logger] Running log cleanup check. Retention limit: 30 days.
[2026-09-05 12:58:58] [INFO] [Logger] Cleanup completed. No expired log files found.
[2026-09-05 12:58:58] [INFO] [Logger] Automated log cleanup scheduler started (runs every 24 hours).
[2026-09-05 12:58:58] [INFO] [Server] Server started and listening on port 5000
[2026-09-05 12:58:58] [INFO] [Database] MongoDB Connected successfully: 76.13.244.61
[2026-09-05 12:58:58] [INFO] Admin user already exists
[2026-09-05 12:59:09] [INFO] INFO
[2026-09-05 12:59:09] [INFO] INFO
[2026-09-05 12:59:13] [INFO] Fetching services for specific customer ID: 6a9bae40647a4c961d51439d
[2026-09-05 12:59:13] [INFO] Successfully retrieved 1 services for customer ID: 6a9bae40647a4c961d51439d
[2026-09-05 12:59:13] [INFO] Fetching services for specific customer ID: 6a9bae40647a4c961d51439d
[2026-09-05 12:59:13] [INFO] Successfully retrieved 1 services for customer ID: 6a9bae40647a4c961d51439d
[2026-09-05 13:01:01] [INFO] Fetching services for specific customer ID: 6a9bae40647a4c961d51439d
[2026-09-05 13:01:01] [INFO] Successfully retrieved 1 services for customer ID: 6a9bae40647a4c961d51439d
[2026-09-05 13:01:01] [INFO] Fetching services for specific customer ID: 6a9bae40647a4c961d51439d
[2026-09-05 13:01:01] [INFO] Successfully retrieved 1 services for customer ID: 6a9bae40647a4c961d51439d
[2026-09-05 13:03:41] [INFO] [Logger] Running log cleanup check. Retention limit: 30 days.
[2026-09-05 13:03:41] [INFO] [Logger] Cleanup completed. No expired log files found.
[2026-09-05 13:03:41] [INFO] [Logger] Automated log cleanup scheduler started (runs every 24 hours).
[2026-09-05 13:03:41] [INFO] [Server] Server started and listening on port 5000
[2026-09-05 13:03:42] [INFO] [Database] MongoDB Connected successfully: 76.13.244.61
[2026-09-05 13:03:42] [INFO] Admin user already exists
[2026-09-05 13:03:45] [INFO] [Logger] Running log cleanup check. Retention limit: 30 days.
[2026-09-05 13:03:45] [INFO] [Logger] Cleanup completed. No expired log files found.
[2026-09-05 13:03:45] [INFO] [Logger] Automated log cleanup scheduler started (runs every 24 hours).
[2026-09-05 13:03:45] [INFO] [Server] Server started and listening on port 5000
[2026-09-05 13:03:45] [INFO] [Database] MongoDB Connected successfully: 76.13.244.61
[2026-09-05 13:03:46] [INFO] Admin user already exists
[2026-09-05 13:04:05] [INFO] [Logger] Running log cleanup check. Retention limit: 30 days.
[2026-09-05 13:04:05] [INFO] [Logger] Cleanup completed. No expired log files found.
[2026-09-05 13:04:05] [INFO] [Logger] Automated log cleanup scheduler started (runs every 24 hours).
[2026-09-05 13:04:05] [INFO] [Server] Server started and listening on port 5000
[2026-09-05 13:04:06] [INFO] [Database] MongoDB Connected successfully: 76.13.244.61
[2026-09-05 13:04:06] [INFO] Admin user already exists
[2026-09-05 13:05:35] [INFO] [Logger] Running log cleanup check. Retention limit: 30 days.
[2026-09-05 13:05:35] [INFO] [Logger] Cleanup completed. No expired log files found.
[2026-09-05 13:05:35] [INFO] [Logger] Automated log cleanup scheduler started (runs every 24 hours).
[2026-09-05 13:05:35] [INFO] [Server] Server started and listening on port 5000
[2026-09-05 13:05:35] [INFO] [Database] MongoDB Connected successfully: 76.13.244.61
[2026-09-05 13:05:36] [INFO] Admin user already exists
[2026-09-05 13:05:43] [INFO] INFO
[2026-09-05 13:05:43] [INFO] INFO
[2026-09-05 13:05:45] [INFO] Fetching services for specific customer ID: 6a9bae40647a4c961d51439d
[2026-09-05 13:05:46] [INFO] Successfully retrieved 1 services for customer ID: 6a9bae40647a4c961d51439d
[2026-09-05 13:05:46] [INFO] Fetching services for specific customer ID: 6a9bae40647a4c961d51439d
[2026-09-05 13:05:46] [INFO] Successfully retrieved 1 services for customer ID: 6a9bae40647a4c961d51439d
[2026-09-05 13:31:06] [INFO] INFO
[2026-09-05 13:31:06] [INFO] INFO
[2026-09-05 13:31:33] [INFO] INFO
[2026-09-05 13:31:33] [INFO] INFO
[2026-09-05 13:31:39] [INFO] INFO
[2026-09-05 13:31:39] [INFO] INFO
[2026-09-05 13:31:40] [INFO] INFO
[2026-09-05 13:31:40] [INFO] INFO
[2026-09-05 13:31:44] [INFO] Fetching services for specific customer ID: 6a9bae40647a4c961d51439d
[2026-09-05 13:31:44] [INFO] Successfully retrieved 1 services for customer ID: 6a9bae40647a4c961d51439d
[2026-09-05 13:31:44] [INFO] Fetching services for specific customer ID: 6a9bae40647a4c961d51439d
[2026-09-05 13:31:44] [INFO] Successfully retrieved 1 services for customer ID: 6a9bae40647a4c961d51439d
[2026-09-05 13:35:21] [INFO] INFO
[2026-09-05 13:35:21] [INFO] INFO
[2026-09-05 13:35:25] [INFO] INFO
[2026-09-05 13:35:25] [INFO] INFO
[2026-09-05 13:35:25] [INFO] INFO
[2026-09-05 13:35:25] [INFO] INFO
[2026-09-05 13:35:28] [INFO] INFO
[2026-09-05 13:35:28] [INFO] INFO
[2026-09-05 13:50:35] [INFO] Customer record deleted successfully: 6a9bae40647a4c961d51439d
[2026-09-05 13:50:42] [INFO] INFO
[2026-09-05 13:50:42] [INFO] INFO
[2026-09-05 13:50:43] [INFO] INFO
[2026-09-05 13:50:44] [INFO] INFO
[2026-09-05 13:51:41] [INFO] Customer booking created successfully for: Manikandan (Room: 104)
[2026-09-05 13:51:41] [INFO] INFO
[2026-09-05 13:51:41] [INFO] INFO
[2026-09-05 13:51:41] [INFO] INFO
[2026-09-05 13:51:51] [INFO] Fetching services for specific customer ID: 6a9bd11502479d150f35fea3
[2026-09-05 13:51:51] [INFO] Successfully retrieved 0 services for customer ID: 6a9bd11502479d150f35fea3
[2026-09-05 13:51:51] [INFO] INFO
[2026-09-05 13:51:51] [INFO] Fetching services for specific customer ID: 6a9bd11502479d150f35fea3
[2026-09-05 13:51:51] [INFO] INFO
[2026-09-05 13:51:51] [INFO] Successfully retrieved 0 services for customer ID: 6a9bd11502479d150f35fea3
[2026-09-05 13:51:54] [INFO] Add extra service request received.
[2026-09-05 13:51:54] [INFO] Extra service added successfully with ID: 6a9bd12202479d150f35fea4 for customer: 6a9bd11502479d150f35fea3
[2026-09-05 13:51:55] [INFO] Update request received for service ID: 6a9bd12202479d150f35fea4
[2026-09-05 13:51:55] [INFO] Service updated successfully for ID: 6a9bd12202479d150f35fea4
[2026-09-05 13:52:10] [INFO] Fetching services for specific customer ID: 6a9bd11502479d150f35fea3
[2026-09-05 13:52:10] [INFO] Successfully retrieved 1 services for customer ID: 6a9bd11502479d150f35fea3
[2026-09-05 13:52:10] [INFO] Fetching services for specific customer ID: 6a9bd11502479d150f35fea3
[2026-09-05 13:52:10] [INFO] Successfully retrieved 1 services for customer ID: 6a9bd11502479d150f35fea3
[2026-09-05 14:03:14] [INFO] INFO
[2026-09-05 14:03:14] [INFO] INFO
[2026-09-05 14:03:18] [INFO] INFO
[2026-09-05 14:03:18] [INFO] INFO
[2026-09-05 14:05:16] [INFO] [Logger] Running log cleanup check. Retention limit: 30 days.
[2026-09-05 14:05:16] [INFO] [Logger] Cleanup completed. No expired log files found.
[2026-09-05 14:05:16] [INFO] [Logger] Automated log cleanup scheduler started (runs every 24 hours).
[2026-09-05 14:05:16] [INFO] [Server] Server started and listening on port 5000
[2026-09-05 14:05:16] [INFO] [Database] MongoDB Connected successfully: 76.13.244.61
[2026-09-05 14:05:16] [INFO] Admin user already exists
[2026-09-05 14:07:10] [INFO] [Logger] Running log cleanup check. Retention limit: 30 days.
[2026-09-05 14:07:10] [INFO] [Logger] Cleanup completed. No expired log files found.
[2026-09-05 14:07:10] [INFO] [Logger] Automated log cleanup scheduler started (runs every 24 hours).
[2026-09-05 14:07:10] [INFO] [Server] Server started and listening on port 5000
[2026-09-05 14:07:10] [INFO] [Database] MongoDB Connected successfully: 76.13.244.61
[2026-09-05 14:07:10] [INFO] Admin user already exists
[2026-09-05 14:07:16] [INFO] [Logger] Running log cleanup check. Retention limit: 30 days.
[2026-09-05 14:07:16] [INFO] [Logger] Cleanup completed. No expired log files found.
[2026-09-05 14:07:16] [INFO] [Logger] Automated log cleanup scheduler started (runs every 24 hours).
[2026-09-05 14:07:16] [INFO] [Server] Server started and listening on port 5000
[2026-09-05 14:07:16] [INFO] [Database] MongoDB Connected successfully: 76.13.244.61
[2026-09-05 14:07:17] [INFO] Admin user already exists
[2026-09-05 14:07:32] [INFO] [Logger] Running log cleanup check. Retention limit: 30 days.
[2026-09-05 14:07:32] [INFO] [Logger] Cleanup completed. No expired log files found.
[2026-09-05 14:07:32] [INFO] [Logger] Automated log cleanup scheduler started (runs every 24 hours).
[2026-09-05 14:07:32] [INFO] [Server] Server started and listening on port 5000
[2026-09-05 14:07:32] [INFO] [Database] MongoDB Connected successfully: 76.13.244.61
[2026-09-05 14:07:32] [INFO] Admin user already exists
[2026-09-05 14:07:39] [INFO] [Logger] Running log cleanup check. Retention limit: 30 days.
[2026-09-05 14:07:39] [INFO] [Logger] Cleanup completed. No expired log files found.
[2026-09-05 14:07:39] [INFO] [Logger] Automated log cleanup scheduler started (runs every 24 hours).
[2026-09-05 14:07:39] [INFO] [Server] Server started and listening on port 5000
[2026-09-05 14:07:39] [INFO] [Database] MongoDB Connected successfully: 76.13.244.61
[2026-09-05 14:07:39] [INFO] Admin user already exists
[2026-09-05 14:07:45] [INFO] [Logger] Running log cleanup check. Retention limit: 30 days.
[2026-09-05 14:07:45] [INFO] [Logger] Cleanup completed. No expired log files found.
[2026-09-05 14:07:45] [INFO] [Logger] Automated log cleanup scheduler started (runs every 24 hours).
[2026-09-05 14:07:45] [INFO] [Server] Server started and listening on port 5000
[2026-09-05 14:07:45] [INFO] [Database] MongoDB Connected successfully: 76.13.244.61
[2026-09-05 14:07:46] [INFO] Admin user already exists
[2026-09-05 14:07:49] [INFO] [Logger] Running log cleanup check. Retention limit: 30 days.
[2026-09-05 14:07:49] [INFO] [Logger] Cleanup completed. No expired log files found.
[2026-09-05 14:07:49] [INFO] [Logger] Automated log cleanup scheduler started (runs every 24 hours).
[2026-09-05 14:07:49] [INFO] [Server] Server started and listening on port 5000
[2026-09-05 14:07:49] [INFO] [Database] MongoDB Connected successfully: 76.13.244.61
[2026-09-05 14:07:49] [INFO] Admin user already exists
[2026-09-05 14:08:57] [INFO] [Logger] Running log cleanup check. Retention limit: 30 days.
[2026-09-05 14:08:57] [INFO] [Logger] Cleanup completed. No expired log files found.
[2026-09-05 14:08:57] [INFO] [Logger] Automated log cleanup scheduler started (runs every 24 hours).
[2026-09-05 14:08:57] [INFO] [Server] Server started and listening on port 5000
[2026-09-05 14:08:58] [INFO] [Database] MongoDB Connected successfully: 76.13.244.61
[2026-09-05 14:08:58] [INFO] Admin user already exists
[2026-09-05 14:09:04] [INFO] [Logger] Running log cleanup check. Retention limit: 30 days.
[2026-09-05 14:09:04] [INFO] [Logger] Cleanup completed. No expired log files found.
[2026-09-05 14:09:04] [INFO] [Logger] Automated log cleanup scheduler started (runs every 24 hours).
[2026-09-05 14:09:04] [INFO] [Server] Server started and listening on port 5000
[2026-09-05 14:09:04] [INFO] [Database] MongoDB Connected successfully: 76.13.244.61
[2026-09-05 14:09:04] [INFO] Admin user already exists
[2026-09-05 14:09:07] [INFO] [Logger] Running log cleanup check. Retention limit: 30 days.
[2026-09-05 14:09:07] [INFO] [Logger] Cleanup completed. No expired log files found.
[2026-09-05 14:09:07] [INFO] [Logger] Automated log cleanup scheduler started (runs every 24 hours).
[2026-09-05 14:09:07] [INFO] [Server] Server started and listening on port 5000
[2026-09-05 14:09:07] [INFO] [Database] MongoDB Connected successfully: 76.13.244.61
[2026-09-05 14:09:08] [INFO] Admin user already exists
[2026-09-05 14:10:45] [INFO] [Logger] Running log cleanup check. Retention limit: 30 days.
[2026-09-05 14:10:45] [INFO] [Logger] Cleanup completed. No expired log files found.
[2026-09-05 14:10:45] [INFO] [Logger] Automated log cleanup scheduler started (runs every 24 hours).
[2026-09-05 14:10:45] [INFO] [Server] Server started and listening on port 5000
[2026-09-05 14:10:45] [INFO] [Database] MongoDB Connected successfully: 76.13.244.61
[2026-09-05 14:10:45] [INFO] Admin user already exists
[2026-09-05 14:19:05] [INFO] INFO
[2026-09-05 14:19:06] [INFO] INFO
[2026-09-05 14:19:39] [INFO] [Logger] Running log cleanup check. Retention limit: 30 days.
[2026-09-05 14:19:39] [INFO] [Logger] Cleanup completed. No expired log files found.
[2026-09-05 14:19:39] [INFO] [Logger] Automated log cleanup scheduler started (runs every 24 hours).
[2026-09-05 14:19:39] [INFO] [Server] Server started and listening on port 5000
[2026-09-05 14:19:39] [INFO] [Database] MongoDB Connected successfully: 76.13.244.61
[2026-09-05 14:19:39] [INFO] Admin user already exists
[2026-09-05 14:21:08] [INFO] [Logger] Running log cleanup check. Retention limit: 30 days.
[2026-09-05 14:21:08] [INFO] [Logger] Cleanup completed. No expired log files found.
[2026-09-05 14:21:08] [INFO] [Logger] Automated log cleanup scheduler started (runs every 24 hours).
[2026-09-05 14:21:08] [INFO] [Server] Server started and listening on port 5000
[2026-09-05 14:21:08] [INFO] [Database] MongoDB Connected successfully: 76.13.244.61
[2026-09-05 14:21:08] [INFO] Admin user already exists
[2026-09-05 14:25:53] [INFO] INFO
[2026-09-05 14:25:53] [INFO] INFO
[2026-09-05 14:25:55] [INFO] INFO
[2026-09-05 14:25:55] [INFO] INFO
[2026-09-05 14:25:56] [INFO] INFO
[2026-09-05 14:25:56] [INFO] INFO
[2026-09-05 14:26:19] [INFO] Fetching services for specific customer ID: 6a9bd11502479d150f35fea3
[2026-09-05 14:26:19] [INFO] Successfully retrieved 1 services for customer ID: 6a9bd11502479d150f35fea3
[2026-09-05 14:26:19] [INFO] Fetching services for specific customer ID: 6a9bd11502479d150f35fea3
[2026-09-05 14:26:19] [INFO] Successfully retrieved 1 services for customer ID: 6a9bd11502479d150f35fea3
[2026-09-05 14:33:16] [INFO] INFO
[2026-09-05 14:33:16] [INFO] INFO
[2026-09-05 14:33:29] [INFO] [Logger] Running log cleanup check. Retention limit: 30 days.
[2026-09-05 14:33:29] [INFO] [Logger] Cleanup completed. No expired log files found.
[2026-09-05 14:33:29] [INFO] [Logger] Automated log cleanup scheduler started (runs every 24 hours).
[2026-09-05 14:33:29] [INFO] [Server] Server started and listening on port 5000
[2026-09-05 14:33:29] [INFO] [Database] MongoDB Connected successfully: 76.13.244.61
[2026-09-05 14:33:29] [INFO] Admin user already exists
[2026-09-05 14:33:42] [INFO] INFO
[2026-09-05 14:33:42] [INFO] INFO
[2026-09-05 14:33:43] [INFO] INFO
[2026-09-05 14:33:44] [INFO] INFO
[2026-09-05 14:33:44] [INFO] INFO
[2026-09-05 14:33:44] [INFO] INFO
[2026-09-05 14:33:49] [INFO] INFO
[2026-09-05 14:33:49] [INFO] INFO
[2026-09-05 14:33:57] [INFO] Fetching services for specific customer ID: 6a9bd11502479d150f35fea3
[2026-09-05 14:33:57] [INFO] Successfully retrieved 1 services for customer ID: 6a9bd11502479d150f35fea3
[2026-09-05 14:33:57] [INFO] Fetching services for specific customer ID: 6a9bd11502479d150f35fea3
[2026-09-05 14:33:57] [INFO] Successfully retrieved 1 services for customer ID: 6a9bd11502479d150f35fea3
[2026-09-05 14:35:59] [INFO] Invoice created successfully: INV-1788599159183
[2026-09-05 14:52:00] [INFO] INFO
[2026-09-05 14:52:00] [INFO] INFO
[2026-09-05 14:52:06] [INFO] Fetching services for specific customer ID: 6a9bd11502479d150f35fea3
[2026-09-05 14:52:06] [INFO] INFO
[2026-09-05 14:52:06] [INFO] Successfully retrieved 1 services for customer ID: 6a9bd11502479d150f35fea3
[2026-09-05 14:52:06] [INFO] Fetching services for specific customer ID: 6a9bd11502479d150f35fea3
[2026-09-05 14:52:06] [INFO] INFO
[2026-09-05 14:52:06] [INFO] Successfully retrieved 1 services for customer ID: 6a9bd11502479d150f35fea3
[2026-09-05 14:52:08] [INFO] Add extra service request received.
[2026-09-05 14:52:08] [INFO] Extra service added successfully with ID: 6a9bdf40ac24cc75bf2142bc for customer: 6a9bd11502479d150f35fea3
[2026-09-05 14:52:10] [INFO] Update request received for service ID: 6a9bdf40ac24cc75bf2142bc
[2026-09-05 14:52:10] [INFO] Service updated successfully for ID: 6a9bdf40ac24cc75bf2142bc
[2026-09-05 14:52:16] [INFO] Food service added successfully for customer 6a9bd11502479d150f35fea3: Chicken Biryani (Qty: 1)
[2026-09-05 14:52:16] [INFO] Food service added successfully for customer 6a9bd11502479d150f35fea3: Chicken Parotta (Qty: 1)
[2026-09-05 14:52:17] [INFO] Fetching services for specific customer ID: 6a9bd11502479d150f35fea3
[2026-09-05 14:52:17] [INFO] INFO
[2026-09-05 14:52:17] [INFO] Successfully retrieved 2 services for customer ID: 6a9bd11502479d150f35fea3
[2026-09-05 14:52:17] [INFO] Fetching services for specific customer ID: 6a9bd11502479d150f35fea3
[2026-09-05 14:52:17] [INFO] INFO
[2026-09-05 14:52:17] [INFO] Successfully retrieved 2 services for customer ID: 6a9bd11502479d150f35fea3
[2026-09-05 14:52:33] [INFO] Fetching services for specific customer ID: 6a9bd11502479d150f35fea3
[2026-09-05 14:52:33] [INFO] Successfully retrieved 2 services for customer ID: 6a9bd11502479d150f35fea3
[2026-09-05 14:52:33] [INFO] Fetching services for specific customer ID: 6a9bd11502479d150f35fea3
[2026-09-05 14:52:33] [INFO] Successfully retrieved 2 services for customer ID: 6a9bd11502479d150f35fea3
[2026-09-05 14:52:42] [INFO] Invoice created successfully: INV-1788600162324
[2026-09-05 14:52:54] [INFO] INFO
[2026-09-05 14:52:54] [INFO] INFO
[2026-09-05 14:53:00] [INFO] INFO
[2026-09-05 14:53:00] [INFO] INFO
[2026-09-05 14:53:17] [INFO] Invoice deleted successfully: 6a9bdb77ac24cc75bf2142bb
[2026-09-05 14:59:30] [INFO] Invoice deleted successfully: 6a9bdf62ac24cc75bf2142bf
[2026-09-05 14:59:42] [INFO] INFO
[2026-09-05 14:59:42] [INFO] INFO
[2026-09-05 14:59:48] [INFO] Food service added successfully for customer 6a9bd11502479d150f35fea3: Chicken Biryani (Qty: 1)
[2026-09-05 14:59:48] [INFO] Food service added successfully for customer 6a9bd11502479d150f35fea3: Chicken Parotta (Qty: 1)
[2026-09-05 14:59:49] [INFO] Fetching services for specific customer ID: 6a9bd11502479d150f35fea3
[2026-09-05 14:59:49] [INFO] INFO
[2026-09-05 14:59:49] [INFO] Successfully retrieved 2 services for customer ID: 6a9bd11502479d150f35fea3
[2026-09-05 14:59:49] [INFO] Fetching services for specific customer ID: 6a9bd11502479d150f35fea3
[2026-09-05 14:59:49] [INFO] INFO
[2026-09-05 14:59:49] [INFO] Successfully retrieved 2 services for customer ID: 6a9bd11502479d150f35fea3
[2026-09-05 14:59:52] [INFO] Add extra service request received.
[2026-09-05 14:59:52] [INFO] Extra service added successfully with ID: 6a9be110ac24cc75bf2142c2 for customer: 6a9bd11502479d150f35fea3
[2026-09-05 14:59:53] [INFO] Update request received for service ID: 6a9be110ac24cc75bf2142c2
[2026-09-05 14:59:53] [INFO] Service updated successfully for ID: 6a9be110ac24cc75bf2142c2
[2026-09-05 15:00:05] [INFO] Fetching services for specific customer ID: 6a9bd11502479d150f35fea3
[2026-09-05 15:00:05] [INFO] Successfully retrieved 3 services for customer ID: 6a9bd11502479d150f35fea3
[2026-09-05 15:00:05] [INFO] Fetching services for specific customer ID: 6a9bd11502479d150f35fea3
[2026-09-05 15:00:05] [INFO] Successfully retrieved 3 services for customer ID: 6a9bd11502479d150f35fea3
[2026-09-05 15:00:09] [INFO] Invoice created successfully: INV-1788600609520
[2026-09-05 15:01:39] [INFO] INFO
[2026-09-05 15:01:39] [INFO] INFO
[2026-09-05 15:07:29] [INFO] Invoice deleted successfully: 6a9be121ac24cc75bf2142c3
[2026-09-05 15:07:43] [INFO] INFO
[2026-09-05 15:07:43] [INFO] INFO
[2026-09-05 15:07:47] [INFO] Fetching services for specific customer ID: 6a9bd11502479d150f35fea3
[2026-09-05 15:07:47] [INFO] Successfully retrieved 3 services for customer ID: 6a9bd11502479d150f35fea3
[2026-09-05 15:07:47] [INFO] Fetching services for specific customer ID: 6a9bd11502479d150f35fea3
[2026-09-05 15:07:47] [INFO] Successfully retrieved 3 services for customer ID: 6a9bd11502479d150f35fea3
[2026-09-05 15:07:52] [INFO] Invoice created successfully: INV-1788601072353
[2026-09-05 15:10:16] [INFO] Invoice deleted successfully: 6a9be2f0ac24cc75bf2142c4
[2026-09-05 15:11:02] [INFO] INFO
[2026-09-05 15:11:02] [INFO] INFO
[2026-09-05 15:11:05] [INFO] Fetching services for specific customer ID: 6a9bd11502479d150f35fea3
[2026-09-05 15:11:05] [INFO] Successfully retrieved 3 services for customer ID: 6a9bd11502479d150f35fea3
[2026-09-05 15:11:05] [INFO] Fetching services for specific customer ID: 6a9bd11502479d150f35fea3
[2026-09-05 15:11:05] [INFO] Successfully retrieved 3 services for customer ID: 6a9bd11502479d150f35fea3
[2026-09-05 15:11:52] [INFO] Invoice created successfully: INV-1788601312804
[2026-09-05 15:22:05] [INFO] INFO
[2026-09-05 15:22:05] [INFO] INFO
[2026-09-05 15:22:14] [INFO] Fetching services for specific customer ID: 6a9bd11502479d150f35fea3
[2026-09-05 15:22:14] [INFO] Successfully retrieved 3 services for customer ID: 6a9bd11502479d150f35fea3
[2026-09-05 15:22:14] [INFO] Fetching services for specific customer ID: 6a9bd11502479d150f35fea3
[2026-09-05 15:22:14] [INFO] Successfully retrieved 3 services for customer ID: 6a9bd11502479d150f35fea3
[2026-09-05 15:22:20] [INFO] Invoice created successfully: INV-1788601940184
[2026-09-05 15:30:12] [INFO] Invoice deleted successfully: 6a9be654ac24cc75bf2142c6
[2026-09-05 15:30:35] [INFO] INFO
[2026-09-05 15:30:35] [INFO] INFO
[2026-09-05 15:30:35] [INFO] INFO
[2026-09-05 15:30:36] [INFO] INFO
[2026-09-05 15:30:54] [INFO] Fetching services for specific customer ID: 6a9bd11502479d150f35fea3
[2026-09-05 15:30:54] [INFO] Successfully retrieved 3 services for customer ID: 6a9bd11502479d150f35fea3
[2026-09-05 15:30:54] [INFO] Fetching services for specific customer ID: 6a9bd11502479d150f35fea3
[2026-09-05 15:30:54] [INFO] Successfully retrieved 3 services for customer ID: 6a9bd11502479d150f35fea3
[2026-09-05 15:31:19] [INFO] Invoice created successfully: INV-1788602479617
[2026-09-05 15:40:19] [INFO] Invoice deleted successfully: 6a9be86fac24cc75bf2142c7
[2026-09-05 15:40:37] [INFO] INFO
[2026-09-05 15:40:37] [INFO] INFO
[2026-09-05 15:40:41] [INFO] Fetching services for specific customer ID: 6a9bd11502479d150f35fea3
[2026-09-05 15:40:41] [INFO] Successfully retrieved 3 services for customer ID: 6a9bd11502479d150f35fea3
[2026-09-05 15:40:41] [INFO] Fetching services for specific customer ID: 6a9bd11502479d150f35fea3
[2026-09-05 15:40:41] [INFO] Successfully retrieved 3 services for customer ID: 6a9bd11502479d150f35fea3
[2026-09-05 15:40:45] [INFO] Invoice created successfully: INV-1788603045496
[2026-09-05 15:43:41] [INFO] INFO
[2026-09-05 15:43:41] [INFO] INFO
[2026-09-05 15:43:44] [INFO] Fetching services for specific customer ID: 6a9bd11502479d150f35fea3
[2026-09-05 15:43:44] [INFO] Successfully retrieved 3 services for customer ID: 6a9bd11502479d150f35fea3
[2026-09-05 15:43:44] [INFO] Fetching services for specific customer ID: 6a9bd11502479d150f35fea3
[2026-09-05 15:43:44] [INFO] Successfully retrieved 3 services for customer ID: 6a9bd11502479d150f35fea3
[2026-09-05 15:43:48] [INFO] Invoice created successfully: INV-1788603228293
[2026-09-05 15:44:45] [INFO] INFO
[2026-09-05 15:44:45] [INFO] INFO
[2026-09-05 15:44:46] [INFO] INFO
[2026-09-05 15:44:46] [INFO] INFO
[2026-09-05 15:44:54] [INFO] INFO
[2026-09-05 15:44:54] [INFO] INFO
[2026-09-05 15:45:00] [INFO] INFO
[2026-09-05 15:45:00] [INFO] INFO
[2026-09-05 15:45:00] [INFO] INFO
[2026-09-05 15:45:03] [INFO] INFO
[2026-09-05 15:45:03] [INFO] INFO
[2026-09-05 15:45:03] [INFO] INFO
[2026-09-05 15:45:06] [INFO] INFO
[2026-09-05 15:45:06] [INFO] INFO
[2026-09-05 15:45:06] [INFO] INFO
[2026-09-05 15:45:09] [INFO] INFO
[2026-09-05 15:45:09] [INFO] INFO
[2026-09-05 15:45:09] [INFO] INFO
[2026-09-05 15:45:12] [INFO] INFO
[2026-09-05 15:45:12] [INFO] INFO
[2026-09-05 15:45:13] [INFO] INFO
[2026-09-05 15:45:13] [INFO] INFO
[2026-09-05 15:45:51] [INFO] INFO
[2026-09-05 15:45:51] [INFO] INFO
[2026-09-05 15:45:51] [INFO] INFO
[2026-09-05 15:45:54] [INFO] INFO
[2026-09-05 15:45:54] [INFO] INFO
[2026-09-05 15:45:55] [INFO] INFO
[2026-09-05 15:45:55] [INFO] INFO
[2026-09-05 15:45:56] [INFO] INFO
[2026-09-05 15:45:56] [INFO] INFO
[2026-09-05 15:45:56] [INFO] INFO
[2026-09-05 15:45:56] [INFO] INFO
[2026-09-05 15:46:46] [INFO] INFO
[2026-09-05 15:46:46] [INFO] INFO
[2026-09-05 15:46:54] [INFO] Fetching services for specific customer ID: 6a9bd11502479d150f35fea3
[2026-09-05 15:46:54] [INFO] Successfully retrieved 3 services for customer ID: 6a9bd11502479d150f35fea3
[2026-09-05 15:46:54] [INFO] Fetching services for specific customer ID: 6a9bd11502479d150f35fea3
[2026-09-05 15:46:54] [INFO] Successfully retrieved 3 services for customer ID: 6a9bd11502479d150f35fea3
[2026-09-05 15:46:57] [INFO] Invoice created successfully: INV-1788603417415
[2026-09-05 15:47:19] [INFO] Invoice deleted successfully: 6a9beb5cac24cc75bf2142c9
[2026-09-05 15:48:47] [INFO] INFO
[2026-09-05 15:48:47] [INFO] INFO
[2026-09-05 15:48:48] [INFO] INFO
[2026-09-05 15:48:48] [INFO] INFO
[2026-09-05 15:49:32] [INFO] Customer booking created successfully for: JayamWeb Madhavan (Room: 101)
[2026-09-05 15:49:32] [INFO] INFO
[2026-09-05 15:49:32] [INFO] INFO
[2026-09-05 15:49:32] [INFO] INFO
[2026-09-05 15:50:00] [INFO] INFO
[2026-09-05 15:50:00] [INFO] INFO
[2026-09-05 15:50:05] [INFO] Fetching services for specific customer ID: 6a9becb4ac24cc75bf2142cb
[2026-09-05 15:50:05] [INFO] Successfully retrieved 0 services for customer ID: 6a9becb4ac24cc75bf2142cb
[2026-09-05 15:50:05] [INFO] Fetching services for specific customer ID: 6a9becb4ac24cc75bf2142cb
[2026-09-05 15:50:05] [INFO] Successfully retrieved 0 services for customer ID: 6a9becb4ac24cc75bf2142cb
[2026-09-05 15:50:08] [INFO] Invoice created successfully: INV-1788603608878
[2026-09-05 16:01:57] [INFO] [Logger] Running log cleanup check. Retention limit: 30 days.
[2026-09-05 16:01:57] [INFO] [Logger] Cleanup completed. No expired log files found.
[2026-09-05 16:01:57] [INFO] [Logger] Automated log cleanup scheduler started (runs every 24 hours).
[2026-09-05 16:01:57] [INFO] [Server] Server started and listening on port 5000
[2026-09-05 16:01:57] [INFO] [Database] MongoDB Connected successfully: 76.13.244.61
[2026-09-05 16:01:58] [INFO] Admin user already exists
[2026-09-05 16:02:09] [INFO] [Logger] Running log cleanup check. Retention limit: 30 days.
[2026-09-05 16:02:09] [INFO] [Logger] Cleanup completed. No expired log files found.
[2026-09-05 16:02:09] [INFO] [Logger] Automated log cleanup scheduler started (runs every 24 hours).
[2026-09-05 16:02:09] [INFO] [Server] Server started and listening on port 5000
[2026-09-05 16:02:09] [INFO] [Database] MongoDB Connected successfully: 76.13.244.61
[2026-09-05 16:02:09] [INFO] Admin user already exists
[2026-09-05 16:02:32] [INFO] INFO
[2026-09-05 16:02:32] [INFO] INFO
[2026-09-05 16:02:33] [INFO] INFO
[2026-09-05 16:02:33] [INFO] INFO
[2026-09-05 16:03:37] [INFO] Customer booking created successfully for: Manikandan (Room: 103)
[2026-09-05 16:03:37] [INFO] INFO
[2026-09-05 16:03:37] [INFO] INFO
[2026-09-05 16:03:37] [INFO] INFO
[2026-09-05 16:03:48] [INFO] INFO
[2026-09-05 16:03:48] [INFO] INFO
[2026-09-05 16:03:52] [INFO] Fetching services for specific customer ID: 6a9bf0014f5c96b1e3c986cf
[2026-09-05 16:03:52] [INFO] Successfully retrieved 0 services for customer ID: 6a9bf0014f5c96b1e3c986cf
[2026-09-05 16:03:52] [INFO] INFO
[2026-09-05 16:03:52] [INFO] Fetching services for specific customer ID: 6a9bf0014f5c96b1e3c986cf
[2026-09-05 16:03:52] [INFO] Successfully retrieved 0 services for customer ID: 6a9bf0014f5c96b1e3c986cf
[2026-09-05 16:03:52] [INFO] INFO
[2026-09-05 16:03:54] [INFO] Add extra service request received.
[2026-09-05 16:03:54] [INFO] Extra service added successfully with ID: 6a9bf0124f5c96b1e3c986d0 for customer: 6a9bf0014f5c96b1e3c986cf
[2026-09-05 16:03:59] [INFO] Food service added successfully for customer 6a9bf0014f5c96b1e3c986cf: Chicken Biryani (Qty: 1)
[2026-09-05 16:03:59] [INFO] Food service added successfully for customer 6a9bf0014f5c96b1e3c986cf: Rajma Chawal (Qty: 1)
[2026-09-05 16:04:09] [INFO] Fetching services for specific customer ID: 6a9bf0014f5c96b1e3c986cf
[2026-09-05 16:04:09] [INFO] Successfully retrieved 1 services for customer ID: 6a9bf0014f5c96b1e3c986cf
[2026-09-05 16:04:09] [INFO] Fetching services for specific customer ID: 6a9bf0014f5c96b1e3c986cf
[2026-09-05 16:04:09] [INFO] Successfully retrieved 1 services for customer ID: 6a9bf0014f5c96b1e3c986cf
[2026-09-05 16:04:13] [INFO] Invoice created successfully: INV-1788604453895
[2026-09-05 16:10:29] [INFO] [Logger] Running log cleanup check. Retention limit: 30 days.
[2026-09-05 16:10:29] [INFO] [Logger] Cleanup completed. No expired log files found.
[2026-09-05 16:10:29] [INFO] [Logger] Automated log cleanup scheduler started (runs every 24 hours).
[2026-09-05 16:10:29] [INFO] [Server] Server started and listening on port 5000
[2026-09-05 16:10:29] [INFO] [Database] MongoDB Connected successfully: 76.13.244.61
[2026-09-05 16:10:29] [INFO] Admin user already exists
[2026-09-05 16:26:33] [INFO] [Logger] Running log cleanup check. Retention limit: 30 days.
[2026-09-05 16:26:33] [INFO] [Logger] Cleanup completed. No expired log files found.
[2026-09-05 16:26:33] [INFO] [Logger] Automated log cleanup scheduler started (runs every 24 hours).
[2026-09-05 16:26:33] [INFO] [Server] Server started and listening on port 5000
[2026-09-05 16:26:33] [INFO] [Database] MongoDB Connected successfully: 76.13.244.61
[2026-09-05 16:26:34] [INFO] Admin user already exists
[2026-09-05 16:26:40] [INFO] INFO
[2026-09-05 16:26:40] [INFO] INFO
[2026-09-05 16:26:49] [INFO] Fetching services for specific customer ID: 6a9bf0014f5c96b1e3c986cf
[2026-09-05 16:26:49] [INFO] Successfully retrieved 1 services for customer ID: 6a9bf0014f5c96b1e3c986cf
[2026-09-05 16:26:49] [INFO] Fetching services for specific customer ID: 6a9bf0014f5c96b1e3c986cf
[2026-09-05 16:26:49] [INFO] Successfully retrieved 1 services for customer ID: 6a9bf0014f5c96b1e3c986cf
[2026-09-05 16:26:56] [ERROR] Error creating invoice: Path "year" is not in schema, strict mode is `true`, and upsert is `true`.
[2026-09-05 16:34:04] [INFO] [Logger] Running log cleanup check. Retention limit: 30 days.
[2026-09-05 16:34:04] [INFO] [Logger] Cleanup completed. No expired log files found.
[2026-09-05 16:34:04] [INFO] [Logger] Automated log cleanup scheduler started (runs every 24 hours).
[2026-09-05 16:34:04] [INFO] [Server] Server started and listening on port 5000
[2026-09-05 16:34:04] [INFO] [Database] MongoDB Connected successfully: 76.13.244.61
[2026-09-05 16:34:04] [INFO] Admin user already exists
[2026-09-05 16:34:09] [INFO] [Logger] Running log cleanup check. Retention limit: 30 days.
[2026-09-05 16:34:09] [INFO] [Logger] Cleanup completed. No expired log files found.
[2026-09-05 16:34:09] [INFO] [Logger] Automated log cleanup scheduler started (runs every 24 hours).
[2026-09-05 16:34:09] [INFO] [Server] Server started and listening on port 5000
[2026-09-05 16:34:09] [INFO] [Database] MongoDB Connected successfully: 76.13.244.61
[2026-09-05 16:34:10] [INFO] Admin user already exists
[2026-09-05 16:34:28] [INFO] [Logger] Running log cleanup check. Retention limit: 30 days.
[2026-09-05 16:34:28] [INFO] [Logger] Cleanup completed. No expired log files found.
[2026-09-05 16:34:28] [INFO] [Logger] Automated log cleanup scheduler started (runs every 24 hours).
[2026-09-05 16:34:28] [INFO] [Server] Server started and listening on port 5000
[2026-09-05 16:34:28] [INFO] [Database] MongoDB Connected successfully: 76.13.244.61
[2026-09-05 16:34:29] [INFO] Admin user already exists
[2026-09-05 16:34:46] [INFO] [Logger] Running log cleanup check. Retention limit: 30 days.
[2026-09-05 16:34:46] [INFO] [Logger] Cleanup completed. No expired log files found.
[2026-09-05 16:34:46] [INFO] [Logger] Automated log cleanup scheduler started (runs every 24 hours).
[2026-09-05 16:34:46] [INFO] [Server] Server started and listening on port 5000
[2026-09-05 16:34:47] [INFO] [Database] MongoDB Connected successfully: 76.13.244.61
[2026-09-05 16:34:47] [INFO] Admin user already exists
[2026-09-05 16:35:00] [INFO] INFO
[2026-09-05 16:35:00] [INFO] INFO
[2026-09-05 16:35:11] [INFO] Fetching services for specific customer ID: 6a9bf0014f5c96b1e3c986cf
[2026-09-05 16:35:11] [INFO] Successfully retrieved 1 services for customer ID: 6a9bf0014f5c96b1e3c986cf
[2026-09-05 16:35:11] [INFO] Fetching services for specific customer ID: 6a9bf0014f5c96b1e3c986cf
[2026-09-05 16:35:11] [INFO] Successfully retrieved 1 services for customer ID: 6a9bf0014f5c96b1e3c986cf
[2026-09-05 16:35:18] [INFO] Invoice created successfully: INV-2026-000001
[2026-09-05 16:47:33] [INFO] Invoice deleted successfully: 6a9bf76ea0d8fcc30e76cc08
[2026-09-05 16:48:00] [INFO] INFO
[2026-09-05 16:48:00] [INFO] INFO
[2026-09-05 17:01:06] [INFO] [Logger] Running log cleanup check. Retention limit: 30 days.
[2026-09-05 17:01:06] [INFO] [Logger] Cleanup completed. No expired log files found.
[2026-09-05 17:01:06] [INFO] [Logger] Automated log cleanup scheduler started (runs every 24 hours).
[2026-09-05 17:01:06] [INFO] [Server] Server started and listening on port 5000
[2026-09-05 17:01:07] [INFO] [Database] MongoDB Connected successfully: 76.13.244.61
[2026-09-05 17:01:07] [INFO] Admin user already exists
[2026-09-05 17:01:26] [INFO] [Logger] Running log cleanup check. Retention limit: 30 days.
[2026-09-05 17:01:26] [INFO] [Logger] Cleanup completed. No expired log files found.
[2026-09-05 17:01:26] [INFO] [Logger] Automated log cleanup scheduler started (runs every 24 hours).
[2026-09-05 17:01:26] [INFO] [Server] Server started and listening on port 5000
[2026-09-05 17:01:26] [INFO] [Database] MongoDB Connected successfully: 76.13.244.61
[2026-09-05 17:01:26] [INFO] Admin user already exists
[2026-09-05 17:01:38] [INFO] INFO
[2026-09-05 17:01:38] [INFO] INFO
[2026-09-05 17:02:02] [INFO] INFO
[2026-09-05 17:02:02] [INFO] INFO
[2026-09-05 17:02:30] [INFO] [Logger] Running log cleanup check. Retention limit: 30 days.
[2026-09-05 17:02:30] [INFO] [Logger] Cleanup completed. No expired log files found.
[2026-09-05 17:02:30] [INFO] [Logger] Automated log cleanup scheduler started (runs every 24 hours).
[2026-09-05 17:02:30] [INFO] [Server] Server started and listening on port 5000
[2026-09-05 17:02:30] [INFO] [Database] MongoDB Connected successfully: 76.13.244.61
[2026-09-05 17:02:30] [INFO] Admin user already exists
[2026-09-05 17:02:32] [INFO] INFO
[2026-09-05 17:02:32] [INFO] INFO
[2026-09-05 17:05:02] [INFO] Fetching services for specific customer ID: 6a9bf0014f5c96b1e3c986cf
[2026-09-05 17:05:02] [INFO] Successfully retrieved 1 services for customer ID: 6a9bf0014f5c96b1e3c986cf
[2026-09-05 17:05:02] [INFO] Fetching services for specific customer ID: 6a9bf0014f5c96b1e3c986cf
[2026-09-05 17:05:02] [INFO] Successfully retrieved 1 services for customer ID: 6a9bf0014f5c96b1e3c986cf
[2026-09-05 17:05:17] [INFO] Fetching services for specific customer ID: 6a9bf0014f5c96b1e3c986cf
[2026-09-05 17:05:18] [INFO] Successfully retrieved 1 services for customer ID: 6a9bf0014f5c96b1e3c986cf
[2026-09-05 17:05:18] [INFO] Fetching services for specific customer ID: 6a9bf0014f5c96b1e3c986cf
[2026-09-05 17:05:18] [INFO] Successfully retrieved 1 services for customer ID: 6a9bf0014f5c96b1e3c986cf
[2026-09-05 17:06:03] [INFO] Fetching services for specific customer ID: 6a9bf0014f5c96b1e3c986cf
[2026-09-05 17:06:03] [INFO] Successfully retrieved 1 services for customer ID: 6a9bf0014f5c96b1e3c986cf
[2026-09-05 17:06:03] [INFO] Fetching services for specific customer ID: 6a9bf0014f5c96b1e3c986cf
[2026-09-05 17:06:03] [INFO] Successfully retrieved 1 services for customer ID: 6a9bf0014f5c96b1e3c986cf
[2026-09-05 17:06:46] [INFO] Fetching services for specific customer ID: 6a9bf0014f5c96b1e3c986cf
[2026-09-05 17:06:46] [INFO] Successfully retrieved 1 services for customer ID: 6a9bf0014f5c96b1e3c986cf
[2026-09-05 17:06:46] [INFO] Fetching services for specific customer ID: 6a9bf0014f5c96b1e3c986cf
[2026-09-05 17:06:46] [INFO] Successfully retrieved 1 services for customer ID: 6a9bf0014f5c96b1e3c986cf
[2026-09-05 17:09:57] [INFO] INFO
[2026-09-05 17:09:57] [INFO] INFO
[2026-09-05 17:12:20] [INFO] Fetching services for specific customer ID: 6a9bf0014f5c96b1e3c986cf
[2026-09-05 17:12:20] [INFO] Successfully retrieved 1 services for customer ID: 6a9bf0014f5c96b1e3c986cf
[2026-09-05 17:12:20] [INFO] Fetching services for specific customer ID: 6a9bf0014f5c96b1e3c986cf
[2026-09-05 17:12:20] [INFO] Successfully retrieved 1 services for customer ID: 6a9bf0014f5c96b1e3c986cf
[2026-09-05 17:14:27] [INFO] Invoice created successfully: INV-2026-000002
[2026-09-05 17:38:41] [INFO] [Logger] Running log cleanup check. Retention limit: 30 days.
[2026-09-05 17:38:41] [INFO] [Logger] Cleanup completed. No expired log files found.
[2026-09-05 17:38:41] [INFO] [Logger] Automated log cleanup scheduler started (runs every 24 hours).
[2026-09-05 17:38:41] [INFO] [Server] Server started and listening on port 5000
[2026-09-05 17:38:41] [INFO] [Database] MongoDB Connected successfully: 76.13.244.61
[2026-09-05 17:38:42] [INFO] Admin user already exists
[2026-09-05 18:05:56] [INFO] [Logger] Running log cleanup check. Retention limit: 30 days.
[2026-09-05 18:05:56] [INFO] [Logger] Cleanup completed. No expired log files found.
[2026-09-05 18:05:56] [INFO] [Logger] Automated log cleanup scheduler started (runs every 24 hours).
[2026-09-05 18:05:56] [INFO] [Server] Server started and listening on port 3024
[2026-09-05 18:05:56] [INFO] [Database] MongoDB Connected successfully: 76.13.244.61
[2026-09-05 18:05:56] [INFO] Admin user already exists
[2026-09-05 18:18:46] [INFO] [Logger] Running log cleanup check. Retention limit: 30 days.
[2026-09-05 18:18:46] [INFO] [Logger] Cleanup completed. No expired log files found.
[2026-09-05 18:18:46] [INFO] [Logger] Automated log cleanup scheduler started (runs every 24 hours).
[2026-09-05 18:18:46] [INFO] [Server] Server started and listening on port 3024
[2026-09-05 18:18:47] [INFO] [Database] MongoDB Connected successfully: 76.13.244.61
[2026-09-05 18:18:47] [INFO] Admin user already exists
[2026-09-05 18:23:59] [INFO] [Logger] Running log cleanup check. Retention limit: 30 days.
[2026-09-05 18:23:59] [INFO] [Logger] Cleanup completed. No expired log files found.
[2026-09-05 18:23:59] [INFO] [Logger] Automated log cleanup scheduler started (runs every 24 hours).
[2026-09-05 18:23:59] [INFO] [Server] Server started and listening on port 3024
[2026-09-05 18:23:59] [INFO] [Database] MongoDB Connected successfully: 76.13.244.61
[2026-09-05 18:23:59] [INFO] Admin user already exists
[2026-09-05 18:51:53] [INFO] [Logger] Running log cleanup check. Retention limit: 30 days.
[2026-09-05 18:51:53] [INFO] [Logger] Cleanup completed. No expired log files found.
[2026-09-05 18:51:53] [INFO] [Logger] Automated log cleanup scheduler started (runs every 24 hours).
[2026-09-05 18:51:53] [INFO] [Server] Server started and listening on port 3024
[2026-09-05 18:51:53] [INFO] [Database] MongoDB Connected successfully: 76.13.244.61
[2026-09-05 18:51:54] [INFO] Admin user already exists
[2026-09-05 19:15:07] [INFO] [Logger] Running log cleanup check. Retention limit: 30 days.
[2026-09-05 19:15:07] [INFO] [Logger] Cleanup completed. No expired log files found.
[2026-09-05 19:15:07] [INFO] [Logger] Automated log cleanup scheduler started (runs every 24 hours).
[2026-09-05 19:15:07] [INFO] [Server] Server started and listening on port 3024
[2026-09-05 19:15:07] [INFO] [Database] MongoDB Connected successfully: 76.13.244.61
[2026-09-05 19:15:07] [INFO] Admin user already exists
[2026-09-05 19:21:28] [INFO] [Logger] Running log cleanup check. Retention limit: 30 days.
[2026-09-05 19:21:28] [INFO] [Logger] Cleanup completed. No expired log files found.
[2026-09-05 19:21:28] [INFO] [Logger] Automated log cleanup scheduler started (runs every 24 hours).
[2026-09-05 19:21:28] [INFO] [Server] Server started and listening on port 3024
[2026-09-05 19:21:28] [INFO] [Database] MongoDB Connected successfully: 76.13.244.61
[2026-09-05 19:21:28] [INFO] Admin user already exists
[2026-09-05 19:35:48] [INFO] [Logger] Running log cleanup check. Retention limit: 30 days.
[2026-09-05 19:35:48] [INFO] [Logger] Cleanup completed. No expired log files found.
[2026-09-05 19:35:48] [INFO] [Logger] Automated log cleanup scheduler started (runs every 24 hours).
[2026-09-05 19:35:48] [INFO] [Server] Server started and listening on port 3024
[2026-09-05 19:35:48] [INFO] [Database] MongoDB Connected successfully: 76.13.244.61
[2026-09-05 19:35:48] [INFO] Admin user already exists
